Archive member included to satisfy reference by file (symbol)

c:/program files (x86)/arm gnu toolchain arm-none-eabi/12.2 mpacbti-rel1/bin/../lib/gcc/arm-none-eabi/12.2.1/thumb/v7e-m+fp/hard\libgcc.a(_arm_muldf3.o)
                              ./src/MCAL/SYSTICK/SYSTICK_prg.o (__aeabi_dmul)
c:/program files (x86)/arm gnu toolchain arm-none-eabi/12.2 mpacbti-rel1/bin/../lib/gcc/arm-none-eabi/12.2.1/thumb/v7e-m+fp/hard\libgcc.a(_arm_addsubdf3.o)
                              ./src/MCAL/SYSTICK/SYSTICK_prg.o (__aeabi_ui2d)
c:/program files (x86)/arm gnu toolchain arm-none-eabi/12.2 mpacbti-rel1/bin/../lib/gcc/arm-none-eabi/12.2.1/thumb/v7e-m+fp/hard\libgcc.a(_arm_fixunsdfsi.o)
                              ./src/MCAL/SYSTICK/SYSTICK_prg.o (__aeabi_d2uiz)
c:/program files (x86)/arm gnu toolchain arm-none-eabi/12.2 mpacbti-rel1/bin/../lib/gcc/arm-none-eabi/12.2.1/thumb/v7e-m+fp/hard\libg_nano.a(libc_a-vsnprintf.o)
                              ./system/src/diag/Trace.o (vsnprintf)
c:/program files (x86)/arm gnu toolchain arm-none-eabi/12.2 mpacbti-rel1/bin/../lib/gcc/arm-none-eabi/12.2.1/thumb/v7e-m+fp/hard\libg_nano.a(libc_a-memcmp.o)
                              ./src/APP/Yatzy/game_prg.o (memcmp)
c:/program files (x86)/arm gnu toolchain arm-none-eabi/12.2 mpacbti-rel1/bin/../lib/gcc/arm-none-eabi/12.2.1/thumb/v7e-m+fp/hard\libg_nano.a(libc_a-memset.o)
                              ./src/APP/HEXPARSER/HEXPARSER_prog.o (memset)
c:/program files (x86)/arm gnu toolchain arm-none-eabi/12.2 mpacbti-rel1/bin/../lib/gcc/arm-none-eabi/12.2.1/thumb/v7e-m+fp/hard\libg_nano.a(libc_a-impure.o)
                              c:/program files (x86)/arm gnu toolchain arm-none-eabi/12.2 mpacbti-rel1/bin/../lib/gcc/arm-none-eabi/12.2.1/thumb/v7e-m+fp/hard\libg_nano.a(libc_a-vsnprintf.o) (_impure_ptr)
c:/program files (x86)/arm gnu toolchain arm-none-eabi/12.2 mpacbti-rel1/bin/../lib/gcc/arm-none-eabi/12.2.1/thumb/v7e-m+fp/hard\libg_nano.a(libc_a-errno.o)
                              ./system/src/newlib/_sbrk.o (__errno)
c:/program files (x86)/arm gnu toolchain arm-none-eabi/12.2 mpacbti-rel1/bin/../lib/gcc/arm-none-eabi/12.2.1/thumb/v7e-m+fp/hard\libg_nano.a(libc_a-strlen.o)
                              ./system/src/diag/Trace.o (strlen)
c:/program files (x86)/arm gnu toolchain arm-none-eabi/12.2 mpacbti-rel1/bin/../lib/gcc/arm-none-eabi/12.2.1/thumb/v7e-m+fp/hard\libg_nano.a(libc_a-nano-svfprintf.o)
                              c:/program files (x86)/arm gnu toolchain arm-none-eabi/12.2 mpacbti-rel1/bin/../lib/gcc/arm-none-eabi/12.2.1/thumb/v7e-m+fp/hard\libg_nano.a(libc_a-vsnprintf.o) (_svfprintf_r)
c:/program files (x86)/arm gnu toolchain arm-none-eabi/12.2 mpacbti-rel1/bin/../lib/gcc/arm-none-eabi/12.2.1/thumb/v7e-m+fp/hard\libg_nano.a(libc_a-nano-vfprintf_i.o)
                              c:/program files (x86)/arm gnu toolchain arm-none-eabi/12.2 mpacbti-rel1/bin/../lib/gcc/arm-none-eabi/12.2.1/thumb/v7e-m+fp/hard\libg_nano.a(libc_a-nano-svfprintf.o) (_printf_i)
c:/program files (x86)/arm gnu toolchain arm-none-eabi/12.2 mpacbti-rel1/bin/../lib/gcc/arm-none-eabi/12.2.1/thumb/v7e-m+fp/hard\libg_nano.a(libc_a-memmove.o)
                              c:/program files (x86)/arm gnu toolchain arm-none-eabi/12.2 mpacbti-rel1/bin/../lib/gcc/arm-none-eabi/12.2.1/thumb/v7e-m+fp/hard\libg_nano.a(libc_a-nano-svfprintf.o) (memmove)
c:/program files (x86)/arm gnu toolchain arm-none-eabi/12.2 mpacbti-rel1/bin/../lib/gcc/arm-none-eabi/12.2.1/thumb/v7e-m+fp/hard\libg_nano.a(libc_a-memchr.o)
                              c:/program files (x86)/arm gnu toolchain arm-none-eabi/12.2 mpacbti-rel1/bin/../lib/gcc/arm-none-eabi/12.2.1/thumb/v7e-m+fp/hard\libg_nano.a(libc_a-nano-svfprintf.o) (memchr)
c:/program files (x86)/arm gnu toolchain arm-none-eabi/12.2 mpacbti-rel1/bin/../lib/gcc/arm-none-eabi/12.2.1/thumb/v7e-m+fp/hard\libg_nano.a(libc_a-memcpy-stub.o)
                              c:/program files (x86)/arm gnu toolchain arm-none-eabi/12.2 mpacbti-rel1/bin/../lib/gcc/arm-none-eabi/12.2.1/thumb/v7e-m+fp/hard\libg_nano.a(libc_a-nano-svfprintf.o) (memcpy)
c:/program files (x86)/arm gnu toolchain arm-none-eabi/12.2 mpacbti-rel1/bin/../lib/gcc/arm-none-eabi/12.2.1/thumb/v7e-m+fp/hard\libg_nano.a(libc_a-freer.o)
                              c:/program files (x86)/arm gnu toolchain arm-none-eabi/12.2 mpacbti-rel1/bin/../lib/gcc/arm-none-eabi/12.2.1/thumb/v7e-m+fp/hard\libg_nano.a(libc_a-nano-svfprintf.o) (_free_r)
c:/program files (x86)/arm gnu toolchain arm-none-eabi/12.2 mpacbti-rel1/bin/../lib/gcc/arm-none-eabi/12.2.1/thumb/v7e-m+fp/hard\libg_nano.a(libc_a-mallocr.o)
                              c:/program files (x86)/arm gnu toolchain arm-none-eabi/12.2 mpacbti-rel1/bin/../lib/gcc/arm-none-eabi/12.2.1/thumb/v7e-m+fp/hard\libg_nano.a(libc_a-nano-svfprintf.o) (_malloc_r)
c:/program files (x86)/arm gnu toolchain arm-none-eabi/12.2 mpacbti-rel1/bin/../lib/gcc/arm-none-eabi/12.2.1/thumb/v7e-m+fp/hard\libg_nano.a(libc_a-mlock.o)
[...]
Memory Configuration

Name             Origin             Length             Attributes
RAM              0x20000000         0x00010000         xrw
CCMRAM           0x10000000         0x00000000         xrw
FLASH            0x08008000         0x00038000         xr
FLASHB1          0x00000000         0x00000000         xr
EXTMEMB0         0x00000000         0x00000000         xr
EXTMEMB1         0x00000000         0x00000000         xr
EXTMEMB2         0x00000000         0x00000000         xr
EXTMEMB3         0x00000000         0x00000000         xr
*default*        0x00000000         0xffffffff

Linker script and memory map

LOAD ./system/src/stm32f4-hal/stm32f4xx_hal.o
LOAD ./system/src/stm32f4-hal/stm32f4xx_hal_cortex.o
LOAD ./system/src/stm32f4-hal/stm32f4xx_hal_dfsdm.o
LOAD ./system/src/stm32f4-hal/stm32f4xx_hal_flash.o
LOAD ./system/src/stm32f4-hal/stm32f4xx_hal_gpio.o
LOAD ./system/src/stm32f4-hal/stm32f4xx_hal_iwdg.o
LOAD ./system/src/stm32f4-hal/stm32f4xx_hal_pwr.o
LOAD ./system/src/stm32f4-hal/stm32f4xx_hal_rcc.o
LOAD ./system/src/newlib/_cxx.o
LOAD ./system/src/newlib/_exit.o
LOAD ./system/src/newlib/_sbrk.o
LOAD ./system/src/newlib/_startup.o
LOAD ./system/src/newlib/_syscalls.o
LOAD ./system/src/newlib/assert.o
LOAD ./system/src/diag/Trace.o
LOAD ./system/src/diag/trace_impl.o
LOAD ./system/src/cortexm/_initialize_hardware.o
LOAD ./system/src/cortexm/_reset_hardware.o
LOAD ./system/src/cortexm/exception_handlers.o
LOAD ./system/src/cmsis/system_stm32f4xx.o
LOAD ./system/src/cmsis/vectors_stm32f401xc.o
LOAD ./src/OS/OS_prg.o
LOAD ./src/MCAL/USART/USART_prg.o
LOAD ./src/MCAL/SYSTICK/SYSTICK_prg.o
LOAD ./src/MCAL/SYSCFG/SYSCFG_prg.o
LOAD ./src/MCAL/SPI/SPI_prog.o
LOAD ./src/MCAL/RCC/RCC_prg.o
LOAD ./src/MCAL/NVIC/NVIC_prg.o
LOAD ./src/MCAL/GPIO/GPIO_prg.o
LOAD ./src/MCAL/FMI/FMI_prg.o
LOAD ./src/MCAL/EXTI/EXTI_prg.o
LOAD ./src/HAL/TFT/TFT_prg.o
LOAD ./src/HAL/SEG7/SEG7_prg.o
LOAD ./src/HAL/S2P/S2P_prog.o
LOAD ./src/HAL/OTA_LED/OTA_LED_prg.o
LOAD ./src/HAL/LEDMATRIX/LEDMATRIX_prg.o
LOAD ./src/HAL/IR/IR_decode.o
LOAD ./src/HAL/IR/IR_prg.o
LOAD ./src/HAL/ESP8266/ESP8266_prg.o
LOAD ./src/HAL/DAC/DAC_prg.o
LOAD ./src/APP/Yatzy/Animation/Yatzy_Animation_prg.o
LOAD ./src/APP/Yatzy/game_prg.o
LOAD ./src/APP/TicTacToe/Animation/TicTacToe_Animation_prg.o
LOAD ./src/APP/TicTacToe/game_prg.o
LOAD ./src/APP/SnakeAndLadder/Animation/SnakeLadder_Animation_prg.o
LOAD ./src/APP/SnakeAndLadder/game_prg.o
LOAD ./src/APP/RockPaperScissors/Animation/RPS_Animation_prg.o
LOAD ./src/APP/RockPaperScissors/game_prg.o
LOAD ./src/APP/Offline/CONNECT4.o
LOAD ./src/APP/Offline/OFFLINE_prg.o
LOAD ./src/APP/Offline/SNAKE.o
LOAD ./src/APP/Offline/TICTACTOE.o
LOAD ./src/APP/OTA/OTA_prog.o
LOAD ./src/APP/Menu/MENU_draw.o
LOAD ./src/APP/Menu/MENU_prg.o
LOAD ./src/APP/Memory/Animation/Memory_Animation_prg.o
LOAD ./src/APP/Memory/game_prg.o
LOAD ./src/APP/MathQuiz/Animation/MathQuiz_Animation_prg.o
LOAD ./src/APP/MathQuiz/game_prg.o
LOAD ./src/APP/HEXPARSER/HEXPARSER_prog.o
LOAD ./src/APP/Connect4/Animation/Connect4_Animation_prg.o
LOAD ./src/APP/Connect4/game_prg.o
LOAD ./src/APP/Common/BOARD_ANIM.o
LOAD ./src/APP/Common/FONT3x5.o
LOAD ./src/APP/Common/LOADING_ANIM.o
LOAD ./src/APP/main.o
LOAD ./src/_initialize_hardware.o
LOAD ./src/_write.o
LOAD ./src/stm32f4xx_hal_msp.o
LOAD c:/program files (x86)/arm gnu toolchain arm-none-eabi/12.2 mpacbti-rel1/bin/../lib/gcc/arm-none-eabi/12.2.1/thumb/v7e-m+fp/hard\libstdc++_nano.a
LOAD c:/program files (x86)/arm gnu toolchain arm-none-eabi/12.2 mpacbti-rel1/bin/../lib/gcc/arm-none-eabi/12.2.1/thumb/v7e-m+fp/hard\libm.a
START GROUP
LOAD c:/program files (x86)/arm gnu toolchain arm-none-eabi/12.2 mpacbti-rel1/bin/../lib/gcc/arm-none-eabi/12.2.1/thumb/v7e-m+fp/hard\libgcc.a
LOAD c:/program files (x86)/arm gnu toolchain arm-none-eabi/12.2 mpacbti-rel1/bin/../lib/gcc/arm-none-eabi/12.2.1/thumb/v7e-m+fp/hard\libg_nano.a
LOAD c:/program files (x86)/arm gnu toolchain arm-none-eabi/12.2 mpacbti-rel1/bin/../lib/gcc/arm-none-eabi/12.2.1/thumb/v7e-m+fp/hard\libc_nano.a
END GROUP
START GROUP
LOAD c:/program files (x86)/arm gnu toolchain arm-none-eabi/12.2 mpacbti-rel1/bin/../lib/gcc/arm-none-eabi/12.2.1/thumb/v7e-m+fp/hard\libgcc.a
LOAD c:/program files (x86)/arm gnu toolchain arm-none-eabi/12.2 mpacbti-rel1/bin/../lib/gcc/arm-none-eabi/12.2.1/thumb/v7e-m+fp/hard\libc_nano.a
END GROUP
                0x20010000                        __stack = (ORIGIN (RAM) + LENGTH (RAM))
                0x20010000                        _estack = __stack
                0x00000400                        __Main_Stack_Size = 0x400
                [!provide]                        PROVIDE (_Main_Stack_Size = __Main_Stack_Size)
                0x2000fc00                        __Main_Stack_Limit = (__stack - __Main_Stack_Size)
                [!provide]                        PROVIDE (_Main_Stack_Limit = __Main_Stack_Limit)
                0x00000100                        _Minimum_Stack_Size = 0x100
                0x20000e3c                        PROVIDE (_Heap_Begin = _end_noinit)
                0x2000fc00                        PROVIDE (_Heap_Limit = (__stack - __Main_Stack_Size))

.isr_vector     0x08008000      0x4fa
 FILL mask 0xff
                0x08008000                        __vectors_start = ABSOLUTE (.)
                0x08008000                        __vectors_start__ = ABSOLUTE (.)
 *(.isr_vector)
 .isr_vector    0x08008000      0x194 ./system/src/cmsis/vectors_stm32f401xc.o
                0x08008000                __isr_vectors
 *(.cfmconfig)
 *(.after_vectors .after_vectors.*)
 .after_vectors
                0x08008194      0x1d0 ./system/src/newlib/_startup.o
                0x08008194                _start
 .after_vectors
                0x08008364      0x18c ./system/src/cortexm/exception_handlers.o
                0x08008364                Reset_Handler
                0x0800836c                NMI_Handler
                0x08008376                HardFault_Handler
                0x0800838c                HardFault_Handler_C
                0x08008400                MemManage_Handler
                0x0800840a                BusFault_Handler
                0x08008420                BusFault_Handler_C
                0x08008460                UsageFault_Handler
                0x08008476                UsageFault_Handler_C
                0x080084b8                SVC_Handler
                0x080084c2                DebugMon_Handler
                0x080084cc                PendSV_Handler
 .after_vectors
                0x080084f0        0xa ./system/src/cmsis/vectors_stm32f401xc.o
                0x080084f0                RTC_Alarm_IRQHandler
                0x080084f0                SPI4_IRQHandler
                0x080084f0                TIM1_CC_IRQHandler
                0x080084f0                DMA2_Stream5_IRQHandler
                0x080084f0                DMA1_Stream5_IRQHandler
                0x080084f0                PVD_IRQHandler
                0x080084f0                SDIO_IRQHandler
                0x080084f0                TAMP_STAMP_IRQHandler
                0x080084f0                TIM1_UP_TIM10_IRQHandler
                0x080084f0                I2C3_ER_IRQHandler
                0x080084f0                I2C2_EV_IRQHandler
                0x080084f0                DMA1_Stream2_IRQHandler
                0x080084f0                FPU_IRQHandler
                0x080084f0                DMA2_Stream2_IRQHandler
                0x080084f0                SPI1_IRQHandler
                0x080084f0                TIM1_BRK_TIM9_IRQHandler
                0x080084f0                DMA2_Stream3_IRQHandler
                0x080084f0                USART6_IRQHandler
                0x080084f0                DMA2_Stream0_IRQHandler
                0x080084f0                TIM4_IRQHandler
                0x080084f0                I2C1_EV_IRQHandler
                0x080084f0                DMA1_Stream6_IRQHandler
                0x080084f0                DMA1_Stream1_IRQHandler
                0x080084f0                TIM3_IRQHandler
                0x080084f0                RCC_IRQHandler
                0x080084f0                Default_Handler
                0x080084f0                EXTI15_10_IRQHandler
                0x080084f0                ADC_IRQHandler
                0x080084f0                DMA1_Stream7_IRQHandler
                0x080084f0                TIM5_IRQHandler
                0x080084f0                DMA2_Stream7_IRQHandler
                0x080084f0                I2C3_EV_IRQHandler
                0x080084f0                RTC_WKUP_IRQHandler
                0x080084f0                SPI2_IRQHandler
                0x080084f0                DMA1_Stream0_IRQHandler
                0x080084f0                WWDG_IRQHandler
                0x080084f0                TIM2_IRQHandler
                0x080084f0                OTG_FS_WKUP_IRQHandler
                0x080084f0                TIM1_TRG_COM_TIM11_IRQHandler
                0x080084f0                USART2_IRQHandler
                0x080084f0                I2C2_ER_IRQHandler
                0x080084f0                DMA2_Stream1_IRQHandler
                0x080084f0                FLASH_IRQHandler
                0x080084f0                DMA2_Stream4_IRQHandler
                0x080084f0                OTG_FS_IRQHandler
                0x080084f0                SPI3_IRQHandler
                0x080084f0                DMA1_Stream4_IRQHandler
                0x080084f0                I2C1_ER_IRQHandler
                0x080084f0                DMA2_Stream6_IRQHandler
                0x080084f0                DMA1_Stream3_IRQHandler

.inits          0x080084fc       0x28
                0x080084fc                        __data_regions_array_start = .
                0x080084fc        0x4 LONG 0x801616c LOADADDR (.data)
                0x08008500        0x4 LONG 0x20000000 ADDR (.data)
                0x08008504        0x4 LONG 0x20000078 (ADDR (.data) + SIZEOF (.data))
                0x08008508        0x4 LONG 0x801616c LOADADDR (.data_CCMRAM)
                0x0800850c        0x4 LONG 0x10000000 ADDR (.data_CCMRAM)
                0x08008510        0x4 LONG 0x10000000 (ADDR (.data_CCMRAM) + SIZEOF (.data_CCMRAM))
                0x08008514                        __data_regions_array_end = .
                0x08008514                        __bss_regions_array_start = .
                0x08008514        0x4 LONG 0x20000078 ADDR (.bss)
                0x08008518        0x4 LONG 0x20000e3c (ADDR (.bss) + SIZEOF (.bss))
                0x0800851c        0x4 LONG 0x10000000 ADDR (.bss_CCMRAM)
                0x08008520        0x4 LONG 0x10000000 (ADDR (.bss_CCMRAM) + SIZEOF (.bss_CCMRAM))
                0x08008524                        __bss_regions_array_end = .
 *(.init)
 *(.fini)
                0x08008524                        . = ALIGN (0x4)
                0x08008524                        PROVIDE (__preinit_array_start = .)
 *(.preinit_array_sysinit .preinit_array_sysinit.*)
 *(.preinit_array_platform .preinit_array_platform.*)
 *(.preinit_array .preinit_array.*)
                0x08008524                        PROVIDE (__preinit_array_end = .)
                0x08008524                        . = ALIGN (0x4)
                0x08008524                        PROVIDE (__init_array_start = .)
 *(SORT_BY_NAME(.init_array.*))
 *(.init_array)
                0x08008524                        PROVIDE (__init_array_end = .)
                0x08008524                        . = ALIGN (0x4)
                0x08008524                        PROVIDE (__fini_array_start = .)
 *(SORT_BY_NAME(.fini_array.*))
 *(.fini_array)
                0x08008524                        PROVIDE (__fini_array_end = .)

.flashtext
 *(.flashtext .flashtext.*)

.text           0x08008530     0xdc34
 *(.text .text.*)
 .text.HAL_Init
                0x08008530       0x44 ./system/src/stm32f4-hal/stm32f4xx_hal.o
                0x08008530                HAL_Init
 .text.HAL_InitTick
                0x08008574       0x38 ./system/src/stm32f4-hal/stm32f4xx_hal.o
                0x08008574                HAL_InitTick
 .text.HAL_GetTick
                0x080085ac       0x18 ./system/src/stm32f4-hal/stm32f4xx_hal.o
                0x080085ac                HAL_GetTick
 .text.NVIC_SetPriorityGrouping
                0x080085c4       0x48 ./system/src/stm32f4-hal/stm32f4xx_hal_cortex.o
 .text.NVIC_GetPriorityGrouping
                0x0800860c       0x1c ./system/src/stm32f4-hal/stm32f4xx_hal_cortex.o
 .text.NVIC_SetPriority
                0x08008628       0x54 ./system/src/stm32f4-hal/stm32f4xx_hal_cortex.o
 .text.NVIC_EncodePriority
                0x0800867c       0x66 ./system/src/stm32f4-hal/stm32f4xx_hal_cortex.o
 *fill*         0x080086e2        0x2 
 .text.SysTick_Config
                0x080086e4       0x44 ./system/src/stm32f4-hal/stm32f4xx_hal_cortex.o
 .text.HAL_NVIC_SetPriorityGrouping
                0x08008728       0x40 ./system/src/stm32f4-hal/stm32f4xx_hal_cortex.o
                0x08008728                HAL_NVIC_SetPriorityGrouping
 .text.HAL_NVIC_SetPriority
                0x08008768       0x58 ./system/src/stm32f4-hal/stm32f4xx_hal_cortex.o
                0x08008768                HAL_NVIC_SetPriority
 .text.HAL_SYSTICK_Config
                0x080087c0       0x18 ./system/src/stm32f4-hal/stm32f4xx_hal_cortex.o
                0x080087c0                HAL_SYSTICK_Config
 .text.HAL_SYSTICK_CLKSourceConfig
                0x080087d8       0x50 ./system/src/stm32f4-hal/stm32f4xx_hal_cortex.o
                0x080087d8                HAL_SYSTICK_CLKSourceConfig
 .text.HAL_RCC_OscConfig
                0x08008828      0x588 ./system/src/stm32f4-hal/stm32f4xx_hal_rcc.o
                0x08008828                HAL_RCC_OscConfig
 .text.HAL_RCC_ClockConfig
                0x08008db0      0x378 ./system/src/stm32f4-hal/stm32f4xx_hal_rcc.o
                0x08008db0                HAL_RCC_ClockConfig
 .text.HAL_RCC_GetSysClockFreq
                0x08009128      0x104 ./system/src/stm32f4-hal/stm32f4xx_hal_rcc.o
                0x08009128                HAL_RCC_GetSysClockFreq
 .text.HAL_RCC_GetHCLKFreq
                0x0800922c       0x18 ./system/src/stm32f4-hal/stm32f4xx_hal_rcc.o
                0x0800922c                HAL_RCC_GetHCLKFreq
 .text._exit    0x08009244        0xc ./system/src/newlib/_exit.o
                0x08009244                _exit
 .text.abort    0x08009250       0x14 ./system/src/newlib/_exit.o
                0x08009250                abort
 .text._sbrk    0x08009264       0x68 ./system/src/newlib/_sbrk.o
                0x08009264                _sbrk
 .text.__initialize_args
                0x080092cc       0x28 ./system/src/newlib/_syscalls.o
                0x080092cc                __initialize_args
 .text.assert_failed
                0x080092f4       0x1c ./system/src/newlib/assert.o
                0x080092f4                assert_failed
 .text.trace_printf
                0x08009310       0x44 ./system/src/diag/Trace.o
                0x08009310                trace_printf
 .text.trace_puts
                0x08009354       0x30 ./system/src/diag/Trace.o
                0x08009354                trace_puts
 .text.trace_write
                0x08009384       0x1c ./system/src/diag/trace_impl.o
                0x08009384                trace_write
 .text._trace_write_semihosting_debug
                0x080093a0       0xaa ./system/src/diag/trace_impl.o
 *fill*         0x0800944a        0x2 
 .text.__initialize_hardware_early
                0x0800944c       0x2c ./system/src/cortexm/_initialize_hardware.o
                0x0800944c                __initialize_hardware_early
 .text.dumpExceptionStack
                0x08009478      0x12c ./system/src/cortexm/exception_handlers.o
                0x08009478                dumpExceptionStack
 .text.isSemihosting
                0x080095a4       0x54 ./system/src/cortexm/exception_handlers.o
                0x080095a4                isSemihosting
 .text.SystemInit
                0x080095f8       0x6c ./system/src/cmsis/system_stm32f4xx.o
                0x080095f8                SystemInit
 .text.SystemCoreClockUpdate
                0x08009664      0x100 ./system/src/cmsis/system_stm32f4xx.o
                0x08009664                SystemCoreClockUpdate
 .text.MUSART_u8ReadReceivedByte
                0x08009764       0x6c ./src/MCAL/USART/USART_prg.o
                0x08009764                MUSART_u8ReadReceivedByte
 .text.MUSART_vClearReceiveBuffer
                0x080097d0       0x4c ./src/MCAL/USART/USART_prg.o
                0x080097d0                MUSART_vClearReceiveBuffer
 .text.MUSART_vInit
                0x0800981c       0x78 ./src/MCAL/USART/USART_prg.o
                0x0800981c                MUSART_vInit
 .text.MUSART_vSendData
                0x08009894       0x1a ./src/MCAL/USART/USART_prg.o
                0x08009894                MUSART_vSendData
 *fill*         0x080098ae        0x2 
 .text.MUSART_u8SendData
                0x080098b0       0x84 ./src/MCAL/USART/USART_prg.o
                0x080098b0                MUSART_u8SendData
 .text.MUSART_vDisable_TX_Interrupt
                0x08009934       0x20 ./src/MCAL/USART/USART_prg.o
                0x08009934                MUSART_vDisable_TX_Interrupt
 .text.MUSART_vEnable_TC_Interrupt
                0x08009954       0x20 ./src/MCAL/USART/USART_prg.o
                0x08009954                MUSART_vEnable_TC_Interrupt
 .text.MUSART_vDisable_TC_Interrupt
                0x08009974       0x20 ./src/MCAL/USART/USART_prg.o
                0x08009974                MUSART_vDisable_TC_Interrupt
 .text.MUSART_vEnable_RX_Interrupt
                0x08009994       0x20 ./src/MCAL/USART/USART_prg.o
                0x08009994                MUSART_vEnable_RX_Interrupt
 .text.MUSART_vSendString
                0x080099b4       0x44 ./src/MCAL/USART/USART_prg.o
                0x080099b4                MUSART_vSendString
 .text.USART1_IRQHandler
                0x080099f8      0x1c8 ./src/MCAL/USART/USART_prg.o
                0x080099f8                USART1_IRQHandler
 .text.MSYSTICK_vInit
                0x08009bc0       0x78 ./src/MCAL/SYSTICK/SYSTICK_prg.o
                0x08009bc0                MSYSTICK_vInit
 .text.MSYSTICK_vStartTimer
                0x08009c38       0x30 ./src/MCAL/SYSTICK/SYSTICK_prg.o
                0x08009c38                MSYSTICK_vStartTimer
 .text.MSYSTICK_vStopTimer
                0x08009c68       0x24 ./src/MCAL/SYSTICK/SYSTICK_prg.o
                0x08009c68                MSYSTICK_vStopTimer
 *fill*         0x08009c8c        0x4 
 .text.MSYSTICK_vSetDelay_ms
                0x08009c90       0x6c ./src/MCAL/SYSTICK/SYSTICK_prg.o
                0x08009c90                MSYSTICK_vSetDelay_ms
 .text.MSYSTICK_vSetDelay_us
                0x08009cfc       0x68 ./src/MCAL/SYSTICK/SYSTICK_prg.o
                0x08009cfc                MSYSTICK_vSetDelay_us
 .text.SysTick_Handler
                0x08009d64       0x2c ./src/MCAL/SYSTICK/SYSTICK_prg.o
                0x08009d64                SysTick_Handler
 .text.MSPI_vInit
                0x08009d90       0x74 ./src/MCAL/SPI/SPI_prog.o
                0x08009d90                MSPI_vInit
 .text.MSPI_vTransceive
                0x08009e04       0x7c ./src/MCAL/SPI/SPI_prog.o
                0x08009e04                MSPI_vTransceive
 .text.MRCC_vInit
                0x08009e80       0x50 ./src/MCAL/RCC/RCC_prg.o
                0x08009e80                MRCC_vInit
 .text.MRCC_vEnableCLK
                0x08009ed0       0x8c ./src/MCAL/RCC/RCC_prg.o
                0x08009ed0                MRCC_vEnableCLK
 .text.MNVIC_vEnable_Peripheral_INT
                0x08009f5c       0x3c ./src/MCAL/NVIC/NVIC_prg.o
                0x08009f5c                MNVIC_vEnable_Peripheral_INT
 .text.MGPIO_vSetMode
                0x08009f98      0x100 ./src/MCAL/GPIO/GPIO_prg.o
                0x08009f98                MGPIO_vSetMode
 .text.MGPIO_vSetOutputType
                0x0800a098      0x10c ./src/MCAL/GPIO/GPIO_prg.o
                0x0800a098                MGPIO_vSetOutputType
 .text.MGPIO_vSetOutputSpeed
                0x0800a1a4      0x100 ./src/MCAL/GPIO/GPIO_prg.o
                0x0800a1a4                MGPIO_vSetOutputSpeed
 .text.MGPIO_vSetPullType
                0x0800a2a4      0x100 ./src/MCAL/GPIO/GPIO_prg.o
                0x0800a2a4                MGPIO_vSetPullType
 .text.MGPIO_vSetPinValue
                0x0800a3a4      0x10c ./src/MCAL/GPIO/GPIO_prg.o
                0x0800a3a4                MGPIO_vSetPinValue
 .text.MGPIO_vSetAlt
                0x0800a4b0      0x194 ./src/MCAL/GPIO/GPIO_prg.o
                0x0800a4b0                MGPIO_vSetAlt
 .text.MGPIO_vSetPinValueAtomic
                0x0800a644       0xdc ./src/MCAL/GPIO/GPIO_prg.o
                0x0800a644                MGPIO_vSetPinValueAtomic
 .text.MGPIO_vPinInit
                0x0800a720       0x6a ./src/MCAL/GPIO/GPIO_prg.o
                0x0800a720                MGPIO_vPinInit
 *fill*         0x0800a78a        0x2 
 .text.MEXTI_vSetCallBack
                0x0800a78c       0x2c ./src/MCAL/EXTI/EXTI_prg.o
                0x0800a78c                MEXTI_vSetCallBack
 .text.EXTI0_IRQHandler
                0x0800a7b8       0x2c ./src/MCAL/EXTI/EXTI_prg.o
                0x0800a7b8                EXTI0_IRQHandler
 .text.EXTI1_IRQHandler
                0x0800a7e4       0x2c ./src/MCAL/EXTI/EXTI_prg.o
                0x0800a7e4                EXTI1_IRQHandler
 .text.EXTI2_IRQHandler
                0x0800a810       0x2c ./src/MCAL/EXTI/EXTI_prg.o
                0x0800a810                EXTI2_IRQHandler
 .text.EXTI3_IRQHandler
                0x0800a83c       0x2c ./src/MCAL/EXTI/EXTI_prg.o
                0x0800a83c                EXTI3_IRQHandler
 .text.EXTI4_IRQHandler
                0x0800a868       0x2c ./src/MCAL/EXTI/EXTI_prg.o
                0x0800a868                EXTI4_IRQHandler
 .text.EXTI9_5_IRQHandler
                0x0800a894       0x68 ./src/MCAL/EXTI/EXTI_prg.o
                0x0800a894                EXTI9_5_IRQHandler
 *fill*         0x0800a8fc        0x4 
 .text.HTFT_vInit
                0x0800a900       0x60 ./src/HAL/TFT/TFT_prg.o
                0x0800a900                HTFT_vInit
 .text.DrawHorizontalLine
                0x0800a960       0x9c ./src/HAL/TFT/TFT_prg.o
 .text.Write_cmd
                0x0800a9fc       0x30 ./src/HAL/TFT/TFT_prg.o
 .text.Write_data
                0x0800aa2c       0x30 ./src/HAL/TFT/TFT_prg.o
 *fill*         0x0800aa5c        0x4 
 .text.Reset_Seq
                0x0800aa60       0x9c ./src/HAL/TFT/TFT_prg.o
 .text.HTFT_vDrawPixel
                0x0800aafc       0x3a ./src/HAL/TFT/TFT_prg.o
                0x0800aafc                HTFT_vDrawPixel
 *fill*         0x0800ab36        0x2 
 .text.HTFT_vSetXPos
                0x0800ab38       0x78 ./src/HAL/TFT/TFT_prg.o
                0x0800ab38                HTFT_vSetXPos
 .text.HTFT_vSetYPos
                0x0800abb0       0x6c ./src/HAL/TFT/TFT_prg.o
                0x0800abb0                HTFT_vSetYPos
 .text.HTFT_vFillBackgroundColor
                0x0800ac1c       0x2a ./src/HAL/TFT/TFT_prg.o
                0x0800ac1c                HTFT_vFillBackgroundColor
 *fill*         0x0800ac46        0x2 
 .text.HTFT_vFillRectangle
                0x0800ac48       0xa8 ./src/HAL/TFT/TFT_prg.o
                0x0800ac48                HTFT_vFillRectangle
 .text.HTFT_vDrawLine
                0x0800acf0      0x122 ./src/HAL/TFT/TFT_prg.o
                0x0800acf0                HTFT_vDrawLine
 .text.HTFT_vDrawCircle
                0x0800ae12      0x20a ./src/HAL/TFT/TFT_prg.o
                0x0800ae12                HTFT_vDrawCircle
 .text.HTFT_vFillCircle
                0x0800b01c      0x128 ./src/HAL/TFT/TFT_prg.o
                0x0800b01c                HTFT_vFillCircle
 .text.HTFT_vDrawLoadingSpinner
                0x0800b144       0x78 ./src/HAL/TFT/TFT_prg.o
                0x0800b144                HTFT_vDrawLoadingSpinner
 .text.OTA_LED_vWrite
                0x0800b1bc       0x34 ./src/HAL/OTA_LED/OTA_LED_prg.o
 .text.OTA_LED_vInit
                0x0800b1f0       0x40 ./src/HAL/OTA_LED/OTA_LED_prg.o
                0x0800b1f0                OTA_LED_vInit
 .text.OTA_LED_vSetActive
                0x0800b230       0x44 ./src/HAL/OTA_LED/OTA_LED_prg.o
                0x0800b230                OTA_LED_vSetActive
 .text.HIR_vDecoderReset
                0x0800b274       0x2c ./src/HAL/IR/IR_decode.o
                0x0800b274                HIR_vDecoderReset
 .text.HIR_u8DecoderEdge
                0x0800b2a0      0x10e ./src/HAL/IR/IR_decode.o
                0x0800b2a0                HIR_u8DecoderEdge
 *fill*         0x0800b3ae        0x2 
 .text.NVIC_EnableIRQ
                0x0800b3b0       0x34 ./src/HAL/IR/IR_prg.o
 .text.NVIC_ClearPendingIRQ
                0x0800b3e4       0x34 ./src/HAL/IR/IR_prg.o
 .text.NVIC_SetPriority
                0x0800b418       0x54 ./src/HAL/IR/IR_prg.o
 .text.HIR_u32NowUS
                0x0800b46c       0x14 ./src/HAL/IR/IR_prg.o
                0x0800b46c                HIR_u32NowUS
 .text.HIR_vEdge
                0x0800b480       0xa4 ./src/HAL/IR/IR_prg.o
 .text.HIR_u8Poll
                0x0800b524       0x70 ./src/HAL/IR/IR_prg.o
                0x0800b524                HIR_u8Poll
 .text.HIR_vFlush
                0x0800b594       0x5c ./src/HAL/IR/IR_prg.o
                0x0800b594                HIR_vFlush
 .text.HIR_vSuspend
                0x0800b5f0       0x24 ./src/HAL/IR/IR_prg.o
                0x0800b5f0                HIR_vSuspend
 .text.HIR_u8Init
                0x0800b614      0x1d8 ./src/HAL/IR/IR_prg.o
                0x0800b614                HIR_u8Init
 .text.SaveResponse
                0x0800b7ec       0x54 ./src/HAL/ESP8266/ESP8266_prg.o
 .text.StringContains
                0x0800b840       0x80 ./src/HAL/ESP8266/ESP8266_prg.o
 .text.StringLength
                0x0800b8c0       0x36 ./src/HAL/ESP8266/ESP8266_prg.o
 *fill*         0x0800b8f6        0x2 
 .text.UIntToString
                0x0800b8f8       0xb0 ./src/HAL/ESP8266/ESP8266_prg.o
 .text.WaitForToken
                0x0800b9a8      0x114 ./src/HAL/ESP8266/ESP8266_prg.o
 *fill*         0x0800babc        0x4 
 .text.WaitForHttpBody
                0x0800bac0      0x17c ./src/HAL/ESP8266/ESP8266_prg.o
 .text.SendCommand
                0x0800bc3c       0x38 ./src/HAL/ESP8266/ESP8266_prg.o
 .text.AppendPart
                0x0800bc74       0x56 ./src/HAL/ESP8266/ESP8266_prg.o
 *fill*         0x0800bcca        0x2 
 .text.HESP8266_vInit
                0x0800bccc       0x64 ./src/HAL/ESP8266/ESP8266_prg.o
                0x0800bccc                HESP8266_vInit
 .text.HESP8266_u8ConnectAccessPoint
                0x0800bd30       0xf0 ./src/HAL/ESP8266/ESP8266_prg.o
                0x0800bd30                HESP8266_u8ConnectAccessPoint
 .text.HESP8266_u8OpenTcpConnection
                0x0800be20       0xe8 ./src/HAL/ESP8266/ESP8266_prg.o
                0x0800be20                HESP8266_u8OpenTcpConnection
 .text.HESP8266_u8EnsureConnection
                0x0800bf08       0x7c ./src/HAL/ESP8266/ESP8266_prg.o
                0x0800bf08                HESP8266_u8EnsureConnection
 .text.HESP8266_u8HttpGet
                0x0800bf84      0x124 ./src/HAL/ESP8266/ESP8266_prg.o
                0x0800bf84                HESP8266_u8HttpGet
 .text.StripTrailingClosed
                0x0800c0a8       0xb4 ./src/HAL/ESP8266/ESP8266_prg.o
 *fill*         0x0800c15c        0x4 
 .text.WaitForHttpBodyText
                0x0800c160      0x108 ./src/HAL/ESP8266/ESP8266_prg.o
 .text.HESP8266_u8HttpGetText
                0x0800c268      0x11c ./src/HAL/ESP8266/ESP8266_prg.o
                0x0800c268                HESP8266_u8HttpGetText
 .text.HESP8266_vCloseConnection
                0x0800c384       0x34 ./src/HAL/ESP8266/ESP8266_prg.o
                0x0800c384                HESP8266_vCloseConnection
 .text.HESP8266_vAbort
                0x0800c3b8       0x2c ./src/HAL/ESP8266/ESP8266_prg.o
                0x0800c3b8                HESP8266_vAbort
 .text.DrawDie  0x0800c3e4      0x24c ./src/APP/Yatzy/Animation/Yatzy_Animation_prg.o
 .text.DrawScoreRow
                0x0800c630       0xec ./src/APP/Yatzy/Animation/Yatzy_Animation_prg.o
 .text.Yatzy_Animation_vStart
                0x0800c71c       0x30 ./src/APP/Yatzy/Animation/Yatzy_Animation_prg.o
                0x0800c71c                Yatzy_Animation_vStart
 .text.Yatzy_Animation_vShowState
                0x0800c74c       0xa8 ./src/APP/Yatzy/Animation/Yatzy_Animation_prg.o
                0x0800c74c                Yatzy_Animation_vShowState
 .text.Yatzy_Animation_vShowIdle
                0x0800c7f4       0x50 ./src/APP/Yatzy/Animation/Yatzy_Animation_prg.o
                0x0800c7f4                Yatzy_Animation_vShowIdle
 .text.StringsEqual
                0x0800c844       0x64 ./src/APP/Yatzy/game_prg.o
 .text.StateChanged
                0x0800c8a8      0x11c ./src/APP/Yatzy/game_prg.o
 .text.CopyState
                0x0800c9c4      0x204 ./src/APP/Yatzy/game_prg.o
 .text.Yatzy_vStart
                0x0800cbc8       0x18 ./src/APP/Yatzy/game_prg.o
                0x0800cbc8                Yatzy_vStart
 .text.Yatzy_vUpdate
                0x0800cbe0       0x40 ./src/APP/Yatzy/game_prg.o
                0x0800cbe0                Yatzy_vUpdate
 .text.Yatzy_vStop
                0x0800cc20       0x18 ./src/APP/Yatzy/game_prg.o
                0x0800cc20                Yatzy_vStop
 .text.DrawCell
                0x0800cc38       0x5c ./src/APP/TicTacToe/Animation/TicTacToe_Animation_prg.o
 .text.DrawWinLine
                0x0800cc94       0xe0 ./src/APP/TicTacToe/Animation/TicTacToe_Animation_prg.o
 .text.XO_Animation_vStart
                0x0800cd74       0x30 ./src/APP/TicTacToe/Animation/TicTacToe_Animation_prg.o
                0x0800cd74                XO_Animation_vStart
 .text.XO_Animation_vShowState
                0x0800cda4       0xdc ./src/APP/TicTacToe/Animation/TicTacToe_Animation_prg.o
                0x0800cda4                XO_Animation_vShowState
 .text.XO_Animation_vShowIdle
                0x0800ce80       0x2c ./src/APP/TicTacToe/Animation/TicTacToe_Animation_prg.o
                0x0800ce80                XO_Animation_vShowIdle
 .text.StringsEqual
                0x0800ceac       0x64 ./src/APP/TicTacToe/game_prg.o
 .text.StateChanged
                0x0800cf10       0x90 ./src/APP/TicTacToe/game_prg.o
 .text.CopyState
                0x0800cfa0       0xea ./src/APP/TicTacToe/game_prg.o
 *fill*         0x0800d08a        0x2 
 .text.XO_vStart
                0x0800d08c       0x18 ./src/APP/TicTacToe/game_prg.o
                0x0800d08c                XO_vStart
 .text.XO_vUpdate
                0x0800d0a4       0x40 ./src/APP/TicTacToe/game_prg.o
                0x0800d0a4                XO_vUpdate
 .text.XO_vStop
                0x0800d0e4       0x18 ./src/APP/TicTacToe/game_prg.o
                0x0800d0e4                XO_vStop
 .text.StringsEqual
                0x0800d0fc       0x64 ./src/APP/SnakeAndLadder/Animation/SnakeLadder_Animation_prg.o
 .text.AppendNumber
                0x0800d160       0xc0 ./src/APP/SnakeAndLadder/Animation/SnakeLadder_Animation_prg.o
 .text.GetSquareBounds
                0x0800d220       0xcc ./src/APP/SnakeAndLadder/Animation/SnakeLadder_Animation_prg.o
 .text.GetSquareCenter
                0x0800d2ec       0x44 ./src/APP/SnakeAndLadder/Animation/SnakeLadder_Animation_prg.o
 .text.GetTileColor
                0x0800d330       0x88 ./src/APP/SnakeAndLadder/Animation/SnakeLadder_Animation_prg.o
 .text.DrawTile
                0x0800d3b8       0xe6 ./src/APP/SnakeAndLadder/Animation/SnakeLadder_Animation_prg.o
 .text.DrawLadder
                0x0800d49e       0xce ./src/APP/SnakeAndLadder/Animation/SnakeLadder_Animation_prg.o
 .text.DrawSnake
                0x0800d56c       0x70 ./src/APP/SnakeAndLadder/Animation/SnakeLadder_Animation_prg.o
 .text.DrawAllFeatures
                0x0800d5dc       0x60 ./src/APP/SnakeAndLadder/Animation/SnakeLadder_Animation_prg.o
 .text.RedrawTileFeatures
                0x0800d63c       0x64 ./src/APP/SnakeAndLadder/Animation/SnakeLadder_Animation_prg.o
 .text.DrawTokenP1
                0x0800d6a0       0x52 ./src/APP/SnakeAndLadder/Animation/SnakeLadder_Animation_prg.o
 .text.DrawTokenP2
                0x0800d6f2       0x52 ./src/APP/SnakeAndLadder/Animation/SnakeLadder_Animation_prg.o
 .text.ClearSquare
                0x0800d744       0x56 ./src/APP/SnakeAndLadder/Animation/SnakeLadder_Animation_prg.o
 .text.DrawFullBoard
                0x0800d79a       0x6a ./src/APP/SnakeAndLadder/Animation/SnakeLadder_Animation_prg.o
 .text.DrawHeader
                0x0800d804      0x16c ./src/APP/SnakeAndLadder/Animation/SnakeLadder_Animation_prg.o
 .text.DrawFooter
                0x0800d970      0x328 ./src/APP/SnakeAndLadder/Animation/SnakeLadder_Animation_prg.o
 .text.AnimateSpecialEvent
                0x0800dc98      0x118 ./src/APP/SnakeAndLadder/Animation/SnakeLadder_Animation_prg.o
 .text.SnakeLadder_Animation_vStart
                0x0800ddb0       0x3c ./src/APP/SnakeAndLadder/Animation/SnakeLadder_Animation_prg.o
                0x0800ddb0                SnakeLadder_Animation_vStart
 .text.SnakeLadder_Animation_vShowState
                0x0800ddec       0xe8 ./src/APP/SnakeAndLadder/Animation/SnakeLadder_Animation_prg.o
                0x0800ddec                SnakeLadder_Animation_vShowState
 .text.SnakeLadder_Animation_vShowIdle
                0x0800ded4       0x5c ./src/APP/SnakeAndLadder/Animation/SnakeLadder_Animation_prg.o
                0x0800ded4                SnakeLadder_Animation_vShowIdle
 .text.StringsEqual
                0x0800df30       0x64 ./src/APP/SnakeAndLadder/game_prg.o
 .text.StateChanged
                0x0800df94       0xb4 ./src/APP/SnakeAndLadder/game_prg.o
 .text.CopyString
                0x0800e048       0x5a ./src/APP/SnakeAndLadder/game_prg.o
 .text.CopyState
                0x0800e0a2       0x76 ./src/APP/SnakeAndLadder/game_prg.o
 .text.SnakeLadder_vStart
                0x0800e118       0x18 ./src/APP/SnakeAndLadder/game_prg.o
                0x0800e118                SnakeLadder_vStart
 .text.SnakeLadder_vUpdate
                0x0800e130       0x5c ./src/APP/SnakeAndLadder/game_prg.o
                0x0800e130                SnakeLadder_vUpdate
 .text.SnakeLadder_vStop
                0x0800e18c       0x18 ./src/APP/SnakeAndLadder/game_prg.o
                0x0800e18c                SnakeLadder_vStop
 .text.DrawRock
                0x0800e1a4      0x240 ./src/APP/RockPaperScissors/Animation/RPS_Animation_prg.o
 .text.DrawPaper
                0x0800e3e4       0xaa ./src/APP/RockPaperScissors/Animation/RPS_Animation_prg.o
 .text.DrawScissors
                0x0800e48e      0x180 ./src/APP/RockPaperScissors/Animation/RPS_Animation_prg.o
 .text.RPS_Animation_vStart
                0x0800e60e       0x12 ./src/APP/RockPaperScissors/Animation/RPS_Animation_prg.o
                0x0800e60e                RPS_Animation_vStart
 .text.DrawChoiceIcon
                0x0800e620      0x152 ./src/APP/RockPaperScissors/Animation/RPS_Animation_prg.o
 .text.DrawDetailedChoice
                0x0800e772       0x34 ./src/APP/RockPaperScissors/Animation/RPS_Animation_prg.o
 *fill*         0x0800e7a6        0x2 
 .text.ChoiceName
                0x0800e7a8       0x48 ./src/APP/RockPaperScissors/Animation/RPS_Animation_prg.o
 .text.DrawResultText
                0x0800e7f0      0x14c ./src/APP/RockPaperScissors/Animation/RPS_Animation_prg.o
 .text.RPS_Animation_vShowState
                0x0800e93c      0x14a ./src/APP/RockPaperScissors/Animation/RPS_Animation_prg.o
                0x0800e93c                RPS_Animation_vShowState
 .text.RPS_Animation_vShowIdle
                0x0800ea86       0x1c ./src/APP/RockPaperScissors/Animation/RPS_Animation_prg.o
                0x0800ea86                RPS_Animation_vShowIdle
 .text.StringsEqual
                0x0800eaa2       0x64 ./src/APP/RockPaperScissors/game_prg.o
 *fill*         0x0800eb06        0x2 
 .text.StateChanged
                0x0800eb08       0x9c ./src/APP/RockPaperScissors/game_prg.o
 .text.CopyState
                0x0800eba4       0xc2 ./src/APP/RockPaperScissors/game_prg.o
 *fill*         0x0800ec66        0x2 
 .text.RPS_vStart
                0x0800ec68       0x18 ./src/APP/RockPaperScissors/game_prg.o
                0x0800ec68                RPS_vStart
 .text.RPS_vUpdate
                0x0800ec80       0x40 ./src/APP/RockPaperScissors/game_prg.o
                0x0800ec80                RPS_vUpdate
 .text.RPS_vStop
                0x0800ecc0       0x18 ./src/APP/RockPaperScissors/game_prg.o
                0x0800ecc0                RPS_vStop
 .text.Cursor   0x0800ecd8       0x28 ./src/APP/Offline/CONNECT4.o
 .text.OFFLINE_vConnect4
                0x0800ed00      0x258 ./src/APP/Offline/CONNECT4.o
                0x0800ed00                OFFLINE_vConnect4
 .text.OFFLINE_u8Command
                0x0800ef58       0x34 ./src/APP/Offline/OFFLINE_prg.o
                0x0800ef58                OFFLINE_u8Command
 .text.OFFLINE_u8Wait
                0x0800ef8c       0x64 ./src/APP/Offline/OFFLINE_prg.o
                0x0800ef8c                OFFLINE_u8Wait
 .text.OFFLINE_u8Winner
                0x0800eff0      0x104 ./src/APP/Offline/OFFLINE_prg.o
                0x0800eff0                OFFLINE_u8Winner
 .text.OFFLINE_vRun
                0x0800f0f4       0xdc ./src/APP/Offline/OFFLINE_prg.o
                0x0800f0f4                OFFLINE_vRun
 .text.Random   0x0800f1d0       0x48 ./src/APP/Offline/SNAKE.o
 .text.Occupied
                0x0800f218       0x5c ./src/APP/Offline/SNAKE.o
 .text.Cell     0x0800f274       0x3e ./src/APP/Offline/SNAKE.o
 *fill*         0x0800f2b2        0x2 
 .text.Food     0x0800f2b4       0x9c ./src/APP/Offline/SNAKE.o
 .text.ResetRound
                0x0800f350       0xf4 ./src/APP/Offline/SNAKE.o
 .text.Move     0x0800f444      0x168 ./src/APP/Offline/SNAKE.o
 .text.OFFLINE_vSnake
                0x0800f5ac       0xc8 ./src/APP/Offline/SNAKE.o
                0x0800f5ac                OFFLINE_vSnake
 .text.Cursor   0x0800f674       0x2c ./src/APP/Offline/TICTACTOE.o
 .text.Cell     0x0800f6a0       0x5c ./src/APP/Offline/TICTACTOE.o
 .text.OFFLINE_vTicTacToe
                0x0800f6fc      0x250 ./src/APP/Offline/TICTACTOE.o
                0x0800f6fc                OFFLINE_vTicTacToe
 .text.OTA_u8CopyField
                0x0800f94c      0x178 ./src/APP/OTA/OTA_prog.o
 .text.OTA_u32ParseNumber
                0x0800fac4       0x4e ./src/APP/OTA/OTA_prog.o
 .text.OTA_vShowStatus
                0x0800fb12       0x26 ./src/APP/OTA/OTA_prog.o
 .text.OTA_vCheckForUpdate
                0x0800fb38      0x128 ./src/APP/OTA/OTA_prog.o
                0x0800fb38                OTA_vCheckForUpdate
 .text.MENU_vRect
                0x0800fc60       0x9c ./src/APP/Menu/MENU_draw.o
                0x0800fc60                MENU_vRect
 .text.MENU_vText
                0x0800fcfc      0x1b4 ./src/APP/Menu/MENU_draw.o
                0x0800fcfc                MENU_vText
 .text.MENU_vGrid
                0x0800feb0       0xcc ./src/APP/Menu/MENU_draw.o
                0x0800feb0                MENU_vGrid
 .text.MENU_vItem
                0x0800ff7c       0x98 ./src/APP/Menu/MENU_draw.o
                0x0800ff7c                MENU_vItem
 .text.MENU_vList
                0x08010014       0x84 ./src/APP/Menu/MENU_draw.o
                0x08010014                MENU_vList
 .text.MENU_u8Navigate
                0x08010098       0x8a ./src/APP/Menu/MENU_prg.o
                0x08010098                MENU_u8Navigate
 *fill*         0x08010122        0x2 
 .text.MENU_enChooseMode
                0x08010124       0x8c ./src/APP/Menu/MENU_prg.o
                0x08010124                MENU_enChooseMode
 .text.CharToSymbol
                0x080101b0       0x78 ./src/APP/Memory/Animation/Memory_Animation_prg.o
 .text.DrawCard
                0x08010228       0xd8 ./src/APP/Memory/Animation/Memory_Animation_prg.o
 .text.Memory_Animation_vStart
                0x08010300       0x48 ./src/APP/Memory/Animation/Memory_Animation_prg.o
                0x08010300                Memory_Animation_vStart
 .text.Memory_Animation_vShowState
                0x08010348       0xf4 ./src/APP/Memory/Animation/Memory_Animation_prg.o
                0x08010348                Memory_Animation_vShowState
 .text.Memory_Animation_vShowIdle
                0x0801043c       0x50 ./src/APP/Memory/Animation/Memory_Animation_prg.o
                0x0801043c                Memory_Animation_vShowIdle
 .text.StringsEqual
                0x0801048c       0x64 ./src/APP/Memory/game_prg.o
 .text.StateChanged
                0x080104f0       0xcc ./src/APP/Memory/game_prg.o
 .text.CopyState
                0x080105bc      0x102 ./src/APP/Memory/game_prg.o
 *fill*         0x080106be        0x2 
 .text.Memory_vStart
                0x080106c0       0x18 ./src/APP/Memory/game_prg.o
                0x080106c0                Memory_vStart
 .text.Memory_vUpdate
                0x080106d8       0x40 ./src/APP/Memory/game_prg.o
                0x080106d8                Memory_vUpdate
 .text.Memory_vStop
                0x08010718       0x18 ./src/APP/Memory/game_prg.o
                0x08010718                Memory_vStop
 .text.TextLength
                0x08010730       0x32 ./src/APP/MathQuiz/Animation/MathQuiz_Animation_prg.o
 *fill*         0x08010762        0x2 
 .text.AppendNumber
                0x08010764       0xc0 ./src/APP/MathQuiz/Animation/MathQuiz_Animation_prg.o
 .text.DrawTextCentered
                0x08010824       0x46 ./src/APP/MathQuiz/Animation/MathQuiz_Animation_prg.o
 .text.DrawScaledText
                0x0801086a       0xee ./src/APP/MathQuiz/Animation/MathQuiz_Animation_prg.o
 .text.DrawScaledCentered
                0x08010958       0x60 ./src/APP/MathQuiz/Animation/MathQuiz_Animation_prg.o
 .text.DrawCorrectMark
                0x080109b8       0x44 ./src/APP/MathQuiz/Animation/MathQuiz_Animation_prg.o
 .text.DrawWrongMark
                0x080109fc       0x4c ./src/APP/MathQuiz/Animation/MathQuiz_Animation_prg.o
 .text.UpdateScores
                0x08010a48       0x74 ./src/APP/MathQuiz/Animation/MathQuiz_Animation_prg.o
 .text.DrawScoreRow
                0x08010abc      0x100 ./src/APP/MathQuiz/Animation/MathQuiz_Animation_prg.o
 .text.DrawRoundRow
                0x08010bbc       0x8a ./src/APP/MathQuiz/Animation/MathQuiz_Animation_prg.o
 *fill*         0x08010c46        0x2 
 .text.DrawAnswer
                0x08010c48       0xa0 ./src/APP/MathQuiz/Animation/MathQuiz_Animation_prg.o
 .text.DrawPlayers
                0x08010ce8       0x90 ./src/APP/MathQuiz/Animation/MathQuiz_Animation_prg.o
 .text.DrawBanner
                0x08010d78       0xa8 ./src/APP/MathQuiz/Animation/MathQuiz_Animation_prg.o
 .text.MathQuiz_Animation_vStart
                0x08010e20       0x30 ./src/APP/MathQuiz/Animation/MathQuiz_Animation_prg.o
                0x08010e20                MathQuiz_Animation_vStart
 .text.MathQuiz_Animation_vShowState
                0x08010e50       0x84 ./src/APP/MathQuiz/Animation/MathQuiz_Animation_prg.o
                0x08010e50                MathQuiz_Animation_vShowState
 .text.MathQuiz_Animation_vShowIdle
                0x08010ed4       0x20 ./src/APP/MathQuiz/Animation/MathQuiz_Animation_prg.o
                0x08010ed4                MathQuiz_Animation_vShowIdle
 .text.StringsEqual
                0x08010ef4       0x64 ./src/APP/MathQuiz/game_prg.o
 .text.StateChanged
                0x08010f58       0xe4 ./src/APP/MathQuiz/game_prg.o
 .text.CopyString
                0x0801103c       0x5a ./src/APP/MathQuiz/game_prg.o
 .text.CopyState
                0x08011096       0xce ./src/APP/MathQuiz/game_prg.o
 .text.MathQuiz_vStart
                0x08011164       0x18 ./src/APP/MathQuiz/game_prg.o
                0x08011164                MathQuiz_vStart
 .text.MathQuiz_vUpdate
                0x0801117c       0x40 ./src/APP/MathQuiz/game_prg.o
                0x0801117c                MathQuiz_vUpdate
 .text.MathQuiz_vStop
                0x080111bc       0x18 ./src/APP/MathQuiz/game_prg.o
                0x080111bc                MathQuiz_vStop
 .text.ParseMark
                0x080111d4       0x30 ./src/APP/Connect4/Animation/Connect4_Animation_prg.o
 .text.DrawToken
                0x08011204       0x3c ./src/APP/Connect4/Animation/Connect4_Animation_prg.o
 .text.DrawColumnCursor
                0x08011240       0x28 ./src/APP/Connect4/Animation/Connect4_Animation_prg.o
 .text.DrawWinLine
                0x08011268       0x44 ./src/APP/Connect4/Animation/Connect4_Animation_prg.o
 .text.Connect4_Animation_vStart
                0x080112ac       0x30 ./src/APP/Connect4/Animation/Connect4_Animation_prg.o
                0x080112ac                Connect4_Animation_vStart
 .text.Connect4_Animation_vShowState
                0x080112dc      0x1dc ./src/APP/Connect4/Animation/Connect4_Animation_prg.o
                0x080112dc                Connect4_Animation_vShowState
 .text.Connect4_Animation_vShowIdle
                0x080114b8       0x50 ./src/APP/Connect4/Animation/Connect4_Animation_prg.o
                0x080114b8                Connect4_Animation_vShowIdle
 .text.StringsEqual
                0x08011508       0x64 ./src/APP/Connect4/game_prg.o
 .text.StateChanged
                0x0801156c       0xb4 ./src/APP/Connect4/game_prg.o
 .text.CopyState
                0x08011620      0x146 ./src/APP/Connect4/game_prg.o
 *fill*         0x08011766        0x2 
 .text.Connect4_vStart
                0x08011768       0x18 ./src/APP/Connect4/game_prg.o
                0x08011768                Connect4_vStart
 .text.Connect4_vUpdate
                0x08011780       0x40 ./src/APP/Connect4/game_prg.o
                0x08011780                Connect4_vUpdate
 .text.Connect4_vStop
                0x080117c0       0x18 ./src/APP/Connect4/game_prg.o
                0x080117c0                Connect4_vStop
 .text.CellX    0x080117d8       0x2e ./src/APP/Common/BOARD_ANIM.o
 .text.CellY    0x08011806       0x2e ./src/APP/Common/BOARD_ANIM.o
 .text.BOARD_vDrawGrid
                0x08011834       0x3c ./src/APP/Common/BOARD_ANIM.o
                0x08011834                BOARD_vDrawGrid
 .text.BOARD_vCell
                0x08011870       0x7e ./src/APP/Common/BOARD_ANIM.o
                0x08011870                BOARD_vCell
 .text.BOARD_vCursor
                0x080118ee       0xda ./src/APP/Common/BOARD_ANIM.o
                0x080118ee                BOARD_vCursor
 .text.BOARD_vColumnCursor
                0x080119c8       0x6e ./src/APP/Common/BOARD_ANIM.o
                0x080119c8                BOARD_vColumnCursor
 .text.BOARD_vToken
                0x08011a36       0x2e ./src/APP/Common/BOARD_ANIM.o
                0x08011a36                BOARD_vToken
 .text.BOARD_vMark
                0x08011a64       0x8a ./src/APP/Common/BOARD_ANIM.o
                0x08011a64                BOARD_vMark
 .text.BOARD_vWinLine
                0x08011aee       0x6a ./src/APP/Common/BOARD_ANIM.o
                0x08011aee                BOARD_vWinLine
 .text.BOARD_vCellCentre
                0x08011b58       0x6a ./src/APP/Common/BOARD_ANIM.o
                0x08011b58                BOARD_vCellCentre
 *fill*         0x08011bc2        0x2 
 .text.FONT3x5_pu8GetGlyph
                0x08011bc4      0x278 ./src/APP/Common/FONT3x5.o
                0x08011bc4                FONT3x5_pu8GetGlyph
 .text.FONT3x5_vDrawText
                0x08011e3c       0xa4 ./src/APP/Common/FONT3x5.o
                0x08011e3c                FONT3x5_vDrawText
 .text.LOADING_ANIM_vPlay
                0x08011ee0       0x50 ./src/APP/Common/LOADING_ANIM.o
                0x08011ee0                LOADING_ANIM_vPlay
 .text.StringEquals
                0x08011f30       0x64 ./src/APP/main.o
 .text.CopyField
                0x08011f94      0x178 ./src/APP/main.o
 .text.ParseNumber
                0x0801210c       0x52 ./src/APP/main.o
 *fill*         0x0801215e        0x2 
 .text.ParseChoice
                0x08012160       0x54 ./src/APP/main.o
 .text.ParseWinner
                0x080121b4       0x54 ./src/APP/main.o
 .text.IsRpsGame
                0x08012208       0x74 ./src/APP/main.o
 .text.ParseRpsState
                0x0801227c      0x224 ./src/APP/main.o
 .text.CopyString
                0x080124a0       0x5a ./src/APP/main.o
 *fill*         0x080124fa        0x2 
 .text.ParseMathQuizWinner
                0x080124fc       0x54 ./src/APP/main.o
 .text.IsMathQuizGame
                0x08012550       0x74 ./src/APP/main.o
 .text.ParseMathQuizState
                0x080125c4      0x254 ./src/APP/main.o
 .text.ParseSnakeLadderWinner
                0x08012818       0x40 ./src/APP/main.o
 .text.ParseSnakeLadderTurn
                0x08012858       0x64 ./src/APP/main.o
 .text.IsSnakeLadderGame
                0x080128bc       0x74 ./src/APP/main.o
 .text.ParseSnakeLadderState
                0x08012930      0x270 ./src/APP/main.o
 .text.ParseXOMark
                0x08012ba0       0x40 ./src/APP/main.o
 .text.ParseXOWinner
                0x08012be0       0x54 ./src/APP/main.o
 .text.IsXOGame
                0x08012c34       0x74 ./src/APP/main.o
 .text.ParseXOState
                0x08012ca8      0x208 ./src/APP/main.o
 .text.ParseConnect4Mark
                0x08012eb0       0x40 ./src/APP/main.o
 .text.ParseConnect4Winner
                0x08012ef0       0x54 ./src/APP/main.o
 .text.IsConnect4Game
                0x08012f44       0x74 ./src/APP/main.o
 .text.ParseConnect4State
                0x08012fb8      0x274 ./src/APP/main.o
 .text.ParseMemoryWinner
                0x0801322c       0x54 ./src/APP/main.o
 .text.IsMemoryGame
                0x08013280       0x74 ./src/APP/main.o
 .text.ParseMemoryState
                0x080132f4      0x2a4 ./src/APP/main.o
 .text.IsYatzyGame
                0x08013598       0x74 ./src/APP/main.o
 .text.ParseYatzyState
                0x0801360c      0x8c4 ./src/APP/main.o
 .text.InitHardware
                0x08013ed0       0xde ./src/APP/main.o
 *fill*         0x08013fae        0x2 
 .text.RunOnlineMode
                0x08013fb0      0x6d0 ./src/APP/main.o
 .text.main     0x08014680       0x54 ./src/APP/main.o
                0x08014680                main
 .text.__initialize_hardware
                0x080146d4       0x14 ./src/_initialize_hardware.o
                0x080146d4                __initialize_hardware
 .text.SystemClock_Config
                0x080146e8       0xbc ./src/_initialize_hardware.o
                0x080146e8                SystemClock_Config
 .text.HAL_MspInit
                0x080147a4        0xe ./src/stm32f4xx_hal_msp.o
                0x080147a4                HAL_MspInit
 *fill*         0x080147b2        0x2 
 .text          0x080147b4      0x254 c:/program files (x86)/arm gnu toolchain arm-none-eabi/12.2 mpacbti-rel1/bin/../lib/gcc/arm-none-eabi/12.2.1/thumb/v7e-m+fp/hard\libgcc.a(_arm_muldf3.o)
                0x080147b4                __muldf3
                0x080147b4                __aeabi_dmul
 .text          0x08014a08       0x40 c:/program files (x86)/arm gnu toolchain arm-none-eabi/12.2 mpacbti-rel1/bin/../lib/gcc/arm-none-eabi/12.2.1/thumb/v7e-m+fp/hard\libgcc.a(_arm_fixunsdfsi.o)
                0x08014a08                __aeabi_d2uiz
                0x08014a08                __fixunsdfsi
 .text._vsnprintf_r
                0x08014a48       0x56 c:/program files (x86)/arm gnu toolchain arm-none-eabi/12.2 mpacbti-rel1/bin/../lib/gcc/arm-none-eabi/12.2.1/thumb/v7e-m+fp/hard\libg_nano.a(libc_a-vsnprintf.o)
                0x08014a48                _vsniprintf_r
                0x08014a48                _vsnprintf_r
 *fill*         0x08014a9e        0x2 
 .text.vsnprintf
                0x08014aa0       0x1c c:/program files (x86)/arm gnu toolchain arm-none-eabi/12.2 mpacbti-rel1/bin/../lib/gcc/arm-none-eabi/12.2.1/thumb/v7e-m+fp/hard\libg_nano.a(libc_a-vsnprintf.o)
                0x08014aa0                vsniprintf
                0x08014aa0                vsnprintf
 .text.memcmp   0x08014abc       0x20 c:/program files (x86)/arm gnu toolchain arm-none-eabi/12.2 mpacbti-rel1/bin/../lib/gcc/arm-none-eabi/12.2.1/thumb/v7e-m+fp/hard\libg_nano.a(libc_a-memcmp.o)
                0x08014abc                memcmp
 .text.__errno  0x08014adc        0xc c:/program files (x86)/arm gnu toolchain arm-none-eabi/12.2 mpacbti-rel1/bin/../lib/gcc/arm-none-eabi/12.2.1/thumb/v7e-m+fp/hard\libg_nano.a(libc_a-errno.o)
                0x08014adc                __errno
 .text          0x08014ae8       0x10 c:/program files (x86)/arm gnu toolchain arm-none-eabi/12.2 mpacbti-rel1/bin/../lib/gcc/arm-none-eabi/12.2.1/thumb/v7e-m+fp/hard\libg_nano.a(libc_a-strlen.o)
                0x08014ae8                strlen
 .text.__ssputs_r
                0x08014af8       0xb6 c:/program files (x86)/arm gnu toolchain arm-none-eabi/12.2 mpacbti-rel1/bin/../lib/gcc/arm-none-eabi/12.2.1/thumb/v7e-m+fp/hard\libg_nano.a(libc_a-nano-svfprintf.o)
                0x08014af8                __ssputs_r
 *fill*         0x08014bae        0x2 
 .text._svfprintf_r
                0x08014bb0      0x1f8 c:/program files (x86)/arm gnu toolchain arm-none-eabi/12.2 mpacbti-rel1/bin/../lib/gcc/arm-none-eabi/12.2.1/thumb/v7e-m+fp/hard\libg_nano.a(libc_a-nano-svfprintf.o)
                0x08014bb0                _svfiprintf_r
                0x08014bb0                _svfprintf_r
 .text._printf_common
                0x08014da8       0xda c:/program files (x86)/arm gnu toolchain arm-none-eabi/12.2 mpacbti-rel1/bin/../lib/gcc/arm-none-eabi/12.2.1/thumb/v7e-m+fp/hard\libg_nano.a(libc_a-nano-vfprintf_i.o)
                0x08014da8                _printf_common
 *fill*         0x08014e82        0x2 
 .text._printf_i
                0x08014e84      0x258 c:/program files (x86)/arm gnu toolchain arm-none-eabi/12.2 mpacbti-rel1/bin/../lib/gcc/arm-none-eabi/12.2.1/thumb/v7e-m+fp/hard\libg_nano.a(libc_a-nano-vfprintf_i.o)
                0x08014e84                _printf_i
 .text.memmove  0x080150dc       0x34 c:/program files (x86)/arm gnu toolchain arm-none-eabi/12.2 mpacbti-rel1/bin/../lib/gcc/arm-none-eabi/12.2.1/thumb/v7e-m+fp/hard\libg_nano.a(libc_a-memmove.o)
                0x080150dc                memmove
 .text          0x08015110       0xa0 c:/program files (x86)/arm gnu toolchain arm-none-eabi/12.2 mpacbti-rel1/bin/../lib/gcc/arm-none-eabi/12.2.1/thumb/v7e-m+fp/hard\libg_nano.a(libc_a-memchr.o)
                0x08015110                memchr
 .text.memcpy   0x080151b0       0x1c c:/program files (x86)/arm gnu toolchain arm-none-eabi/12.2 mpacbti-rel1/bin/../lib/gcc/arm-none-eabi/12.2.1/thumb/v7e-m+fp/hard\libg_nano.a(libc_a-memcpy-stub.o)
                0x080151b0                memcpy
 .text._free_r  0x080151cc       0x94 c:/program files (x86)/arm gnu toolchain arm-none-eabi/12.2 mpacbti-rel1/bin/../lib/gcc/arm-none-eabi/12.2.1/thumb/v7e-m+fp/hard\libg_nano.a(libc_a-freer.o)
                0x080151cc                _free_r
 .text.sbrk_aligned
                0x08015260       0x44 c:/program files (x86)/arm gnu toolchain arm-none-eabi/12.2 mpacbti-rel1/bin/../lib/gcc/arm-none-eabi/12.2.1/thumb/v7e-m+fp/hard\libg_nano.a(libc_a-mallocr.o)
 .text._malloc_r
                0x080152a4      0x100 c:/program files (x86)/arm gnu toolchain arm-none-eabi/12.2 mpacbti-rel1/bin/../lib/gcc/arm-none-eabi/12.2.1/thumb/v7e-m+fp/hard\libg_nano.a(libc_a-mallocr.o)
                0x080152a4                _malloc_r
 .text.__malloc_lock
                0x080153a4        0xc c:/program files (x86)/arm gnu toolchain arm-none-eabi/12.2 mpacbti-rel1/bin/../lib/gcc/arm-none-eabi/12.2.1/thumb/v7e-m+fp/hard\libg_nano.a(libc_a-mlock.o)
                0x080153a4                __malloc_lock
 .text.__malloc_unlock
                0x080153b0        0xc c:/program files (x86)/arm gnu toolchain arm-none-eabi/12.2 mpacbti-rel1/bin/../lib/gcc/arm-none-eabi/12.2.1/thumb/v7e-m+fp/hard\libg_nano.a(libc_a-mlock.o)
                0x080153b0                __malloc_unlock
 .text._realloc_r
                0x080153bc       0x5c c:/program files (x86)/arm gnu toolchain arm-none-eabi/12.2 mpacbti-rel1/bin/../lib/gcc/arm-none-eabi/12.2.1/thumb/v7e-m+fp/hard\libg_nano.a(libc_a-reallocr.o)
                0x080153bc                _realloc_r
 .text._sbrk_r  0x08015418       0x20 c:/program files (x86)/arm gnu toolchain arm-none-eabi/12.2 mpacbti-rel1/bin/../lib/gcc/arm-none-eabi/12.2.1/thumb/v7e-m+fp/hard\libg_nano.a(libc_a-sbrkr.o)
                0x08015418                _sbrk_r
 .text.__retarget_lock_acquire_recursive
                0x08015438        0x2 c:/program files (x86)/arm gnu toolchain arm-none-eabi/12.2 mpacbti-rel1/bin/../lib/gcc/arm-none-eabi/12.2.1/thumb/v7e-m+fp/hard\libg_nano.a(libc_a-lock.o)
                0x08015438                __retarget_lock_acquire_recursive
 .text.__retarget_lock_release_recursive
                0x0801543a        0x2 c:/program files (x86)/arm gnu toolchain arm-none-eabi/12.2 mpacbti-rel1/bin/../lib/gcc/arm-none-eabi/12.2.1/thumb/v7e-m+fp/hard\libg_nano.a(libc_a-lock.o)
                0x0801543a                __retarget_lock_release_recursive
 .text._malloc_usable_size_r
                0x0801543c       0x10 c:/program files (x86)/arm gnu toolchain arm-none-eabi/12.2 mpacbti-rel1/bin/../lib/gcc/arm-none-eabi/12.2.1/thumb/v7e-m+fp/hard\libg_nano.a(libc_a-msizer.o)
                0x0801543c                _malloc_usable_size_r
 *(.rodata .rodata.* .constdata .constdata.*)
 .rodata        0x0801544c       0x31 ./system/src/stm32f4-hal/stm32f4xx_hal_cortex.o
 *fill*         0x0801547d        0x3 
 .rodata.APBAHBPrescTable
                0x08015480       0x10 ./system/src/stm32f4-hal/stm32f4xx_hal_rcc.o
                0x08015480                APBAHBPrescTable
 .rodata        0x08015490       0x2e ./system/src/stm32f4-hal/stm32f4xx_hal_rcc.o
 *fill*         0x080154be        0x2 
 .rodata        0x080154c0       0x14 ./system/src/newlib/_exit.o
 .rodata        0x080154d4       0x6f ./system/src/newlib/assert.o
 *fill*         0x08015543        0x1 
 .rodata        0x08015544       0x2d ./system/src/diag/Trace.o
 *fill*         0x08015571        0x3 
 .rodata        0x08015574      0x146 ./system/src/cortexm/exception_handlers.o
 *fill*         0x080156ba        0x2 
 .rodata.AHBPrescTable
                0x080156bc       0x10 ./system/src/cmsis/system_stm32f4xx.o
                0x080156bc                AHBPrescTable
 .rodata.spinner_x
                0x080156cc        0x8 ./src/HAL/TFT/TFT_prg.o
 .rodata.spinner_y
                0x080156d4        0x8 ./src/HAL/TFT/TFT_prg.o
 .rodata.trail_colors
                0x080156dc       0x10 ./src/HAL/TFT/TFT_prg.o
 .rodata        0x080156ec        0x7 ./src/HAL/OTA_LED/OTA_LED_prg.o
 *fill*         0x080156f3        0x1 
 .rodata        0x080156f4       0xda ./src/HAL/ESP8266/ESP8266_prg.o
 *fill*         0x080157ce        0x2 
 .rodata.closed.0
                0x080157d0        0x7 ./src/HAL/ESP8266/ESP8266_prg.o
 *fill*         0x080157d7        0x1 
 .rodata        0x080157d8       0x18 ./src/APP/Yatzy/Animation/Yatzy_Animation_prg.o
 .rodata        0x080157f0        0xc ./src/APP/TicTacToe/Animation/TicTacToe_Animation_prg.o
 .rodata.lines.0
                0x080157fc       0x20 ./src/APP/TicTacToe/Animation/TicTacToe_Animation_prg.o
 .rodata.G_xLadders
                0x0801581c       0x10 ./src/APP/SnakeAndLadder/Animation/SnakeLadder_Animation_prg.o
 .rodata.G_xSnakes
                0x0801582c       0x10 ./src/APP/SnakeAndLadder/Animation/SnakeLadder_Animation_prg.o
 .rodata        0x0801583c      0x175 ./src/APP/SnakeAndLadder/Animation/SnakeLadder_Animation_prg.o
 *fill*         0x080159b1        0x3 
 .rodata        0x080159b4       0x39 ./src/APP/RockPaperScissors/Animation/RPS_Animation_prg.o
 *fill*         0x080159ed        0x3 
 .rodata        0x080159f0       0x25 ./src/APP/Offline/CONNECT4.o
 *fill*         0x08015a15        0x3 
 .rodata.dx.2   0x08015a18        0x4 ./src/APP/Offline/OFFLINE_prg.o
 .rodata.dy.1   0x08015a1c        0x4 ./src/APP/Offline/OFFLINE_prg.o
 .rodata        0x08015a20       0x23 ./src/APP/Offline/OFFLINE_prg.o
 *fill*         0x08015a43        0x1 
 .rodata.games.0
                0x08015a44        0xc ./src/APP/Offline/OFFLINE_prg.o
 .rodata.G_s8Dx
                0x08015a50        0x4 ./src/APP/Offline/SNAKE.o
 .rodata.G_s8Dy
                0x08015a54        0x4 ./src/APP/Offline/SNAKE.o
 .rodata        0x08015a58        0x6 ./src/APP/Offline/SNAKE.o
 *fill*         0x08015a5e        0x2 
 .rodata.start_x.1
                0x08015a60        0x4 ./src/APP/Offline/SNAKE.o
 .rodata.start_y.0
                0x08015a64        0x4 ./src/APP/Offline/SNAKE.o
 .rodata        0x08015a68       0x21 ./src/APP/Offline/TICTACTOE.o
 *fill*         0x08015a89        0x3 
 .rodata        0x08015a8c       0x65 ./src/APP/OTA/OTA_prog.o
 *fill*         0x08015af1        0x3 
 .rodata.G_u8Letters
                0x08015af4       0x82 ./src/APP/Menu/MENU_draw.o
 *fill*         0x08015b76        0x2 
 .rodata.G_u8Digits
                0x08015b78       0x32 ./src/APP/Menu/MENU_draw.o
 *fill*         0x08015baa        0x2 
 .rodata        0x08015bac        0xd ./src/APP/Menu/MENU_draw.o
 *fill*         0x08015bb9        0x3 
 .rodata        0x08015bbc       0x19 ./src/APP/Menu/MENU_prg.o
 *fill*         0x08015bd5        0x3 
 .rodata.items.0
                0x08015bd8        0x8 ./src/APP/Menu/MENU_prg.o
 .rodata        0x08015be0       0x10 ./src/APP/Memory/Animation/Memory_Animation_prg.o
 .rodata        0x08015bf0       0x4e ./src/APP/MathQuiz/Animation/MathQuiz_Animation_prg.o
 *fill*         0x08015c3e        0x2 
 .rodata        0x08015c40       0x1c ./src/APP/Connect4/Animation/Connect4_Animation_prg.o
 .rodata.BOARD_XO_LAYOUT
                0x08015c5c       0x24 ./src/APP/Common/BOARD_ANIM.o
                0x08015c5c                BOARD_XO_LAYOUT
 .rodata.BOARD_CONNECT4_LAYOUT
                0x08015c80       0x24 ./src/APP/Common/BOARD_ANIM.o
                0x08015c80                BOARD_CONNECT4_LAYOUT
 .rodata.BOARD_MEMORY_LAYOUT
                0x08015ca4       0x24 ./src/APP/Common/BOARD_ANIM.o
                0x08015ca4                BOARD_MEMORY_LAYOUT
 .rodata.BOARD_YATZY_LAYOUT
                0x08015cc8       0x24 ./src/APP/Common/BOARD_ANIM.o
                0x08015cc8                BOARD_YATZY_LAYOUT
 .rodata.glyph_blank
                0x08015cec        0x3 ./src/APP/Common/FONT3x5.o
 *fill*         0x08015cef        0x1 
 .rodata.glyph_a
                0x08015cf0        0x3 ./src/APP/Common/FONT3x5.o
 *fill*         0x08015cf3        0x1 
 .rodata.glyph_b
                0x08015cf4        0x3 ./src/APP/Common/FONT3x5.o
 *fill*         0x08015cf7        0x1 
 .rodata.glyph_c
                0x08015cf8        0x3 ./src/APP/Common/FONT3x5.o
 *fill*         0x08015cfb        0x1 
 .rodata.glyph_d
                0x08015cfc        0x3 ./src/APP/Common/FONT3x5.o
 *fill*         0x08015cff        0x1 
 .rodata.glyph_e
                0x08015d00        0x3 ./src/APP/Common/FONT3x5.o
 *fill*         0x08015d03        0x1 
 .rodata.glyph_f
                0x08015d04        0x3 ./src/APP/Common/FONT3x5.o
 *fill*         0x08015d07        0x1 
 .rodata.glyph_g
                0x08015d08        0x3 ./src/APP/Common/FONT3x5.o
 *fill*         0x08015d0b        0x1 
 .rodata.glyph_h
                0x08015d0c        0x3 ./src/APP/Common/FONT3x5.o
 *fill*         0x08015d0f        0x1 
 .rodata.glyph_i
                0x08015d10        0x3 ./src/APP/Common/FONT3x5.o
 *fill*         0x08015d13        0x1 
 .rodata.glyph_j
                0x08015d14        0x3 ./src/APP/Common/FONT3x5.o
 *fill*         0x08015d17        0x1 
 .rodata.glyph_k
                0x08015d18        0x3 ./src/APP/Common/FONT3x5.o
 *fill*         0x08015d1b        0x1 
 .rodata.glyph_l
                0x08015d1c        0x3 ./src/APP/Common/FONT3x5.o
 *fill*         0x08015d1f        0x1 
 .rodata.glyph_m
                0x08015d20        0x3 ./src/APP/Common/FONT3x5.o
 *fill*         0x08015d23        0x1 
 .rodata.glyph_n
                0x08015d24        0x3 ./src/APP/Common/FONT3x5.o
 *fill*         0x08015d27        0x1 
 .rodata.glyph_o
                0x08015d28        0x3 ./src/APP/Common/FONT3x5.o
 *fill*         0x08015d2b        0x1 
 .rodata.glyph_p
                0x08015d2c        0x3 ./src/APP/Common/FONT3x5.o
 *fill*         0x08015d2f        0x1 
 .rodata.glyph_q
                0x08015d30        0x3 ./src/APP/Common/FONT3x5.o
 *fill*         0x08015d33        0x1 
 .rodata.glyph_r
                0x08015d34        0x3 ./src/APP/Common/FONT3x5.o
 *fill*         0x08015d37        0x1 
 .rodata.glyph_s
                0x08015d38        0x3 ./src/APP/Common/FONT3x5.o
 *fill*         0x08015d3b        0x1 
 .rodata.glyph_t
                0x08015d3c        0x3 ./src/APP/Common/FONT3x5.o
 *fill*         0x08015d3f        0x1 
 .rodata.glyph_u
                0x08015d40        0x3 ./src/APP/Common/FONT3x5.o
 *fill*         0x08015d43        0x1 
 .rodata.glyph_v
                0x08015d44        0x3 ./src/APP/Common/FONT3x5.o
 *fill*         0x08015d47        0x1 
 .rodata.glyph_w
                0x08015d48        0x3 ./src/APP/Common/FONT3x5.o
 *fill*         0x08015d4b        0x1 
 .rodata.glyph_x
                0x08015d4c        0x3 ./src/APP/Common/FONT3x5.o
 *fill*         0x08015d4f        0x1 
 .rodata.glyph_y
                0x08015d50        0x3 ./src/APP/Common/FONT3x5.o
 *fill*         0x08015d53        0x1 
 .rodata.glyph_z
                0x08015d54        0x3 ./src/APP/Common/FONT3x5.o
 *fill*         0x08015d57        0x1 
 .rodata.glyph_0
                0x08015d58        0x3 ./src/APP/Common/FONT3x5.o
 *fill*         0x08015d5b        0x1 
 .rodata.glyph_1
                0x08015d5c        0x3 ./src/APP/Common/FONT3x5.o
 *fill*         0x08015d5f        0x1 
 .rodata.glyph_2
                0x08015d60        0x3 ./src/APP/Common/FONT3x5.o
 *fill*         0x08015d63        0x1 
 .rodata.glyph_3
                0x08015d64        0x3 ./src/APP/Common/FONT3x5.o
 *fill*         0x08015d67        0x1 
 .rodata.glyph_4
                0x08015d68        0x3 ./src/APP/Common/FONT3x5.o
 *fill*         0x08015d6b        0x1 
 .rodata.glyph_5
                0x08015d6c        0x3 ./src/APP/Common/FONT3x5.o
 *fill*         0x08015d6f        0x1 
 .rodata.glyph_6
                0x08015d70        0x3 ./src/APP/Common/FONT3x5.o
 *fill*         0x08015d73        0x1 
 .rodata.glyph_7
                0x08015d74        0x3 ./src/APP/Common/FONT3x5.o
 *fill*         0x08015d77        0x1 
 .rodata.glyph_8
                0x08015d78        0x3 ./src/APP/Common/FONT3x5.o
 *fill*         0x08015d7b        0x1 
 .rodata.glyph_9
                0x08015d7c        0x3 ./src/APP/Common/FONT3x5.o
 *fill*         0x08015d7f        0x1 
 .rodata.glyph_plus
                0x08015d80        0x3 ./src/APP/Common/FONT3x5.o
 *fill*         0x08015d83        0x1 
 .rodata.glyph_minus
                0x08015d84        0x3 ./src/APP/Common/FONT3x5.o
 *fill*         0x08015d87        0x1 
 .rodata.glyph_times
                0x08015d88        0x3 ./src/APP/Common/FONT3x5.o
 *fill*         0x08015d8b        0x1 
 .rodata.glyph_slash
                0x08015d8c        0x3 ./src/APP/Common/FONT3x5.o
 *fill*         0x08015d8f        0x1 
 .rodata.glyph_equal
                0x08015d90        0x3 ./src/APP/Common/FONT3x5.o
 *fill*         0x08015d93        0x1 
 .rodata.glyph_colon
                0x08015d94        0x3 ./src/APP/Common/FONT3x5.o
 *fill*         0x08015d97        0x1 
 .rodata.glyph_dot
                0x08015d98        0x3 ./src/APP/Common/FONT3x5.o
 *fill*         0x08015d9b        0x1 
 .rodata.glyph_bang
                0x08015d9c        0x3 ./src/APP/Common/FONT3x5.o
 *fill*         0x08015d9f        0x1 
 .rodata        0x08015da0      0x317 ./src/APP/main.o
 .rodata._svfprintf_r.str1.1
                0x080160b7       0x11 c:/program files (x86)/arm gnu toolchain arm-none-eabi/12.2 mpacbti-rel1/bin/../lib/gcc/arm-none-eabi/12.2.1/thumb/v7e-m+fp/hard\libg_nano.a(libc_a-nano-svfprintf.o)
 .rodata._printf_i.str1.1
                0x080160c8       0x22 c:/program files (x86)/arm gnu toolchain arm-none-eabi/12.2 mpacbti-rel1/bin/../lib/gcc/arm-none-eabi/12.2.1/thumb/v7e-m+fp/hard\libg_nano.a(libc_a-nano-vfprintf_i.o)
 *(vtable)
 *(.eh_frame*)
 *fill*         0x080160ea        0x2 
 .eh_frame      0x080160ec       0x28 c:/program files (x86)/arm gnu toolchain arm-none-eabi/12.2 mpacbti-rel1/bin/../lib/gcc/arm-none-eabi/12.2.1/thumb/v7e-m+fp/hard\libg_nano.a(libc_a-strlen.o)
 .eh_frame      0x08016114       0x50 c:/program files (x86)/arm gnu toolchain arm-none-eabi/12.2 mpacbti-rel1/bin/../lib/gcc/arm-none-eabi/12.2.1/thumb/v7e-m+fp/hard\libg_nano.a(libc_a-memchr.o)
 *(.glue_7)
 .glue_7        0x08016164        0x0 linker stubs
 *(.glue_7t)
 .glue_7t       0x08016164        0x0 linker stubs

.vfp11_veneer   0x08016164        0x0
 .vfp11_veneer  0x08016164        0x0 linker stubs

.v4_bx          0x08016164        0x0
 .v4_bx         0x08016164        0x0 linker stubs

.iplt           0x08016164        0x0
 .iplt          0x08016164        0x0 ./system/src/stm32f4-hal/stm32f4xx_hal.o

.ARM.extab
 *(.ARM.extab* .gnu.linkonce.armextab.*)
                0x08016164                        . = ALIGN (0x4)
                0x08016164                        __exidx_start = .

.ARM.exidx      0x08016164        0x8
 *(.ARM.exidx* .gnu.linkonce.armexidx.*)
 .ARM.exidx     0x08016164        0x8 c:/program files (x86)/arm gnu toolchain arm-none-eabi/12.2 mpacbti-rel1/bin/../lib/gcc/arm-none-eabi/12.2.1/thumb/v7e-m+fp/hard\libg_nano.a(libc_a-strlen.o)
 .ARM.exidx     0x0801616c        0x0 c:/program files (x86)/arm gnu toolchain arm-none-eabi/12.2 mpacbti-rel1/bin/../lib/gcc/arm-none-eabi/12.2.1/thumb/v7e-m+fp/hard\libg_nano.a(libc_a-memchr.o)
                                  0x8 (size before relaxing)
                0x0801616c                        __exidx_end = .
                0x0801616c                        . = ALIGN (0x4)
                0x0801616c                        _etext = .
                0x0801616c                        __etext = .

.data_CCMRAM    0x10000000        0x0 load address 0x0801616c
 FILL mask 0xff
 *(.data.CCMRAM .data.CCMRAM.*)
                0x10000000                        . = ALIGN (0x4)
                0x0801616c                        _sidata = LOADADDR (.data)

.data           0x20000000       0x78 load address 0x0801616c
 FILL mask 0xff
                0x20000000                        _sdata = .
                0x20000000                        __data_start__ = .
 *(.data_begin .data_begin.*)
 .data_begin    0x20000000        0x4 ./system/src/newlib/_startup.o
 *(.data .data.*)
 .data.argv.1   0x20000004        0x8 ./system/src/newlib/_syscalls.o
 .data.SystemCoreClock
                0x2000000c        0x4 ./system/src/cmsis/system_stm32f4xx.o
                0x2000000c                SystemCoreClock
 .data.TFT_RST_PIN
                0x20000010        0x7 ./src/HAL/TFT/TFT_prg.o
                0x20000010                TFT_RST_PIN
 *fill*         0x20000017        0x1 ff
 .data.TFT_A0_PIN
                0x20000018        0x7 ./src/HAL/TFT/TFT_prg.o
                0x20000018                TFT_A0_PIN
 .data.G_u8LastFlip1
                0x2000001f        0x1 ./src/APP/Memory/Animation/Memory_Animation_prg.o
 .data.G_u8LastFlip2
                0x20000020        0x1 ./src/APP/Memory/Animation/Memory_Animation_prg.o
 *fill*         0x20000021        0x3 ff
 .data._impure_ptr
                0x20000024        0x4 c:/program files (x86)/arm gnu toolchain arm-none-eabi/12.2 mpacbti-rel1/bin/../lib/gcc/arm-none-eabi/12.2.1/thumb/v7e-m+fp/hard\libg_nano.a(libc_a-impure.o)
                0x20000024                _impure_ptr
 .data._impure_data
                0x20000028       0x4c c:/program files (x86)/arm gnu toolchain arm-none-eabi/12.2 mpacbti-rel1/bin/../lib/gcc/arm-none-eabi/12.2.1/thumb/v7e-m+fp/hard\libg_nano.a(libc_a-impure.o)
                0x20000028                _impure_data
 *(.data_end .data_end.*)
 .data_end      0x20000074        0x4 ./system/src/newlib/_startup.o
                0x20000078                        . = ALIGN (0x4)
                0x20000078                        _edata = .
                0x20000078                        __data_end__ = .

.igot.plt       0x20000078        0x0 load address 0x080161e4
 .igot.plt      0x20000078        0x0 ./system/src/stm32f4-hal/stm32f4xx_hal.o

.bss_CCMRAM     0x10000000        0x0
 *(.bss.CCMRAM .bss.CCMRAM.*)

.bss            0x20000078      0xdc4
                0x20000078                        __bss_start__ = .
                0x20000078                        _sbss = .
 *(.bss_begin .bss_begin.*)
 .bss_begin     0x20000078        0x4 ./system/src/newlib/_startup.o
 *(.bss .bss.*)
 .bss.uwTick    0x2000007c        0x4 ./system/src/stm32f4-hal/stm32f4xx_hal.o
                0x2000007c                uwTick
 .bss.current_heap_end.0
                0x20000080        0x4 ./system/src/newlib/_sbrk.o
 .bss.errno     0x20000084        0x4 ./system/src/newlib/_syscalls.o
                0x20000084                errno
 .bss.name.0    0x20000088        0x1 ./system/src/newlib/_syscalls.o
 *fill*         0x20000089        0x3 
 .bss.buf.0     0x2000008c       0x80 ./system/src/diag/Trace.o
 .bss.u8G_Buffer
                0x2000010c      0x400 ./src/MCAL/USART/USART_prg.o
 .bss.G_u8RxQueue
                0x2000050c      0x400 ./src/MCAL/USART/USART_prg.o
 .bss.G_u16RxRead
                0x2000090c        0x2 ./src/MCAL/USART/USART_prg.o
 .bss.G_u16RxWrite
                0x2000090e        0x2 ./src/MCAL/USART/USART_prg.o
 .bss.G_u8PtrData
                0x20000910        0x4 ./src/MCAL/USART/USART_prg.o
 .bss.G_u8Indx  0x20000914        0x4 ./src/MCAL/USART/USART_prg.o
 .bss.G_u8Busy  0x20000918        0x1 ./src/MCAL/USART/USART_prg.o
 .bss.G_u8Ready
                0x20000919        0x1 ./src/MCAL/USART/USART_prg.o
 .bss.G_u8RxIndx
                0x2000091a        0x1 ./src/MCAL/USART/USART_prg.o
 .bss.G_u8IgnoreNextLF
                0x2000091b        0x1 ./src/MCAL/USART/USART_prg.o
 .bss.G_xFptr   0x2000091c        0x4 ./src/MCAL/SYSTICK/SYSTICK_prg.o
 .bss.G_u8SingleFlag
                0x20000920        0x1 ./src/MCAL/SYSTICK/SYSTICK_prg.o
 *fill*         0x20000921        0x3 
 .bss.G_Fptr    0x20000924       0x40 ./src/MCAL/EXTI/EXTI_prg.o
 .bss.CurrentXStart
                0x20000964        0x2 ./src/HAL/TFT/TFT_prg.o
 .bss.CurrentYStart
                0x20000966        0x2 ./src/HAL/TFT/TFT_prg.o
 .bss.CurrentXEnd
                0x20000968        0x2 ./src/HAL/TFT/TFT_prg.o
 .bss.CurrentYEnd
                0x2000096a        0x2 ./src/HAL/TFT/TFT_prg.o
 .bss.G_u8Active
                0x2000096c        0x1 ./src/HAL/OTA_LED/OTA_LED_prg.o
 .bss.G_u8Level
                0x2000096d        0x1 ./src/HAL/OTA_LED/OTA_LED_prg.o
 *fill*         0x2000096e        0x2 
 .bss.G_u32LastToggleUS
                0x20000970        0x4 ./src/HAL/OTA_LED/OTA_LED_prg.o
 .bss.G_xDecoder
                0x20000974        0xc ./src/HAL/IR/IR_prg.o
 .bss.G_xQueue  0x20000980       0x20 ./src/HAL/IR/IR_prg.o
 .bss.G_u8Head  0x200009a0        0x1 ./src/HAL/IR/IR_prg.o
 .bss.G_u8Tail  0x200009a1        0x1 ./src/HAL/IR/IR_prg.o
 *fill*         0x200009a2        0x2 
 .bss.G_u32HIREdges
                0x200009a4        0x4 ./src/HAL/IR/IR_prg.o
                0x200009a4                G_u32HIREdges
 .bss.G_u32HIRFrames
                0x200009a8        0x4 ./src/HAL/IR/IR_prg.o
                0x200009a8                G_u32HIRFrames
 .bss.G_u32HIROverflows
                0x200009ac        0x4 ./src/HAL/IR/IR_prg.o
                0x200009ac                G_u32HIROverflows
 .bss.G_u8TcpConnected
                0x200009b0        0x1 ./src/HAL/ESP8266/ESP8266_prg.o
 .bss.G_u8WifiConnected
                0x200009b1        0x1 ./src/HAL/ESP8266/ESP8266_prg.o
 .bss.G_xHESP8266DebugStage
                0x200009b2        0x1 ./src/HAL/ESP8266/ESP8266_prg.o
                0x200009b2                G_xHESP8266DebugStage
 .bss.G_u8HESP8266LastStatus
                0x200009b3        0x1 ./src/HAL/ESP8266/ESP8266_prg.o
                0x200009b3                G_u8HESP8266LastStatus
 .bss.G_cHESP8266LastResponse
                0x200009b4       0x40 ./src/HAL/ESP8266/ESP8266_prg.o
                0x200009b4                G_cHESP8266LastResponse
 .bss.G_u8BoardDrawn
                0x200009f4        0x1 ./src/APP/Yatzy/Animation/Yatzy_Animation_prg.o
 .bss.G_u8LastRoll
                0x200009f5        0x1 ./src/APP/Yatzy/Animation/Yatzy_Animation_prg.o
 *fill*         0x200009f6        0x2 
 .bss.G_xYatzyLastState
                0x200009f8       0x7c ./src/APP/Yatzy/game_prg.o
 .bss.G_u8HasLastState
                0x20000a74        0x1 ./src/APP/Yatzy/game_prg.o
 .bss.G_u8BoardDrawn
                0x20000a75        0x1 ./src/APP/TicTacToe/Animation/TicTacToe_Animation_prg.o
 .bss.G_xLastTurn
                0x20000a76        0x1 ./src/APP/TicTacToe/Animation/TicTacToe_Animation_prg.o
 *fill*         0x20000a77        0x1 
 .bss.G_xLastState
                0x20000a78       0x2e ./src/APP/TicTacToe/game_prg.o
 .bss.G_u8HasLastState
                0x20000aa6        0x1 ./src/APP/TicTacToe/game_prg.o
 .bss.G_u8BoardDrawn
                0x20000aa7        0x1 ./src/APP/SnakeAndLadder/Animation/SnakeLadder_Animation_prg.o
 .bss.G_u8LastP1Pos
                0x20000aa8        0x1 ./src/APP/SnakeAndLadder/Animation/SnakeLadder_Animation_prg.o
 .bss.G_u8LastP2Pos
                0x20000aa9        0x1 ./src/APP/SnakeAndLadder/Animation/SnakeLadder_Animation_prg.o
 .bss.G_u8LastRound
                0x20000aaa        0x1 ./src/APP/SnakeAndLadder/Animation/SnakeLadder_Animation_prg.o
 *fill*         0x20000aab        0x1 
 .bss.G_xLastState
                0x20000aac       0x28 ./src/APP/SnakeAndLadder/game_prg.o
 .bss.G_u8HasLastState
                0x20000ad4        0x1 ./src/APP/SnakeAndLadder/game_prg.o
 *fill*         0x20000ad5        0x3 
 .bss.G_xLastState
                0x20000ad8       0x26 ./src/APP/RockPaperScissors/game_prg.o
 .bss.G_u8HasLastState
                0x20000afe        0x1 ./src/APP/RockPaperScissors/game_prg.o
 *fill*         0x20000aff        0x1 
 .bss.G_xSnake  0x20000b00      0x24c ./src/APP/Offline/SNAKE.o
 .bss.G_u8BoardDrawn
                0x20000d4c        0x1 ./src/APP/Memory/Animation/Memory_Animation_prg.o
 .bss.G_u8LastMatchedPairs
                0x20000d4d        0x1 ./src/APP/Memory/Animation/Memory_Animation_prg.o
 *fill*         0x20000d4e        0x2 
 .bss.G_xLastState
                0x20000d50       0x31 ./src/APP/Memory/game_prg.o
 .bss.G_u8HasLastState
                0x20000d81        0x1 ./src/APP/Memory/game_prg.o
 .bss.G_u8P1Score
                0x20000d82        0x1 ./src/APP/MathQuiz/Animation/MathQuiz_Animation_prg.o
 .bss.G_u8P2Score
                0x20000d83        0x1 ./src/APP/MathQuiz/Animation/MathQuiz_Animation_prg.o
 .bss.G_u8LastCountedRound
                0x20000d84        0x1 ./src/APP/MathQuiz/Animation/MathQuiz_Animation_prg.o
 *fill*         0x20000d85        0x3 
 .bss.G_xLastState
                0x20000d88       0x46 ./src/APP/MathQuiz/game_prg.o
 .bss.G_u8HasLastState
                0x20000dce        0x1 ./src/APP/MathQuiz/game_prg.o
 .bss.G_u8BoardDrawn
                0x20000dcf        0x1 ./src/APP/Connect4/Animation/Connect4_Animation_prg.o
 .bss.G_xLastTurn
                0x20000dd0        0x1 ./src/APP/Connect4/Animation/Connect4_Animation_prg.o
 *fill*         0x20000dd1        0x3 
 .bss.G_xLastState
                0x20000dd4       0x56 ./src/APP/Connect4/game_prg.o
 .bss.G_u8HasLastState
                0x20000e2a        0x1 ./src/APP/Connect4/game_prg.o
 *fill*         0x20000e2b        0x1 
 .bss.__malloc_sbrk_start
                0x20000e2c        0x4 c:/program files (x86)/arm gnu toolchain arm-none-eabi/12.2 mpacbti-rel1/bin/../lib/gcc/arm-none-eabi/12.2.1/thumb/v7e-m+fp/hard\libg_nano.a(libc_a-mallocr.o)
                0x20000e2c                __malloc_sbrk_start
 .bss.__malloc_free_list
                0x20000e30        0x4 c:/program files (x86)/arm gnu toolchain arm-none-eabi/12.2 mpacbti-rel1/bin/../lib/gcc/arm-none-eabi/12.2.1/thumb/v7e-m+fp/hard\libg_nano.a(libc_a-mallocr.o)
                0x20000e30                __malloc_free_list
 .bss.__lock___malloc_recursive_mutex
                0x20000e34        0x1 c:/program files (x86)/arm gnu toolchain arm-none-eabi/12.2 mpacbti-rel1/bin/../lib/gcc/arm-none-eabi/12.2.1/thumb/v7e-m+fp/hard\libg_nano.a(libc_a-lock.o)
                0x20000e34                __lock___malloc_recursive_mutex
 *(COMMON)
 *(.bss_end .bss_end.*)
 *fill*         0x20000e35        0x3 
 .bss_end       0x20000e38        0x4 ./system/src/newlib/_startup.o
                0x20000e3c                        . = ALIGN (0x4)
                0x20000e3c                        __bss_end__ = .
                0x20000e3c                        _ebss = .

.noinit_CCMRAM
 *(.noinit.CCMRAM .noinit.CCMRAM.*)

.noinit         0x20000e3c        0x0
                0x20000e3c                        _noinit = .
 *(.noinit .noinit.*)
                0x20000e3c                        . = ALIGN (0x4)
                0x20000e3c                        _end_noinit = .
                [!provide]                        PROVIDE (end = _end_noinit)
                [!provide]                        PROVIDE (_end = _end_noinit)
                [!provide]                        PROVIDE (__end = _end_noinit)
                [!provide]                        PROVIDE (__end__ = _end_noinit)

._check_stack   0x20000e3c      0x100
                0x20000f3c                        . = (. + _Minimum_Stack_Size)
 *fill*         0x20000e3c      0x100 

.b1text
 *(.b1text)
 *(.b1rodata)
 *(.b1rodata.*)

.eb0text
 *(.eb0text)
 *(.eb0rodata)
 *(.eb0rodata.*)

.eb1text
 *(.eb1text)
 *(.eb1rodata)
 *(.eb1rodata.*)

.eb2text
 *(.eb2text)
 *(.eb2rodata)
 *(.eb2rodata.*)

.eb3text
 *(.eb3text)
 *(.eb3rodata)
 *(.eb3rodata.*)

.stab
 *(.stab)

.stabstr
 *(.stabstr)

.stab.excl
 *(.stab.excl)

.stab.exclstr
 *(.stab.exclstr)

.stab.index
 *(.stab.index)

.stab.indexstr
 *(.stab.indexstr)

.comment        0x00000000       0x55
 *(.comment)
 .comment       0x00000000       0x55 ./system/src/stm32f4-hal/stm32f4xx_hal.o
                                 0x56 (size before relaxing)
 .comment       0x00000055       0x56 ./system/src/stm32f4-hal/stm32f4xx_hal_cortex.o
 .comment       0x00000055       0x56 ./system/src/stm32f4-hal/stm32f4xx_hal_rcc.o
 .comment       0x00000055       0x56 ./system/src/newlib/_exit.o
 .comment       0x00000055       0x56 ./system/src/newlib/_sbrk.o
 .comment       0x00000055       0x56 ./system/src/newlib/_startup.o
 .comment       0x00000055       0x56 ./system/src/newlib/_syscalls.o
 .comment       0x00000055       0x56 ./system/src/newlib/assert.o
 .comment       0x00000055       0x56 ./system/src/diag/Trace.o
 .comment       0x00000055       0x56 ./system/src/diag/trace_impl.o
 .comment       0x00000055       0x56 ./system/src/cortexm/_initialize_hardware.o
 .comment       0x00000055       0x56 ./system/src/cortexm/exception_handlers.o
 .comment       0x00000055       0x56 ./system/src/cmsis/system_stm32f4xx.o
 .comment       0x00000055       0x56 ./system/src/cmsis/vectors_stm32f401xc.o
 .comment       0x00000055       0x56 ./src/MCAL/USART/USART_prg.o
 .comment       0x00000055       0x56 ./src/MCAL/SYSTICK/SYSTICK_prg.o
 .comment       0x00000055       0x56 ./src/MCAL/SPI/SPI_prog.o
 .comment       0x00000055       0x56 ./src/MCAL/RCC/RCC_prg.o
 .comment       0x00000055       0x56 ./src/MCAL/NVIC/NVIC_prg.o
 .comment       0x00000055       0x56 ./src/MCAL/GPIO/GPIO_prg.o
 .comment       0x00000055       0x56 ./src/MCAL/EXTI/EXTI_prg.o
 .comment       0x00000055       0x56 ./src/HAL/TFT/TFT_prg.o
 .comment       0x00000055       0x56 ./src/HAL/OTA_LED/OTA_LED_prg.o
 .comment       0x00000055       0x56 ./src/HAL/IR/IR_decode.o
 .comment       0x00000055       0x56 ./src/HAL/IR/IR_prg.o
 .comment       0x00000055       0x56 ./src/HAL/ESP8266/ESP8266_prg.o
 .comment       0x00000055       0x56 ./src/APP/Yatzy/Animation/Yatzy_Animation_prg.o
 .comment       0x00000055       0x56 ./src/APP/Yatzy/game_prg.o
 .comment       0x00000055       0x56 ./src/APP/TicTacToe/Animation/TicTacToe_Animation_prg.o
 .comment       0x00000055       0x56 ./src/APP/TicTacToe/game_prg.o
 .comment       0x00000055       0x56 ./src/APP/SnakeAndLadder/Animation/SnakeLadder_Animation_prg.o
 .comment       0x00000055       0x56 ./src/APP/SnakeAndLadder/game_prg.o
 .comment       0x00000055       0x56 ./src/APP/RockPaperScissors/Animation/RPS_Animation_prg.o
 .comment       0x00000055       0x56 ./src/APP/RockPaperScissors/game_prg.o
 .comment       0x00000055       0x56 ./src/APP/Offline/CONNECT4.o
 .comment       0x00000055       0x56 ./src/APP/Offline/OFFLINE_prg.o
 .comment       0x00000055       0x56 ./src/APP/Offline/SNAKE.o
 .comment       0x00000055       0x56 ./src/APP/Offline/TICTACTOE.o
 .comment       0x00000055       0x56 ./src/APP/OTA/OTA_prog.o
 .comment       0x00000055       0x56 ./src/APP/Menu/MENU_draw.o
 .comment       0x00000055       0x56 ./src/APP/Menu/MENU_prg.o
 .comment       0x00000055       0x56 ./src/APP/Memory/Animation/Memory_Animation_prg.o
 .comment       0x00000055       0x56 ./src/APP/Memory/game_prg.o
 .comment       0x00000055       0x56 ./src/APP/MathQuiz/Animation/MathQuiz_Animation_prg.o
 .comment       0x00000055       0x56 ./src/APP/MathQuiz/game_prg.o
 .comment       0x00000055       0x56 ./src/APP/Connect4/Animation/Connect4_Animation_prg.o
 .comment       0x00000055       0x56 ./src/APP/Connect4/game_prg.o
 .comment       0x00000055       0x56 ./src/APP/Common/BOARD_ANIM.o
 .comment       0x00000055       0x56 ./src/APP/Common/FONT3x5.o
 .comment       0x00000055       0x56 ./src/APP/Common/LOADING_ANIM.o
 .comment       0x00000055       0x56 ./src/APP/main.o
 .comment       0x00000055       0x56 ./src/_initialize_hardware.o
 .comment       0x00000055       0x56 ./src/stm32f4xx_hal_msp.o

.ARM.attributes
                0x00000000       0x32
 .ARM.attributes
                0x00000000       0x34 ./system/src/stm32f4-hal/stm32f4xx_hal.o
 .ARM.attributes
                0x00000034       0x34 ./system/src/stm32f4-hal/stm32f4xx_hal_cortex.o
 .ARM.attributes
                0x00000068       0x34 ./system/src/stm32f4-hal/stm32f4xx_hal_rcc.o
 .ARM.attributes
                0x0000009c       0x34 ./system/src/newlib/_exit.o
 .ARM.attributes
                0x000000d0       0x34 ./system/src/newlib/_sbrk.o
 .ARM.attributes
                0x00000104       0x34 ./system/src/newlib/_startup.o
 .ARM.attributes
                0x00000138       0x34 ./system/src/newlib/_syscalls.o
 .ARM.attributes
                0x0000016c       0x34 ./system/src/newlib/assert.o
 .ARM.attributes
                0x000001a0       0x34 ./system/src/diag/Trace.o
 .ARM.attributes
                0x000001d4       0x34 ./system/src/diag/trace_impl.o
 .ARM.attributes
                0x00000208       0x34 ./system/src/cortexm/_initialize_hardware.o
 .ARM.attributes
                0x0000023c       0x34 ./system/src/cortexm/exception_handlers.o
 .ARM.attributes
                0x00000270       0x34 ./system/src/cmsis/system_stm32f4xx.o
 .ARM.attributes
                0x000002a4       0x34 ./system/src/cmsis/vectors_stm32f401xc.o
 .ARM.attributes
                0x000002d8       0x34 ./src/MCAL/USART/USART_prg.o
 .ARM.attributes
                0x0000030c       0x34 ./src/MCAL/SYSTICK/SYSTICK_prg.o
 .ARM.attributes
                0x00000340       0x34 ./src/MCAL/SPI/SPI_prog.o
 .ARM.attributes
                0x00000374       0x34 ./src/MCAL/RCC/RCC_prg.o
 .ARM.attributes
                0x000003a8       0x34 ./src/MCAL/NVIC/NVIC_prg.o
 .ARM.attributes
                0x000003dc       0x34 ./src/MCAL/GPIO/GPIO_prg.o
 .ARM.attributes
                0x00000410       0x34 ./src/MCAL/EXTI/EXTI_prg.o
 .ARM.attributes
                0x00000444       0x34 ./src/HAL/TFT/TFT_prg.o
 .ARM.attributes
                0x00000478       0x34 ./src/HAL/OTA_LED/OTA_LED_prg.o
 .ARM.attributes
                0x000004ac       0x34 ./src/HAL/IR/IR_decode.o
 .ARM.attributes
                0x000004e0       0x34 ./src/HAL/IR/IR_prg.o
 .ARM.attributes
                0x00000514       0x34 ./src/HAL/ESP8266/ESP8266_prg.o
 .ARM.attributes
                0x00000548       0x34 ./src/APP/Yatzy/Animation/Yatzy_Animation_prg.o
 .ARM.attributes
                0x0000057c       0x34 ./src/APP/Yatzy/game_prg.o
 .ARM.attributes
                0x000005b0       0x34 ./src/APP/TicTacToe/Animation/TicTacToe_Animation_prg.o
 .ARM.attributes
                0x000005e4       0x34 ./src/APP/TicTacToe/game_prg.o
 .ARM.attributes
                0x00000618       0x34 ./src/APP/SnakeAndLadder/Animation/SnakeLadder_Animation_prg.o
 .ARM.attributes
                0x0000064c       0x34 ./src/APP/SnakeAndLadder/game_prg.o
 .ARM.attributes
                0x00000680       0x34 ./src/APP/RockPaperScissors/Animation/RPS_Animation_prg.o
 .ARM.attributes
                0x000006b4       0x34 ./src/APP/RockPaperScissors/game_prg.o
 .ARM.attributes
                0x000006e8       0x34 ./src/APP/Offline/CONNECT4.o
 .ARM.attributes
                0x0000071c       0x34 ./src/APP/Offline/OFFLINE_prg.o
 .ARM.attributes
                0x00000750       0x34 ./src/APP/Offline/SNAKE.o
 .ARM.attributes
                0x00000784       0x34 ./src/APP/Offline/TICTACTOE.o
 .ARM.attributes
                0x000007b8       0x34 ./src/APP/OTA/OTA_prog.o
 .ARM.attributes
                0x000007ec       0x34 ./src/APP/Menu/MENU_draw.o
 .ARM.attributes
                0x00000820       0x34 ./src/APP/Menu/MENU_prg.o
 .ARM.attributes
                0x00000854       0x34 ./src/APP/Memory/Animation/Memory_Animation_prg.o
 .ARM.attributes
                0x00000888       0x34 ./src/APP/Memory/game_prg.o
 .ARM.attributes
                0x000008bc       0x34 ./src/APP/MathQuiz/Animation/MathQuiz_Animation_prg.o
 .ARM.attributes
                0x000008f0       0x34 ./src/APP/MathQuiz/game_prg.o
 .ARM.attributes
                0x00000924       0x34 ./src/APP/Connect4/Animation/Connect4_Animation_prg.o
 .ARM.attributes
                0x00000958       0x34 ./src/APP/Connect4/game_prg.o
 .ARM.attributes
                0x0000098c       0x34 ./src/APP/Common/BOARD_ANIM.o
 .ARM.attributes
                0x000009c0       0x34 ./src/APP/Common/FONT3x5.o
 .ARM.attributes
                0x000009f4       0x34 ./src/APP/Common/LOADING_ANIM.o
 .ARM.attributes
                0x00000a28       0x34 ./src/APP/main.o
 .ARM.attributes
                0x00000a5c       0x34 ./src/_initialize_hardware.o
 .ARM.attributes
                0x00000a90       0x34 ./src/stm32f4xx_hal_msp.o
 .ARM.attributes
                0x00000ac4       0x22 c:/program files (x86)/arm gnu toolchain arm-none-eabi/12.2 mpacbti-rel1/bin/../lib/gcc/arm-none-eabi/12.2.1/thumb/v7e-m+fp/hard\libgcc.a(_arm_muldf3.o)
 .ARM.attributes
                0x00000ae6       0x22 c:/program files (x86)/arm gnu toolchain arm-none-eabi/12.2 mpacbti-rel1/bin/../lib/gcc/arm-none-eabi/12.2.1/thumb/v7e-m+fp/hard\libgcc.a(_arm_fixunsdfsi.o)
 .ARM.attributes
                0x00000b08       0x34 c:/program files (x86)/arm gnu toolchain arm-none-eabi/12.2 mpacbti-rel1/bin/../lib/gcc/arm-none-eabi/12.2.1/thumb/v7e-m+fp/hard\libg_nano.a(libc_a-vsnprintf.o)
 .ARM.attributes
                0x00000b3c       0x34 c:/program files (x86)/arm gnu toolchain arm-none-eabi/12.2 mpacbti-rel1/bin/../lib/gcc/arm-none-eabi/12.2.1/thumb/v7e-m+fp/hard\libg_nano.a(libc_a-memcmp.o)
 .ARM.attributes
                0x00000b70       0x34 c:/program files (x86)/arm gnu toolchain arm-none-eabi/12.2 mpacbti-rel1/bin/../lib/gcc/arm-none-eabi/12.2.1/thumb/v7e-m+fp/hard\libg_nano.a(libc_a-impure.o)
 .ARM.attributes
                0x00000ba4       0x34 c:/program files (x86)/arm gnu toolchain arm-none-eabi/12.2 mpacbti-rel1/bin/../lib/gcc/arm-none-eabi/12.2.1/thumb/v7e-m+fp/hard\libg_nano.a(libc_a-errno.o)
 .ARM.attributes
                0x00000bd8       0x17 c:/program files (x86)/arm gnu toolchain arm-none-eabi/12.2 mpacbti-rel1/bin/../lib/gcc/arm-none-eabi/12.2.1/thumb/v7e-m+fp/hard\libg_nano.a(libc_a-strlen.o)
 .ARM.attributes
                0x00000bef       0x34 c:/program files (x86)/arm gnu toolchain arm-none-eabi/12.2 mpacbti-rel1/bin/../lib/gcc/arm-none-eabi/12.2.1/thumb/v7e-m+fp/hard\libg_nano.a(libc_a-nano-svfprintf.o)
 .ARM.attributes
                0x00000c23       0x34 c:/program files (x86)/arm gnu toolchain arm-none-eabi/12.2 mpacbti-rel1/bin/../lib/gcc/arm-none-eabi/12.2.1/thumb/v7e-m+fp/hard\libg_nano.a(libc_a-nano-vfprintf_i.o)
 .ARM.attributes
                0x00000c57       0x34 c:/program files (x86)/arm gnu toolchain arm-none-eabi/12.2 mpacbti-rel1/bin/../lib/gcc/arm-none-eabi/12.2.1/thumb/v7e-m+fp/hard\libg_nano.a(libc_a-memmove.o)
 .ARM.attributes
                0x00000c8b       0x1c c:/program files (x86)/arm gnu toolchain arm-none-eabi/12.2 mpacbti-rel1/bin/../lib/gcc/arm-none-eabi/12.2.1/thumb/v7e-m+fp/hard\libg_nano.a(libc_a-memchr.o)
 .ARM.attributes
                0x00000ca7       0x34 c:/program files (x86)/arm gnu toolchain arm-none-eabi/12.2 mpacbti-rel1/bin/../lib/gcc/arm-none-eabi/12.2.1/thumb/v7e-m+fp/hard\libg_nano.a(libc_a-memcpy-stub.o)
 .ARM.attributes
                0x00000cdb       0x34 c:/program files (x86)/arm gnu toolchain arm-none-eabi/12.2 mpacbti-rel1/bin/../lib/gcc/arm-none-eabi/12.2.1/thumb/v7e-m+fp/hard\libg_nano.a(libc_a-freer.o)
 .ARM.attributes
                0x00000d0f       0x34 c:/program files (x86)/arm gnu toolchain arm-none-eabi/12.2 mpacbti-rel1/bin/../lib/gcc/arm-none-eabi/12.2.1/thumb/v7e-m+fp/hard\libg_nano.a(libc_a-mallocr.o)
 .ARM.attributes
                0x00000d43       0x34 c:/program files (x86)/arm gnu toolchain arm-none-eabi/12.2 mpacbti-rel1/bin/../lib/gcc/arm-none-eabi/12.2.1/thumb/v7e-m+fp/hard\libg_nano.a(libc_a-mlock.o)
 .ARM.attributes