Archive member included to satisfy reference by file (symbol)

c:/program files (x86)/arm gnu toolchain arm-none-eabi/12.2 mpacbti-rel1/bin/../lib/gcc/arm-none-eabi/12.2.1/thumb/v7e-m+fp/hard\libg_nano.a(libc_a-errno.o)
                              b__sbrk.o (__errno)
c:/program files (x86)/arm gnu toolchain arm-none-eabi/12.2 mpacbti-rel1/bin/../lib/gcc/arm-none-eabi/12.2.1/thumb/v7e-m+fp/hard\libg_nano.a(libc_a-impure.o)
                              c:/program files (x86)/arm gnu toolchain arm-none-eabi/12.2 mpacbti-rel1/bin/../lib/gcc/arm-none-eabi/12.2.1/thumb/v7e-m+fp/hard\libg_nano.a(libc_a-errno.o) (_impure_ptr)

Discarded input sections

 .group         0x00000000        0xc b_BOOTLOADER_prog.o
 .group         0x00000000        0xc b_BOOTLOADER_prog.o
 .group         0x00000000        0xc b_BOOTLOADER_prog.o
 .group         0x00000000        0xc b_BOOTLOADER_prog.o
 .group         0x00000000        0xc b_BOOTLOADER_prog.o
 .group         0x00000000        0xc b_BOOTLOADER_prog.o
 .group         0x00000000        0xc b_BOOTLOADER_prog.o
 .group         0x00000000        0xc b_BOOTLOADER_prog.o
 .group         0x00000000        0xc b_BOOTLOADER_prog.o
 .group         0x00000000        0xc b_BOOTLOADER_prog.o
 .group         0x00000000        0xc b_BOOTLOADER_prog.o
 .group         0x00000000        0xc b_BOOTLOADER_prog.o
 .group         0x00000000        0xc b_BOOTLOADER_prog.o
 .group         0x00000000        0xc b_BOOTLOADER_prog.o
 .group         0x00000000        0xc b_BOOTLOADER_prog.o
 .group         0x00000000        0xc b_BOOTLOADER_prog.o
 .group         0x00000000        0xc b_BOOTLOADER_prog.o
 .group         0x00000000        0xc b_BOOTLOADER_prog.o
 .group         0x00000000        0xc b_BOOTLOADER_prog.o
 .group         0x00000000        0xc b_BOOTLOADER_prog.o
 .group         0x00000000        0xc b_BOOTLOADER_prog.o
 .group         0x00000000        0xc b_BOOTLOADER_prog.o
 .group         0x00000000        0xc b_BOOTLOADER_prog.o
 .group         0x00000000        0xc b_BOOTLOADER_prog.o
 .group         0x00000000        0xc b_BOOTLOADER_prog.o
 .group         0x00000000        0xc b_BOOTLOADER_prog.o
 .group         0x00000000        0xc b_BOOTLOADER_prog.o
 .group         0x00000000        0xc b_BOOTLOADER_prog.o
 .group         0x00000000        0xc b_BOOTLOADER_prog.o
 .group         0x00000000        0xc b_BOOTLOADER_prog.o
 .group         0x00000000        0xc b_BOOTLOADER_prog.o
 .group         0x00000000        0xc b_BOOTLOADER_prog.o
 .group         0x00000000        0xc b_BOOTLOADER_prog.o
 .group         0x00000000        0xc b_BOOTLOADER_prog.o
 .group         0x00000000        0xc b_BOOTLOADER_prog.o
 .group         0x00000000        0xc b_BOOTLOADER_prog.o
 .group         0x00000000        0xc b_BOOTLOADER_prog.o
 .group         0x00000000        0xc b_BOOTLOADER_prog.o
 .group         0x00000000        0xc b_BOOTLOADER_prog.o
 .group         0x00000000        0xc b_BOOTLOADER_prog.o
 .group         0x00000000        0xc b_BOOTLOADER_prog.o
 .group         0x00000000        0xc b_BOOTLOADER_prog.o
 .group         0x00000000        0xc b_BOOTLOADER_prog.o
 .group         0x00000000        0xc b_BOOTLOADER_prog.o
 .group         0x00000000        0xc b_BOOTLOADER_prog.o
 .group         0x00000000        0xc b_BOOTLOADER_prog.o
 .group         0x00000000        0xc b_BOOTLOADER_prog.o
 .group         0x00000000        0xc b_BOOTLOADER_prog.o
 .group         0x00000000        0xc b_BOOTLOADER_prog.o
 .group         0x00000000        0xc b_BOOTLOADER_prog.o
 .group         0x00000000        0xc b_BOOTLOADER_prog.o
 .group         0x00000000        0xc b_BOOTLOADER_prog.o
 .group         0x00000000        0xc b_BOOTLOADER_prog.o
 .group         0x00000000        0xc b_BOOTLOADER_prog.o
 .group         0x00000000        0xc b_BOOTLOADER_prog.o
 .group         0x00000000        0xc b_BOOTLOADER_prog.o
 .group         0x00000000        0xc b_BOOTLOADER_prog.o
 .group         0x00000000        0xc b_BOOTLOADER_prog.o
 .group         0x00000000        0xc b_BOOTLOADER_prog.o
 .group         0x00000000        0xc b_BOOTLOADER_prog.o
 .group         0x00000000        0xc b_BOOTLOADER_prog.o
 .group         0x00000000        0xc b_BOOTLOADER_prog.o
 .group         0x00000000        0xc b_BOOTLOADER_prog.o
 .group         0x00000000        0xc b_BOOTLOADER_prog.o
 .group         0x00000000        0xc b_BOOTLOADER_prog.o
 .group         0x00000000        0xc b_BOOTLOADER_prog.o
 .group         0x00000000        0xc b_BOOTLOADER_prog.o
 .group         0x00000000        0xc b_BOOTLOADER_prog.o
 .group         0x00000000        0xc b_BOOTLOADER_prog.o
 .group         0x00000000        0xc b_BOOTLOADER_prog.o
 .group         0x00000000        0xc b_BOOTLOADER_prog.o
 .group         0x00000000        0xc b_BOOTLOADER_prog.o
 .group         0x00000000        0xc b_BOOTLOADER_prog.o
 .group         0x00000000        0xc b_BOOTLOADER_prog.o
 .group         0x00000000        0xc b_BOOTLOADER_prog.o
 .group         0x00000000        0xc b_BOOTLOADER_prog.o
 .group         0x00000000        0xc b_BOOTLOADER_prog.o
 .group         0x00000000        0xc b_BOOTLOADER_prog.o
 .text          0x00000000        0x0 b_BOOTLOADER_prog.o
 .data          0x00000000        0x0 b_BOOTLOADER_prog.o
 .bss           0x00000000        0x0 b_BOOTLOADER_prog.o
 .text.BOOTLOADER_u32GetAppVersion
                0x00000000       0x28 b_BOOTLOADER_prog.o
 .text.BOOTLOADER_u8RunOtaIfNeeded
                0x00000000       0x10 b_BOOTLOADER_prog.o
 .group         0x00000000        0xc b__startup.o
 .group         0x00000000        0xc b__startup.o
 .group         0x00000000        0xc b__startup.o
 .group         0x00000000        0xc b__startup.o
 .group         0x00000000        0xc b__startup.o
 .group         0x00000000        0xc b__startup.o
 .group         0x00000000        0xc b__startup.o
 .group         0x00000000        0xc b__startup.o
 .group         0x00000000        0xc b__startup.o
 .group         0x00000000        0xc b__startup.o
 .group         0x00000000        0xc b__startup.o
 .group         0x00000000        0xc b__startup.o
 .group         0x00000000        0xc b__startup.o
 .group         0x00000000        0xc b__startup.o
 .group         0x00000000        0xc b__startup.o
 .group         0x00000000        0xc b__startup.o
 .group         0x00000000        0xc b__startup.o
 .group         0x00000000        0xc b__startup.o
 .group         0x00000000        0xc b__startup.o
 .group         0x00000000        0xc b__startup.o
 .group         0x00000000        0xc b__startup.o
 .group         0x00000000        0xc b__startup.o
 .group         0x00000000        0xc b__startup.o
 .group         0x00000000        0xc b__startup.o
 .text          0x00000000        0x0 b__startup.o
 .data          0x00000000        0x0 b__startup.o
 .bss           0x00000000        0x0 b__startup.o
 .text.__initialize_data
                0x00000000       0x38 b__startup.o
 .text.__initialize_bss
                0x00000000       0x30 b__startup.o
 .text.__run_init_array
                0x00000000       0x70 b__startup.o
 .text.__run_fini_array
                0x00000000       0x40 b__startup.o
 .debug_macro   0x00000000      0xacc b__startup.o
 .debug_macro   0x00000000      0x34e b__startup.o
 .debug_macro   0x00000000       0x22 b__startup.o
 .debug_macro   0x00000000       0x75 b__startup.o
 .debug_macro   0x00000000       0x2a b__startup.o
 .debug_macro   0x00000000       0x94 b__startup.o
 .debug_macro   0x00000000       0x3c b__startup.o
 .debug_macro   0x00000000       0x34 b__startup.o
 .debug_macro   0x00000000       0x57 b__startup.o
 .debug_macro   0x00000000      0x369 b__startup.o
 .debug_macro   0x00000000       0x16 b__startup.o
 .debug_macro   0x00000000       0x43 b__startup.o
 .debug_macro   0x00000000       0x34 b__startup.o
 .group         0x00000000        0xc b__exit.o
 .group         0x00000000        0xc b__exit.o
 .group         0x00000000        0xc b__exit.o
 .group         0x00000000        0xc b__exit.o
 .group         0x00000000        0xc b__exit.o
 .group         0x00000000        0xc b__exit.o
 .group         0x00000000        0xc b__exit.o
 .group         0x00000000        0xc b__exit.o
 .group         0x00000000        0xc b__exit.o
 .group         0x00000000        0xc b__exit.o
 .group         0x00000000        0xc b__exit.o
 .group         0x00000000        0xc b__exit.o
 .group         0x00000000        0xc b__exit.o
 .group         0x00000000        0xc b__exit.o
 .group         0x00000000        0xc b__exit.o
 .group         0x00000000        0xc b__exit.o
 .group         0x00000000        0xc b__exit.o
 .group         0x00000000        0xc b__exit.o
 .group         0x00000000        0xc b__exit.o
 .group         0x00000000        0xc b__exit.o
 .group         0x00000000        0xc b__exit.o
 .group         0x00000000        0xc b__exit.o
 .group         0x00000000        0xc b__exit.o
 .group         0x00000000        0xc b__exit.o
 .group         0x00000000        0xc b__exit.o
 .group         0x00000000        0xc b__exit.o
 .group         0x00000000        0xc b__exit.o
 .group         0x00000000        0xc b__exit.o
 .group         0x00000000        0xc b__exit.o
 .group         0x00000000        0xc b__exit.o
 .group         0x00000000        0xc b__exit.o
 .group         0x00000000        0xc b__exit.o
 .group         0x00000000        0xc b__exit.o
 .text          0x00000000        0x0 b__exit.o
 .data          0x00000000        0x0 b__exit.o
 .bss           0x00000000        0x0 b__exit.o
 .rodata        0x00000000       0x14 b__exit.o
 .text.abort    0x00000000       0x14 b__exit.o
 .debug_macro   0x00000000      0xacc b__exit.o
 .debug_macro   0x00000000       0x2a b__exit.o
 .debug_macro   0x00000000       0x22 b__exit.o
 .debug_macro   0x00000000       0x75 b__exit.o
 .debug_macro   0x00000000       0x94 b__exit.o
 .debug_macro   0x00000000       0x3c b__exit.o
 .debug_macro   0x00000000       0x34 b__exit.o
 .debug_macro   0x00000000       0x16 b__exit.o
 .debug_macro   0x00000000       0x43 b__exit.o
 .debug_macro   0x00000000       0x57 b__exit.o
 .debug_macro   0x00000000       0x34 b__exit.o
 .debug_macro   0x00000000       0x10 b__exit.o
 .debug_macro   0x00000000       0x58 b__exit.o
 .debug_macro   0x00000000      0x1de b__exit.o
 .debug_macro   0x00000000      0x369 b__exit.o
 .debug_macro   0x00000000       0x10 b__exit.o
 .debug_macro   0x00000000       0x6a b__exit.o
 .debug_macro   0x00000000       0x1c b__exit.o
 .debug_macro   0x00000000       0x52 b__exit.o
 .debug_macro   0x00000000       0x22 b__exit.o
 .debug_macro   0x00000000       0x10 b__exit.o
 .debug_macro   0x00000000       0x52 b__exit.o
 .debug_macro   0x00000000       0xcf b__exit.o
 .debug_macro   0x00000000       0x1c b__exit.o
 .debug_macro   0x00000000       0x3d b__exit.o
 .group         0x00000000        0xc b__sbrk.o
 .group         0x00000000        0xc b__sbrk.o
 .group         0x00000000        0xc b__sbrk.o
 .group         0x00000000        0xc b__sbrk.o
 .group         0x00000000        0xc b__sbrk.o
 .group         0x00000000        0xc b__sbrk.o
 .group         0x00000000        0xc b__sbrk.o
 .group         0x00000000        0xc b__sbrk.o
 .group         0x00000000        0xc b__sbrk.o
 .group         0x00000000        0xc b__sbrk.o
 .group         0x00000000        0xc b__sbrk.o
 .group         0x00000000        0xc b__sbrk.o
 .group         0x00000000        0xc b__sbrk.o
 .group         0x00000000        0xc b__sbrk.o
 .group         0x00000000        0xc b__sbrk.o
 .group         0x00000000        0xc b__sbrk.o
 .group         0x00000000        0xc b__sbrk.o
 .group         0x00000000        0xc b__sbrk.o
 .group         0x00000000        0xc b__sbrk.o
 .group         0x00000000        0xc b__sbrk.o
 .group         0x00000000        0xc b__sbrk.o
 .group         0x00000000        0xc b__sbrk.o
 .group         0x00000000        0xc b__sbrk.o
 .group         0x00000000        0xc b__sbrk.o
 .group         0x00000000        0xc b__sbrk.o
 .group         0x00000000        0xc b__sbrk.o
 .group         0x00000000        0xc b__sbrk.o
 .group         0x00000000        0xc b__sbrk.o
 .text          0x00000000        0x0 b__sbrk.o
 .data          0x00000000        0x0 b__sbrk.o
 .bss           0x00000000        0x0 b__sbrk.o
 .text._sbrk    0x00000000       0x68 b__sbrk.o
 .bss.current_heap_end.0
                0x00000000        0x4 b__sbrk.o
 .debug_info    0x00000000       0xfa b__sbrk.o
 .debug_abbrev  0x00000000       0xad b__sbrk.o
 .debug_aranges
                0x00000000       0x20 b__sbrk.o
 .debug_rnglists
                0x00000000       0x13 b__sbrk.o
 .debug_macro   0x00000000      0x163 b__sbrk.o
 .debug_macro   0x00000000      0xacc b__sbrk.o
 .debug_macro   0x00000000       0x22 b__sbrk.o
 .debug_macro   0x00000000       0x75 b__sbrk.o
 .debug_macro   0x00000000       0x2a b__sbrk.o
 .debug_macro   0x00000000       0x94 b__sbrk.o
 .debug_macro   0x00000000       0x3c b__sbrk.o
 .debug_macro   0x00000000       0x34 b__sbrk.o
 .debug_macro   0x00000000       0x57 b__sbrk.o
 .debug_macro   0x00000000      0x189 b__sbrk.o
 .debug_macro   0x00000000      0x369 b__sbrk.o
 .debug_macro   0x00000000       0x10 b__sbrk.o
 .debug_macro   0x00000000       0x16 b__sbrk.o
 .debug_macro   0x00000000       0x43 b__sbrk.o
 .debug_macro   0x00000000       0x34 b__sbrk.o
 .debug_macro   0x00000000       0x6a b__sbrk.o
 .debug_macro   0x00000000       0x1c b__sbrk.o
 .debug_macro   0x00000000       0x52 b__sbrk.o
 .debug_macro   0x00000000       0x22 b__sbrk.o
 .debug_macro   0x00000000       0x10 b__sbrk.o
 .debug_macro   0x00000000       0x52 b__sbrk.o
 .debug_macro   0x00000000       0xcf b__sbrk.o
 .debug_macro   0x00000000       0x1c b__sbrk.o
 .debug_macro   0x00000000       0x3d b__sbrk.o
 .debug_macro   0x00000000       0x10 b__sbrk.o
 .debug_macro   0x00000000       0x10 b__sbrk.o
 .debug_macro   0x00000000       0x58 b__sbrk.o
 .debug_macro   0x00000000      0x1de b__sbrk.o
 .debug_macro   0x00000000      0x23c b__sbrk.o
 .debug_line    0x00000000      0x36f b__sbrk.o
 .debug_str     0x00000000     0x705a b__sbrk.o
 .comment       0x00000000       0x56 b__sbrk.o
 .debug_frame   0x00000000       0x34 b__sbrk.o
 .ARM.attributes
                0x00000000       0x34 b__sbrk.o
 .group         0x00000000        0xc b__syscalls.o
 .group         0x00000000        0xc b__syscalls.o
 .group         0x00000000        0xc b__syscalls.o
 .group         0x00000000        0xc b__syscalls.o
 .group         0x00000000        0xc b__syscalls.o
 .group         0x00000000        0xc b__syscalls.o
 .group         0x00000000        0xc b__syscalls.o
 .group         0x00000000        0xc b__syscalls.o
 .group         0x00000000        0xc b__syscalls.o
 .group         0x00000000        0xc b__syscalls.o
 .group         0x00000000        0xc b__syscalls.o
 .group         0x00000000        0xc b__syscalls.o
 .group         0x00000000        0xc b__syscalls.o
 .group         0x00000000        0xc b__syscalls.o
 .group         0x00000000        0xc b__syscalls.o
 .group         0x00000000        0xc b__syscalls.o
 .group         0x00000000        0xc b__syscalls.o
 .group         0x00000000        0xc b__syscalls.o
 .group         0x00000000        0xc b__syscalls.o
 .group         0x00000000        0xc b__syscalls.o
 .group         0x00000000        0xc b__syscalls.o
 .group         0x00000000        0xc b__syscalls.o
 .group         0x00000000        0xc b__syscalls.o
 .group         0x00000000        0xc b__syscalls.o
 .group         0x00000000        0xc b__syscalls.o
 .group         0x00000000        0xc b__syscalls.o
 .group         0x00000000        0xc b__syscalls.o
 .group         0x00000000        0xc b__syscalls.o
 .group         0x00000000        0xc b__syscalls.o
 .group         0x00000000        0xc b__syscalls.o
 .group         0x00000000        0xc b__syscalls.o
 .group         0x00000000        0xc b__syscalls.o
 .group         0x00000000        0xc b__syscalls.o
 .group         0x00000000        0xc b__syscalls.o
 .group         0x00000000        0xc b__syscalls.o
 .group         0x00000000        0xc b__syscalls.o
 .group         0x00000000        0xc b__syscalls.o
 .group         0x00000000        0xc b__syscalls.o
 .group         0x00000000        0xc b__syscalls.o
 .group         0x00000000        0xc b__syscalls.o
 .text          0x00000000        0x0 b__syscalls.o
 .data          0x00000000        0x0 b__syscalls.o
 .bss           0x00000000        0x0 b__syscalls.o
 .bss.errno     0x00000000        0x4 b__syscalls.o
 .bss.__dso_handle
                0x00000000        0x4 b__syscalls.o
 .text.raise    0x00000000       0x1e b__syscalls.o
 .text.kill     0x00000000       0x20 b__syscalls.o
 .debug_macro   0x00000000      0xacc b__syscalls.o
 .debug_macro   0x00000000       0x22 b__syscalls.o
 .debug_macro   0x00000000       0x75 b__syscalls.o
 .debug_macro   0x00000000       0x2a b__syscalls.o
 .debug_macro   0x00000000       0x94 b__syscalls.o
 .debug_macro   0x00000000       0x3c b__syscalls.o
 .debug_macro   0x00000000       0x34 b__syscalls.o
 .debug_macro   0x00000000       0x10 b__syscalls.o
 .debug_macro   0x00000000      0x189 b__syscalls.o
 .debug_macro   0x00000000       0x16 b__syscalls.o
 .debug_macro   0x00000000       0x43 b__syscalls.o
 .debug_macro   0x00000000       0x57 b__syscalls.o
 .debug_macro   0x00000000       0x34 b__syscalls.o
 .debug_macro   0x00000000       0x10 b__syscalls.o
 .debug_macro   0x00000000       0x58 b__syscalls.o
 .debug_macro   0x00000000      0x1de b__syscalls.o
 .debug_macro   0x00000000      0x23c b__syscalls.o
 .debug_macro   0x00000000      0x369 b__syscalls.o
 .debug_macro   0x00000000       0x35 b__syscalls.o
 .debug_macro   0x00000000       0x10 b__syscalls.o
 .debug_macro   0x00000000       0x6a b__syscalls.o
 .debug_macro   0x00000000       0x1c b__syscalls.o
 .debug_macro   0x00000000       0x52 b__syscalls.o
 .debug_macro   0x00000000       0x22 b__syscalls.o
 .debug_macro   0x00000000       0x10 b__syscalls.o
 .debug_macro   0x00000000       0x52 b__syscalls.o
 .debug_macro   0x00000000       0xcf b__syscalls.o
 .debug_macro   0x00000000       0x1c b__syscalls.o
 .debug_macro   0x00000000       0x3d b__syscalls.o
 .debug_macro   0x00000000      0x34e b__syscalls.o
 .group         0x00000000        0xc b__initialize_hardware.o
 .group         0x00000000        0xc b__initialize_hardware.o
 .group         0x00000000        0xc b__initialize_hardware.o
 .group         0x00000000        0xc b__initialize_hardware.o
 .group         0x00000000        0xc b__initialize_hardware.o
 .group         0x00000000        0xc b__initialize_hardware.o
 .group         0x00000000        0xc b__initialize_hardware.o
 .group         0x00000000        0xc b__initialize_hardware.o
 .group         0x00000000        0xc b__initialize_hardware.o
 .group         0x00000000        0xc b__initialize_hardware.o
 .group         0x00000000        0xc b__initialize_hardware.o
 .group         0x00000000        0xc b__initialize_hardware.o
 .group         0x00000000        0xc b__initialize_hardware.o
 .group         0x00000000        0xc b__initialize_hardware.o
 .group         0x00000000        0xc b__initialize_hardware.o
 .group         0x00000000        0xc b__initialize_hardware.o
 .group         0x00000000        0xc b__initialize_hardware.o
 .group         0x00000000        0xc b__initialize_hardware.o
 .group         0x00000000        0xc b__initialize_hardware.o
 .group         0x00000000        0xc b__initialize_hardware.o
 .group         0x00000000        0xc b__initialize_hardware.o
 .group         0x00000000        0xc b__initialize_hardware.o
 .group         0x00000000        0xc b__initialize_hardware.o
 .group         0x00000000        0xc b__initialize_hardware.o
 .group         0x00000000        0xc b__initialize_hardware.o
 .group         0x00000000        0xc b__initialize_hardware.o
 .group         0x00000000        0xc b__initialize_hardware.o
 .group         0x00000000        0xc b__initialize_hardware.o
 .group         0x00000000        0xc b__initialize_hardware.o
 .group         0x00000000        0xc b__initialize_hardware.o
 .group         0x00000000        0xc b__initialize_hardware.o
 .group         0x00000000        0xc b__initialize_hardware.o
 .group         0x00000000        0xc b__initialize_hardware.o
 .group         0x00000000        0xc b__initialize_hardware.o
 .group         0x00000000        0xc b__initialize_hardware.o
 .group         0x00000000        0xc b__initialize_hardware.o
 .group         0x00000000        0xc b__initialize_hardware.o
 .group         0x00000000        0xc b__initialize_hardware.o
 .group         0x00000000        0xc b__initialize_hardware.o
 .group         0x00000000        0xc b__initialize_hardware.o
 .group         0x00000000        0xc b__initialize_hardware.o
 .group         0x00000000        0xc b__initialize_hardware.o
 .group         0x00000000        0xc b__initialize_hardware.o
 .group         0x00000000        0xc b__initialize_hardware.o
 .group         0x00000000        0xc b__initialize_hardware.o
 .group         0x00000000        0xc b__initialize_hardware.o
 .group         0x00000000        0xc b__initialize_hardware.o
 .group         0x00000000        0xc b__initialize_hardware.o
 .group         0x00000000        0xc b__initialize_hardware.o
 .group         0x00000000        0xc b__initialize_hardware.o
 .group         0x00000000        0xc b__initialize_hardware.o
 .group         0x00000000        0xc b__initialize_hardware.o
 .group         0x00000000        0xc b__initialize_hardware.o
 .group         0x00000000        0xc b__initialize_hardware.o
 .group         0x00000000        0xc b__initialize_hardware.o
 .group         0x00000000        0xc b__initialize_hardware.o
 .group         0x00000000        0xc b__initialize_hardware.o
 .group         0x00000000        0xc b__initialize_hardware.o
 .group         0x00000000        0xc b__initialize_hardware.o
 .group         0x00000000        0xc b__initialize_hardware.o
 .group         0x00000000        0xc b__initialize_hardware.o
 .group         0x00000000        0xc b__initialize_hardware.o
 .group         0x00000000        0xc b__initialize_hardware.o
 .group         0x00000000        0xc b__initialize_hardware.o
 .group         0x00000000        0xc b__initialize_hardware.o
 .group         0x00000000        0xc b__initialize_hardware.o
 .group         0x00000000        0xc b__initialize_hardware.o
 .group         0x00000000        0xc b__initialize_hardware.o
 .group         0x00000000        0xc b__initialize_hardware.o
 .group         0x00000000        0xc b__initialize_hardware.o
 .group         0x00000000        0xc b__initialize_hardware.o
 .group         0x00000000        0xc b__initialize_hardware.o
 .group         0x00000000        0xc b__initialize_hardware.o
 .group         0x00000000        0xc b__initialize_hardware.o
 .group         0x00000000        0xc b__initialize_hardware.o
 .group         0x00000000        0xc b__initialize_hardware.o
 .text          0x00000000        0x0 b__initialize_hardware.o
 .data          0x00000000        0x0 b__initialize_hardware.o
 .bss           0x00000000        0x0 b__initialize_hardware.o
 .debug_macro   0x00000000      0xacc b__initialize_hardware.o
 .debug_macro   0x00000000       0x31 b__initialize_hardware.o
 .debug_macro   0x00000000       0x28 b__initialize_hardware.o
 .debug_macro   0x00000000      0x34e b__initialize_hardware.o
 .debug_macro   0x00000000       0x35 b__initialize_hardware.o
 .debug_macro   0x00000000       0x50 b__initialize_hardware.o
 .debug_macro   0x00000000      0xe66 b__initialize_hardware.o
 .debug_macro   0x00000000     0x5099 b__initialize_hardware.o
 .debug_macro   0x00000000       0x43 b__initialize_hardware.o
 .debug_macro   0x00000000      0x289 b__initialize_hardware.o
 .debug_macro   0x00000000     0x347f b__initialize_hardware.o
 .debug_macro   0x00000000       0x22 b__initialize_hardware.o
 .debug_macro   0x00000000       0x75 b__initialize_hardware.o
 .debug_macro   0x00000000       0x2a b__initialize_hardware.o
 .debug_macro   0x00000000       0x94 b__initialize_hardware.o
 .debug_macro   0x00000000       0x3c b__initialize_hardware.o
 .debug_macro   0x00000000       0x34 b__initialize_hardware.o
 .debug_macro   0x00000000       0x16 b__initialize_hardware.o
 .debug_macro   0x00000000       0x57 b__initialize_hardware.o
 .debug_macro   0x00000000       0x9e b__initialize_hardware.o
 .debug_macro   0x00000000      0x369 b__initialize_hardware.o
 .debug_macro   0x00000000      0x10b b__initialize_hardware.o
 .debug_macro   0x00000000       0x10 b__initialize_hardware.o
 .debug_macro   0x00000000       0x16 b__initialize_hardware.o
 .debug_macro   0x00000000       0x43 b__initialize_hardware.o
 .debug_macro   0x00000000       0x34 b__initialize_hardware.o
 .debug_macro   0x00000000       0x10 b__initialize_hardware.o
 .debug_macro   0x00000000       0x58 b__initialize_hardware.o
 .debug_macro   0x00000000      0x1de b__initialize_hardware.o
 .debug_macro   0x00000000       0x16 b__initialize_hardware.o
 .debug_macro   0x00000000       0x16 b__initialize_hardware.o
 .debug_macro   0x00000000      0x170 b__initialize_hardware.o
 .debug_macro   0x00000000       0x57 b__initialize_hardware.o
 .debug_macro   0x00000000      0x424 b__initialize_hardware.o
 .debug_macro   0x00000000      0x9e1 b__initialize_hardware.o
 .debug_macro   0x00000000      0x11e b__initialize_hardware.o
 .debug_macro   0x00000000       0xf8 b__initialize_hardware.o
 .debug_macro   0x00000000       0x27 b__initialize_hardware.o
 .debug_macro   0x00000000      0x287 b__initialize_hardware.o
 .debug_macro   0x00000000       0x5f b__initialize_hardware.o
 .debug_macro   0x00000000      0x23a b__initialize_hardware.o
 .debug_macro   0x00000000      0x391 b__initialize_hardware.o
 .debug_macro   0x00000000      0x16f b__initialize_hardware.o
 .debug_macro   0x00000000       0xf9 b__initialize_hardware.o
 .debug_macro   0x00000000       0x23 b__initialize_hardware.o
 .debug_macro   0x00000000      0x13a b__initialize_hardware.o
 .debug_macro   0x00000000      0x23a b__initialize_hardware.o
 .debug_macro   0x00000000       0x2e b__initialize_hardware.o
 .debug_macro   0x00000000      0x1a7 b__initialize_hardware.o
 .debug_macro   0x00000000       0x22 b__initialize_hardware.o
 .debug_macro   0x00000000       0xa5 b__initialize_hardware.o
 .debug_macro   0x00000000      0x18b b__initialize_hardware.o
 .debug_macro   0x00000000       0x24 b__initialize_hardware.o
 .debug_macro   0x00000000       0x35 b__initialize_hardware.o
 .debug_macro   0x00000000       0x79 b__initialize_hardware.o
 .debug_macro   0x00000000      0x11e b__initialize_hardware.o
 .debug_macro   0x00000000       0x85 b__initialize_hardware.o
 .debug_macro   0x00000000       0x89 b__initialize_hardware.o
 .debug_macro   0x00000000      0x31a b__initialize_hardware.o
 .debug_macro   0x00000000      0x409 b__initialize_hardware.o
 .debug_macro   0x00000000       0xe4 b__initialize_hardware.o
 .debug_macro   0x00000000      0x48d b__initialize_hardware.o
 .debug_macro   0x00000000      0x22b b__initialize_hardware.o
 .debug_macro   0x00000000      0x202 b__initialize_hardware.o
 .debug_macro   0x00000000      0x6d9 b__initialize_hardware.o
 .debug_macro   0x00000000       0x5b b__initialize_hardware.o
 .debug_macro   0x00000000      0x14d b__initialize_hardware.o
 .debug_macro   0x00000000      0x287 b__initialize_hardware.o
 .debug_macro   0x00000000      0x225 b__initialize_hardware.o
 .debug_macro   0x00000000      0x1b5 b__initialize_hardware.o
 .debug_macro   0x00000000      0x2db b__initialize_hardware.o
 .debug_macro   0x00000000       0x89 b__initialize_hardware.o
 .debug_macro   0x00000000      0x1df b__initialize_hardware.o
 .debug_macro   0x00000000      0x115 b__initialize_hardware.o
 .debug_macro   0x00000000       0x6e b__initialize_hardware.o
 .debug_macro   0x00000000      0x11e b__initialize_hardware.o
 .group         0x00000000        0xc b__reset_hardware.o
 .group         0x00000000        0xc b__reset_hardware.o
 .group         0x00000000        0xc b__reset_hardware.o
 .group         0x00000000        0xc b__reset_hardware.o
 .group         0x00000000        0xc b__reset_hardware.o
 .group         0x00000000        0xc b__reset_hardware.o
 .group         0x00000000        0xc b__reset_hardware.o
 .group         0x00000000        0xc b__reset_hardware.o
 .group         0x00000000        0xc b__reset_hardware.o
 .group         0x00000000        0xc b__reset_hardware.o
 .group         0x00000000        0xc b__reset_hardware.o
 .group         0x00000000        0xc b__reset_hardware.o
 .group         0x00000000        0xc b__reset_hardware.o
 .group         0x00000000        0xc b__reset_hardware.o
 .group         0x00000000        0xc b__reset_hardware.o
 .group         0x00000000        0xc b__reset_hardware.o
 .group         0x00000000        0xc b__reset_hardware.o
 .group         0x00000000        0xc b__reset_hardware.o
 .group         0x00000000        0xc b__reset_hardware.o
 .group         0x00000000        0xc b__reset_hardware.o
 .group         0x00000000        0xc b__reset_hardware.o
 .group         0x00000000        0xc b__reset_hardware.o
 .group         0x00000000        0xc b__reset_hardware.o
 .group         0x00000000        0xc b__reset_hardware.o
 .group         0x00000000        0xc b__reset_hardware.o
 .group         0x00000000        0xc b__reset_hardware.o
 .group         0x00000000        0xc b__reset_hardware.o
 .group         0x00000000        0xc b__reset_hardware.o
 .group         0x00000000        0xc b__reset_hardware.o
 .group         0x00000000        0xc b__reset_hardware.o
 .group         0x00000000        0xc b__reset_hardware.o
 .group         0x00000000        0xc b__reset_hardware.o
 .group         0x00000000        0xc b__reset_hardware.o
 .group         0x00000000        0xc b__reset_hardware.o
 .group         0x00000000        0xc b__reset_hardware.o
 .group         0x00000000        0xc b__reset_hardware.o
 .group         0x00000000        0xc b__reset_hardware.o
 .group         0x00000000        0xc b__reset_hardware.o
 .group         0x00000000        0xc b__reset_hardware.o
 .group         0x00000000        0xc b__reset_hardware.o
 .group         0x00000000        0xc b__reset_hardware.o
 .group         0x00000000        0xc b__reset_hardware.o
 .group         0x00000000        0xc b__reset_hardware.o
 .group         0x00000000        0xc b__reset_hardware.o
 .group         0x00000000        0xc b__reset_hardware.o
 .group         0x00000000        0xc b__reset_hardware.o
 .group         0x00000000        0xc b__reset_hardware.o
 .group         0x00000000        0xc b__reset_hardware.o
 .group         0x00000000        0xc b__reset_hardware.o
 .group         0x00000000        0xc b__reset_hardware.o
 .group         0x00000000        0xc b__reset_hardware.o
 .group         0x00000000        0xc b__reset_hardware.o
 .group         0x00000000        0xc b__reset_hardware.o
 .group         0x00000000        0xc b__reset_hardware.o
 .group         0x00000000        0xc b__reset_hardware.o
 .group         0x00000000        0xc b__reset_hardware.o
 .group         0x00000000        0xc b__reset_hardware.o
 .group         0x00000000        0xc b__reset_hardware.o
 .group         0x00000000        0xc b__reset_hardware.o
 .group         0x00000000        0xc b__reset_hardware.o
 .group         0x00000000        0xc b__reset_hardware.o
 .group         0x00000000        0xc b__reset_hardware.o
 .group         0x00000000        0xc b__reset_hardware.o
 .group         0x00000000        0xc b__reset_hardware.o
 .group         0x00000000        0xc b__reset_hardware.o
 .group         0x00000000        0xc b__reset_hardware.o
 .group         0x00000000        0xc b__reset_hardware.o
 .group         0x00000000        0xc b__reset_hardware.o
 .group         0x00000000        0xc b__reset_hardware.o
 .group         0x00000000        0xc b__reset_hardware.o
 .group         0x00000000        0xc b__reset_hardware.o
 .group         0x00000000        0xc b__reset_hardware.o
 .group         0x00000000        0xc b__reset_hardware.o
 .group         0x00000000        0xc b__reset_hardware.o
 .group         0x00000000        0xc b__reset_hardware.o
 .group         0x00000000        0xc b__reset_hardware.o
 .text          0x00000000        0x0 b__reset_hardware.o
 .data          0x00000000        0x0 b__reset_hardware.o
 .bss           0x00000000        0x0 b__reset_hardware.o
 .text.NVIC_SystemReset
                0x00000000       0x30 b__reset_hardware.o
 .text.__reset_hardware
                0x00000000        0x8 b__reset_hardware.o
 .debug_info    0x00000000      0x293 b__reset_hardware.o
 .debug_abbrev  0x00000000       0xfe b__reset_hardware.o
 .debug_aranges
                0x00000000       0x28 b__reset_hardware.o
 .debug_rnglists
                0x00000000       0x19 b__reset_hardware.o
 .debug_macro   0x00000000      0x458 b__reset_hardware.o
 .debug_macro   0x00000000      0xacc b__reset_hardware.o
 .debug_macro   0x00000000       0x31 b__reset_hardware.o
 .debug_macro   0x00000000       0x28 b__reset_hardware.o
 .debug_macro   0x00000000      0x34e b__reset_hardware.o
 .debug_macro   0x00000000       0x35 b__reset_hardware.o
 .debug_macro   0x00000000       0x50 b__reset_hardware.o
 .debug_macro   0x00000000      0xe66 b__reset_hardware.o
 .debug_macro   0x00000000     0x5099 b__reset_hardware.o
 .debug_macro   0x00000000       0x43 b__reset_hardware.o
 .debug_macro   0x00000000      0x289 b__reset_hardware.o
 .debug_macro   0x00000000     0x347f b__reset_hardware.o
 .debug_macro   0x00000000       0x22 b__reset_hardware.o
 .debug_macro   0x00000000       0x75 b__reset_hardware.o
 .debug_macro   0x00000000       0x2a b__reset_hardware.o
 .debug_macro   0x00000000       0x94 b__reset_hardware.o
 .debug_macro   0x00000000       0x3c b__reset_hardware.o
 .debug_macro   0x00000000       0x34 b__reset_hardware.o
 .debug_macro   0x00000000       0x16 b__reset_hardware.o
 .debug_macro   0x00000000       0x57 b__reset_hardware.o
 .debug_macro   0x00000000       0x9e b__reset_hardware.o
 .debug_macro   0x00000000      0x369 b__reset_hardware.o
 .debug_macro   0x00000000      0x10b b__reset_hardware.o
 .debug_macro   0x00000000       0x10 b__reset_hardware.o
 .debug_macro   0x00000000       0x16 b__reset_hardware.o
 .debug_macro   0x00000000       0x43 b__reset_hardware.o
 .debug_macro   0x00000000       0x34 b__reset_hardware.o
 .debug_macro   0x00000000       0x10 b__reset_hardware.o
 .debug_macro   0x00000000       0x58 b__reset_hardware.o
 .debug_macro   0x00000000      0x1de b__reset_hardware.o
 .debug_macro   0x00000000       0x16 b__reset_hardware.o
 .debug_macro   0x00000000       0x16 b__reset_hardware.o
 .debug_macro   0x00000000      0x170 b__reset_hardware.o
 .debug_macro   0x00000000       0x57 b__reset_hardware.o
 .debug_macro   0x00000000      0x424 b__reset_hardware.o
 .debug_macro   0x00000000      0x9e1 b__reset_hardware.o
 .debug_macro   0x00000000      0x11e b__reset_hardware.o
 .debug_macro   0x00000000       0xf8 b__reset_hardware.o
 .debug_macro   0x00000000       0x27 b__reset_hardware.o
 .debug_macro   0x00000000      0x287 b__reset_hardware.o
 .debug_macro   0x00000000       0x5f b__reset_hardware.o
 .debug_macro   0x00000000      0x23a b__reset_hardware.o
 .debug_macro   0x00000000      0x391 b__reset_hardware.o
 .debug_macro   0x00000000      0x16f b__reset_hardware.o
 .debug_macro   0x00000000       0xf9 b__reset_hardware.o
 .debug_macro   0x00000000       0x23 b__reset_hardware.o
 .debug_macro   0x00000000      0x13a b__reset_hardware.o
 .debug_macro   0x00000000      0x23a b__reset_hardware.o
 .debug_macro   0x00000000       0x2e b__reset_hardware.o
 .debug_macro   0x00000000      0x1a7 b__reset_hardware.o
 .debug_macro   0x00000000       0x22 b__reset_hardware.o
 .debug_macro   0x00000000       0xa5 b__reset_hardware.o
 .debug_macro   0x00000000      0x18b b__reset_hardware.o
 .debug_macro   0x00000000       0x24 b__reset_hardware.o
 .debug_macro   0x00000000       0x35 b__reset_hardware.o
 .debug_macro   0x00000000       0x79 b__reset_hardware.o
 .debug_macro   0x00000000      0x11e b__reset_hardware.o
 .debug_macro   0x00000000       0x85 b__reset_hardware.o
 .debug_macro   0x00000000       0x89 b__reset_hardware.o
 .debug_macro   0x00000000      0x31a b__reset_hardware.o
 .debug_macro   0x00000000      0x409 b__reset_hardware.o
 .debug_macro   0x00000000       0xe4 b__reset_hardware.o
 .debug_macro   0x00000000      0x48d b__reset_hardware.o
 .debug_macro   0x00000000      0x22b b__reset_hardware.o
 .debug_macro   0x00000000      0x202 b__reset_hardware.o
 .debug_macro   0x00000000      0x6d9 b__reset_hardware.o
 .debug_macro   0x00000000       0x5b b__reset_hardware.o
 .debug_macro   0x00000000      0x14d b__reset_hardware.o
 .debug_macro   0x00000000      0x287 b__reset_hardware.o
 .debug_macro   0x00000000      0x225 b__reset_hardware.o
 .debug_macro   0x00000000      0x1b5 b__reset_hardware.o
 .debug_macro   0x00000000      0x2db b__reset_hardware.o
 .debug_macro   0x00000000       0x89 b__reset_hardware.o
 .debug_macro   0x00000000      0x1df b__reset_hardware.o
 .debug_macro   0x00000000      0x115 b__reset_hardware.o
 .debug_macro   0x00000000       0x6e b__reset_hardware.o
 .debug_macro   0x00000000      0x11e b__reset_hardware.o
 .debug_line    0x00000000      0xa1a b__reset_hardware.o
 .debug_str     0x00000000    0x6e989 b__reset_hardware.o
 .comment       0x00000000       0x56 b__reset_hardware.o
 .debug_frame   0x00000000       0x44 b__reset_hardware.o
 .ARM.attributes
                0x00000000       0x34 b__reset_hardware.o
 .group         0x00000000        0xc b_exception_handlers.o
 .group         0x00000000        0xc b_exception_handlers.o
 .group         0x00000000        0xc b_exception_handlers.o
 .group         0x00000000        0xc b_exception_handlers.o
 .group         0x00000000        0xc b_exception_handlers.o
 .group         0x00000000        0xc b_exception_handlers.o
 .group         0x00000000        0xc b_exception_handlers.o
 .group         0x00000000        0xc b_exception_handlers.o
 .group         0x00000000        0xc b_exception_handlers.o
 .group         0x00000000        0xc b_exception_handlers.o
 .group         0x00000000        0xc b_exception_handlers.o
 .group         0x00000000        0xc b_exception_handlers.o
 .group         0x00000000        0xc b_exception_handlers.o
 .group         0x00000000        0xc b_exception_handlers.o
 .group         0x00000000        0xc b_exception_handlers.o
 .group         0x00000000        0xc b_exception_handlers.o
 .group         0x00000000        0xc b_exception_handlers.o
 .group         0x00000000        0xc b_exception_handlers.o
 .group         0x00000000        0xc b_exception_handlers.o
 .group         0x00000000        0xc b_exception_handlers.o
 .group         0x00000000        0xc b_exception_handlers.o
 .group         0x00000000        0xc b_exception_handlers.o
 .group         0x00000000        0xc b_exception_handlers.o
 .group         0x00000000        0xc b_exception_handlers.o
 .group         0x00000000        0xc b_exception_handlers.o
 .group         0x00000000        0xc b_exception_handlers.o
 .group         0x00000000        0xc b_exception_handlers.o
 .group         0x00000000        0xc b_exception_handlers.o
 .group         0x00000000        0xc b_exception_handlers.o
 .group         0x00000000        0xc b_exception_handlers.o
 .group         0x00000000        0xc b_exception_handlers.o
 .group         0x00000000        0xc b_exception_handlers.o
 .group         0x00000000        0xc b_exception_handlers.o
 .group         0x00000000        0xc b_exception_handlers.o
 .group         0x00000000        0xc b_exception_handlers.o
 .group         0x00000000        0xc b_exception_handlers.o
 .group         0x00000000        0xc b_exception_handlers.o
 .group         0x00000000        0xc b_exception_handlers.o
 .group         0x00000000        0xc b_exception_handlers.o
 .group         0x00000000        0xc b_exception_handlers.o
 .group         0x00000000        0xc b_exception_handlers.o
 .group         0x00000000        0xc b_exception_handlers.o
 .group         0x00000000        0xc b_exception_handlers.o
 .group         0x00000000        0xc b_exception_handlers.o
 .group         0x00000000        0xc b_exception_handlers.o
 .group         0x00000000        0xc b_exception_handlers.o
 .group         0x00000000        0xc b_exception_handlers.o
 .group         0x00000000        0xc b_exception_handlers.o
 .group         0x00000000        0xc b_exception_handlers.o
 .group         0x00000000        0xc b_exception_handlers.o
 .group         0x00000000        0xc b_exception_handlers.o
 .group         0x00000000        0xc b_exception_handlers.o
 .group         0x00000000        0xc b_exception_handlers.o
 .group         0x00000000        0xc b_exception_handlers.o
 .group         0x00000000        0xc b_exception_handlers.o
 .group         0x00000000        0xc b_exception_handlers.o
 .group         0x00000000        0xc b_exception_handlers.o
 .group         0x00000000        0xc b_exception_handlers.o
 .group         0x00000000        0xc b_exception_handlers.o
 .group         0x00000000        0xc b_exception_handlers.o
 .group         0x00000000        0xc b_exception_handlers.o
 .group         0x00000000        0xc b_exception_handlers.o
 .group         0x00000000        0xc b_exception_handlers.o
 .group         0x00000000        0xc b_exception_handlers.o
 .group         0x00000000        0xc b_exception_handlers.o
 .group         0x00000000        0xc b_exception_handlers.o
 .group         0x00000000        0xc b_exception_handlers.o
 .group         0x00000000        0xc b_exception_handlers.o
 .group         0x00000000        0xc b_exception_handlers.o
 .group         0x00000000        0xc b_exception_handlers.o
 .group         0x00000000        0xc b_exception_handlers.o
 .group         0x00000000        0xc b_exception_handlers.o
 .group         0x00000000        0xc b_exception_handlers.o
 .group         0x00000000        0xc b_exception_handlers.o
 .group         0x00000000        0xc b_exception_handlers.o
 .group         0x00000000        0xc b_exception_handlers.o
 .group         0x00000000        0xc b_exception_handlers.o
 .group         0x00000000        0xc b_exception_handlers.o
 .group         0x00000000        0xc b_exception_handlers.o
 .group         0x00000000        0xc b_exception_handlers.o
 .group         0x00000000        0xc b_exception_handlers.o
 .group         0x00000000        0xc b_exception_handlers.o
 .group         0x00000000        0xc b_exception_handlers.o
 .group         0x00000000        0xc b_exception_handlers.o
 .group         0x00000000        0xc b_exception_handlers.o
 .group         0x00000000        0xc b_exception_handlers.o
 .group         0x00000000        0xc b_exception_handlers.o
 .group         0x00000000        0xc b_exception_handlers.o
 .group         0x00000000        0xc b_exception_handlers.o
 .group         0x00000000        0xc b_exception_handlers.o
 .group         0x00000000        0xc b_exception_handlers.o
 .text          0x00000000        0x0 b_exception_handlers.o
 .data          0x00000000        0x0 b_exception_handlers.o
 .bss           0x00000000        0x0 b_exception_handlers.o
 .debug_macro   0x00000000      0xacc b_exception_handlers.o
 .debug_macro   0x00000000      0x34e b_exception_handlers.o
 .debug_macro   0x00000000       0x31 b_exception_handlers.o
 .debug_macro   0x00000000       0x28 b_exception_handlers.o
 .debug_macro   0x00000000       0x50 b_exception_handlers.o
 .debug_macro   0x00000000      0xe66 b_exception_handlers.o
 .debug_macro   0x00000000     0x5099 b_exception_handlers.o
 .debug_macro   0x00000000       0x43 b_exception_handlers.o
 .debug_macro   0x00000000      0x289 b_exception_handlers.o
 .debug_macro   0x00000000     0x347f b_exception_handlers.o
 .debug_macro   0x00000000       0x22 b_exception_handlers.o
 .debug_macro   0x00000000       0x75 b_exception_handlers.o
 .debug_macro   0x00000000       0x2a b_exception_handlers.o
 .debug_macro   0x00000000       0x94 b_exception_handlers.o
 .debug_macro   0x00000000       0x3c b_exception_handlers.o
 .debug_macro   0x00000000       0x34 b_exception_handlers.o
 .debug_macro   0x00000000       0x16 b_exception_handlers.o
 .debug_macro   0x00000000       0x57 b_exception_handlers.o
 .debug_macro   0x00000000       0x9e b_exception_handlers.o
 .debug_macro   0x00000000      0x369 b_exception_handlers.o
 .debug_macro   0x00000000      0x10b b_exception_handlers.o
 .debug_macro   0x00000000       0x10 b_exception_handlers.o
 .debug_macro   0x00000000       0x16 b_exception_handlers.o
 .debug_macro   0x00000000       0x43 b_exception_handlers.o
 .debug_macro   0x00000000       0x34 b_exception_handlers.o
 .debug_macro   0x00000000       0x10 b_exception_handlers.o
 .debug_macro   0x00000000       0x58 b_exception_handlers.o
 .debug_macro   0x00000000      0x1de b_exception_handlers.o
 .debug_macro   0x00000000       0x16 b_exception_handlers.o
 .debug_macro   0x00000000       0x16 b_exception_handlers.o
 .debug_macro   0x00000000      0x170 b_exception_handlers.o
 .debug_macro   0x00000000       0x57 b_exception_handlers.o
 .debug_macro   0x00000000      0x424 b_exception_handlers.o
 .debug_macro   0x00000000      0x9e1 b_exception_handlers.o
 .debug_macro   0x00000000      0x11e b_exception_handlers.o
 .debug_macro   0x00000000       0xf8 b_exception_handlers.o
 .debug_macro   0x00000000       0x27 b_exception_handlers.o
 .debug_macro   0x00000000      0x287 b_exception_handlers.o
 .debug_macro   0x00000000       0x5f b_exception_handlers.o
 .debug_macro   0x00000000      0x23a b_exception_handlers.o
 .debug_macro   0x00000000      0x391 b_exception_handlers.o
 .debug_macro   0x00000000      0x16f b_exception_handlers.o
 .debug_macro   0x00000000       0xf9 b_exception_handlers.o
 .debug_macro   0x00000000       0x23 b_exception_handlers.o
 .debug_macro   0x00000000      0x13a b_exception_handlers.o
 .debug_macro   0x00000000      0x23a b_exception_handlers.o
 .debug_macro   0x00000000       0x2e b_exception_handlers.o
 .debug_macro   0x00000000      0x1a7 b_exception_handlers.o
 .debug_macro   0x00000000       0x22 b_exception_handlers.o
 .debug_macro   0x00000000       0xa5 b_exception_handlers.o
 .debug_macro   0x00000000      0x18b b_exception_handlers.o
 .debug_macro   0x00000000       0x24 b_exception_handlers.o
 .debug_macro   0x00000000       0x35 b_exception_handlers.o
 .debug_macro   0x00000000       0x79 b_exception_handlers.o
 .debug_macro   0x00000000      0x11e b_exception_handlers.o
 .debug_macro   0x00000000       0x85 b_exception_handlers.o
 .debug_macro   0x00000000       0x89 b_exception_handlers.o
 .debug_macro   0x00000000      0x31a b_exception_handlers.o
 .debug_macro   0x00000000      0x409 b_exception_handlers.o
 .debug_macro   0x00000000       0xe4 b_exception_handlers.o
 .debug_macro   0x00000000      0x48d b_exception_handlers.o
 .debug_macro   0x00000000      0x22b b_exception_handlers.o
 .debug_macro   0x00000000      0x202 b_exception_handlers.o
 .debug_macro   0x00000000      0x6d9 b_exception_handlers.o
 .debug_macro   0x00000000       0x5b b_exception_handlers.o
 .debug_macro   0x00000000      0x14d b_exception_handlers.o
 .debug_macro   0x00000000      0x287 b_exception_handlers.o
 .debug_macro   0x00000000      0x225 b_exception_handlers.o
 .debug_macro   0x00000000      0x1b5 b_exception_handlers.o
 .debug_macro   0x00000000      0x2db b_exception_handlers.o
 .debug_macro   0x00000000       0x89 b_exception_handlers.o
 .debug_macro   0x00000000      0x1df b_exception_handlers.o
 .debug_macro   0x00000000      0x115 b_exception_handlers.o
 .debug_macro   0x00000000       0x6e b_exception_handlers.o
 .debug_macro   0x00000000      0x11e b_exception_handlers.o
 .debug_macro   0x00000000       0x16 b_exception_handlers.o
 .debug_macro   0x00000000       0x10 b_exception_handlers.o
 .debug_macro   0x00000000       0x6a b_exception_handlers.o
 .debug_macro   0x00000000       0x1c b_exception_handlers.o
 .debug_macro   0x00000000       0x52 b_exception_handlers.o
 .debug_macro   0x00000000       0x22 b_exception_handlers.o
 .debug_macro   0x00000000       0x10 b_exception_handlers.o
 .debug_macro   0x00000000       0x52 b_exception_handlers.o
 .debug_macro   0x00000000       0x1c b_exception_handlers.o
 .debug_macro   0x00000000       0x3d b_exception_handlers.o
 .debug_macro   0x00000000       0x35 b_exception_handlers.o
 .debug_macro   0x00000000      0x51a b_exception_handlers.o
 .group         0x00000000        0xc b_system_stm32f4xx.o
 .group         0x00000000        0xc b_system_stm32f4xx.o
 .group         0x00000000        0xc b_system_stm32f4xx.o
 .group         0x00000000        0xc b_system_stm32f4xx.o
 .group         0x00000000        0xc b_system_stm32f4xx.o
 .group         0x00000000        0xc b_system_stm32f4xx.o
 .group         0x00000000        0xc b_system_stm32f4xx.o
 .group         0x00000000        0xc b_system_stm32f4xx.o
 .group         0x00000000        0xc b_system_stm32f4xx.o
 .group         0x00000000        0xc b_system_stm32f4xx.o
 .group         0x00000000        0xc b_system_stm32f4xx.o
 .group         0x00000000        0xc b_system_stm32f4xx.o
 .group         0x00000000        0xc b_system_stm32f4xx.o
 .group         0x00000000        0xc b_system_stm32f4xx.o
 .group         0x00000000        0xc b_system_stm32f4xx.o
 .group         0x00000000        0xc b_system_stm32f4xx.o
 .group         0x00000000        0xc b_system_stm32f4xx.o
 .group         0x00000000        0xc b_system_stm32f4xx.o
 .group         0x00000000        0xc b_system_stm32f4xx.o
 .group         0x00000000        0xc b_system_stm32f4xx.o
 .group         0x00000000        0xc b_system_stm32f4xx.o
 .group         0x00000000        0xc b_system_stm32f4xx.o
 .group         0x00000000        0xc b_system_stm32f4xx.o
 .group         0x00000000        0xc b_system_stm32f4xx.o
 .group         0x00000000        0xc b_system_stm32f4xx.o
 .group         0x00000000        0xc b_system_stm32f4xx.o
 .group         0x00000000        0xc b_system_stm32f4xx.o
 .group         0x00000000        0xc b_system_stm32f4xx.o
 .group         0x00000000        0xc b_system_stm32f4xx.o
 .group         0x00000000        0xc b_system_stm32f4xx.o
 .group         0x00000000        0xc b_system_stm32f4xx.o
 .group         0x00000000        0xc b_system_stm32f4xx.o
 .group         0x00000000        0xc b_system_stm32f4xx.o
 .group         0x00000000        0xc b_system_stm32f4xx.o
 .group         0x00000000        0xc b_system_stm32f4xx.o
 .group         0x00000000        0xc b_system_stm32f4xx.o
 .group         0x00000000        0xc b_system_stm32f4xx.o
 .group         0x00000000        0xc b_system_stm32f4xx.o
 .group         0x00000000        0xc b_system_stm32f4xx.o
 .group         0x00000000        0xc b_system_stm32f4xx.o
 .group         0x00000000        0xc b_system_stm32f4xx.o
 .group         0x00000000        0xc b_system_stm32f4xx.o
 .group         0x00000000        0xc b_system_stm32f4xx.o
 .group         0x00000000        0xc b_system_stm32f4xx.o
 .group         0x00000000        0xc b_system_stm32f4xx.o
 .group         0x00000000        0xc b_system_stm32f4xx.o
 .group         0x00000000        0xc b_system_stm32f4xx.o
 .group         0x00000000        0xc b_system_stm32f4xx.o
 .group         0x00000000        0xc b_system_stm32f4xx.o
 .group         0x00000000        0xc b_system_stm32f4xx.o
 .group         0x00000000        0xc b_system_stm32f4xx.o
 .group         0x00000000        0xc b_system_stm32f4xx.o
 .group         0x00000000        0xc b_system_stm32f4xx.o
 .group         0x00000000        0xc b_system_stm32f4xx.o
 .group         0x00000000        0xc b_system_stm32f4xx.o
 .group         0x00000000        0xc b_system_stm32f4xx.o
 .group         0x00000000        0xc b_system_stm32f4xx.o
 .group         0x00000000        0xc b_system_stm32f4xx.o
 .group         0x00000000        0xc b_system_stm32f4xx.o
 .group         0x00000000        0xc b_system_stm32f4xx.o
 .group         0x00000000        0xc b_system_stm32f4xx.o
 .group         0x00000000        0xc b_system_stm32f4xx.o
 .group         0x00000000        0xc b_system_stm32f4xx.o
 .group         0x00000000        0xc b_system_stm32f4xx.o
 .group         0x00000000        0xc b_system_stm32f4xx.o
 .group         0x00000000        0xc b_system_stm32f4xx.o
 .group         0x00000000        0xc b_system_stm32f4xx.o
 .group         0x00000000        0xc b_system_stm32f4xx.o
 .group         0x00000000        0xc b_system_stm32f4xx.o
 .group         0x00000000        0xc b_system_stm32f4xx.o
 .group         0x00000000        0xc b_system_stm32f4xx.o
 .group         0x00000000        0xc b_system_stm32f4xx.o
 .group         0x00000000        0xc b_system_stm32f4xx.o
 .group         0x00000000        0xc b_system_stm32f4xx.o
 .group         0x00000000        0xc b_system_stm32f4xx.o
 .group         0x00000000        0xc b_system_stm32f4xx.o
 .text          0x00000000        0x0 b_system_stm32f4xx.o
 .data          0x00000000        0x0 b_system_stm32f4xx.o
 .bss           0x00000000        0x0 b_system_stm32f4xx.o
 .debug_macro   0x00000000      0xacc b_system_stm32f4xx.o
 .debug_macro   0x00000000       0x31 b_system_stm32f4xx.o
 .debug_macro   0x00000000       0x28 b_system_stm32f4xx.o
 .debug_macro   0x00000000      0x34e b_system_stm32f4xx.o
 .debug_macro   0x00000000       0x35 b_system_stm32f4xx.o
 .debug_macro   0x00000000       0x50 b_system_stm32f4xx.o
 .debug_macro   0x00000000      0xe66 b_system_stm32f4xx.o
 .debug_macro   0x00000000     0x5099 b_system_stm32f4xx.o
 .debug_macro   0x00000000       0x43 b_system_stm32f4xx.o
 .debug_macro   0x00000000      0x289 b_system_stm32f4xx.o
 .debug_macro   0x00000000     0x347f b_system_stm32f4xx.o
 .debug_macro   0x00000000       0x22 b_system_stm32f4xx.o
 .debug_macro   0x00000000       0x75 b_system_stm32f4xx.o
 .debug_macro   0x00000000       0x2a b_system_stm32f4xx.o
 .debug_macro   0x00000000       0x94 b_system_stm32f4xx.o
 .debug_macro   0x00000000       0x3c b_system_stm32f4xx.o
 .debug_macro   0x00000000       0x34 b_system_stm32f4xx.o
 .debug_macro   0x00000000       0x16 b_system_stm32f4xx.o
 .debug_macro   0x00000000       0x57 b_system_stm32f4xx.o
 .debug_macro   0x00000000       0x9e b_system_stm32f4xx.o
 .debug_macro   0x00000000      0x369 b_system_stm32f4xx.o
 .debug_macro   0x00000000      0x10b b_system_stm32f4xx.o
 .debug_macro   0x00000000       0x10 b_system_stm32f4xx.o
 .debug_macro   0x00000000       0x16 b_system_stm32f4xx.o
 .debug_macro   0x00000000       0x43 b_system_stm32f4xx.o
 .debug_macro   0x00000000       0x34 b_system_stm32f4xx.o
 .debug_macro   0x00000000       0x10 b_system_stm32f4xx.o
 .debug_macro   0x00000000       0x58 b_system_stm32f4xx.o
 .debug_macro   0x00000000      0x1de b_system_stm32f4xx.o
 .debug_macro   0x00000000       0x16 b_system_stm32f4xx.o
 .debug_macro   0x00000000       0x16 b_system_stm32f4xx.o
 .debug_macro   0x00000000      0x170 b_system_stm32f4xx.o
 .debug_macro   0x00000000       0x57 b_system_stm32f4xx.o
 .debug_macro   0x00000000      0x424 b_system_stm32f4xx.o
 .debug_macro   0x00000000      0x9e1 b_system_stm32f4xx.o
 .debug_macro   0x00000000      0x11e b_system_stm32f4xx.o
 .debug_macro   0x00000000       0xf8 b_system_stm32f4xx.o
 .debug_macro   0x00000000       0x27 b_system_stm32f4xx.o
 .debug_macro   0x00000000      0x287 b_system_stm32f4xx.o
 .debug_macro   0x00000000       0x5f b_system_stm32f4xx.o
 .debug_macro   0x00000000      0x23a b_system_stm32f4xx.o
 .debug_macro   0x00000000      0x391 b_system_stm32f4xx.o
 .debug_macro   0x00000000      0x16f b_system_stm32f4xx.o
 .debug_macro   0x00000000       0xf9 b_system_stm32f4xx.o
 .debug_macro   0x00000000       0x23 b_system_stm32f4xx.o
 .debug_macro   0x00000000      0x13a b_system_stm32f4xx.o
 .debug_macro   0x00000000      0x23a b_system_stm32f4xx.o
 .debug_macro   0x00000000       0x2e b_system_stm32f4xx.o
 .debug_macro   0x00000000      0x1a7 b_system_stm32f4xx.o
 .debug_macro   0x00000000       0x22 b_system_stm32f4xx.o
 .debug_macro   0x00000000       0xa5 b_system_stm32f4xx.o
 .debug_macro   0x00000000      0x18b b_system_stm32f4xx.o
 .debug_macro   0x00000000       0x24 b_system_stm32f4xx.o
 .debug_macro   0x00000000       0x35 b_system_stm32f4xx.o
 .debug_macro   0x00000000       0x79 b_system_stm32f4xx.o
 .debug_macro   0x00000000      0x11e b_system_stm32f4xx.o
 .debug_macro   0x00000000       0x85 b_system_stm32f4xx.o
 .debug_macro   0x00000000       0x89 b_system_stm32f4xx.o
 .debug_macro   0x00000000      0x31a b_system_stm32f4xx.o
 .debug_macro   0x00000000      0x409 b_system_stm32f4xx.o
 .debug_macro   0x00000000       0xe4 b_system_stm32f4xx.o
 .debug_macro   0x00000000      0x48d b_system_stm32f4xx.o
 .debug_macro   0x00000000      0x22b b_system_stm32f4xx.o
 .debug_macro   0x00000000      0x202 b_system_stm32f4xx.o
 .debug_macro   0x00000000      0x6d9 b_system_stm32f4xx.o
 .debug_macro   0x00000000       0x5b b_system_stm32f4xx.o
 .debug_macro   0x00000000      0x14d b_system_stm32f4xx.o
 .debug_macro   0x00000000      0x287 b_system_stm32f4xx.o
 .debug_macro   0x00000000      0x225 b_system_stm32f4xx.o
 .debug_macro   0x00000000      0x1b5 b_system_stm32f4xx.o
 .debug_macro   0x00000000      0x2db b_system_stm32f4xx.o
 .debug_macro   0x00000000       0x89 b_system_stm32f4xx.o
 .debug_macro   0x00000000      0x1df b_system_stm32f4xx.o
 .debug_macro   0x00000000      0x115 b_system_stm32f4xx.o
 .debug_macro   0x00000000       0x6e b_system_stm32f4xx.o
 .debug_macro   0x00000000      0x11e b_system_stm32f4xx.o
 .group         0x00000000        0xc b_vectors_stm32f401xc.o
 .group         0x00000000        0xc b_vectors_stm32f401xc.o
 .text          0x00000000        0x0 b_vectors_stm32f401xc.o
 .data          0x00000000        0x0 b_vectors_stm32f401xc.o
 .bss           0x00000000        0x0 b_vectors_stm32f401xc.o
 .debug_macro   0x00000000      0xacc b_vectors_stm32f401xc.o
 .debug_macro   0x00000000      0x34e b_vectors_stm32f401xc.o
 .text          0x00000000        0x0 c:/program files (x86)/arm gnu toolchain arm-none-eabi/12.2 mpacbti-rel1/bin/../lib/gcc/arm-none-eabi/12.2.1/thumb/v7e-m+fp/hard\libg_nano.a(libc_a-errno.o)
 .data          0x00000000        0x0 c:/program files (x86)/arm gnu toolchain arm-none-eabi/12.2 mpacbti-rel1/bin/../lib/gcc/arm-none-eabi/12.2.1/thumb/v7e-m+fp/hard\libg_nano.a(libc_a-errno.o)
 .bss           0x00000000        0x0 c:/program files (x86)/arm gnu toolchain arm-none-eabi/12.2 mpacbti-rel1/bin/../lib/gcc/arm-none-eabi/12.2.1/thumb/v7e-m+fp/hard\libg_nano.a(libc_a-errno.o)
 .text.__errno  0x00000000        0xc c:/program files (x86)/arm gnu toolchain arm-none-eabi/12.2 mpacbti-rel1/bin/../lib/gcc/arm-none-eabi/12.2.1/thumb/v7e-m+fp/hard\libg_nano.a(libc_a-errno.o)
 .debug_frame   0x00000000       0x20 c:/program files (x86)/arm gnu toolchain arm-none-eabi/12.2 mpacbti-rel1/bin/../lib/gcc/arm-none-eabi/12.2.1/thumb/v7e-m+fp/hard\libg_nano.a(libc_a-errno.o)
 .ARM.attributes
                0x00000000       0x34 c:/program files (x86)/arm gnu toolchain arm-none-eabi/12.2 mpacbti-rel1/bin/../lib/gcc/arm-none-eabi/12.2.1/thumb/v7e-m+fp/hard\libg_nano.a(libc_a-errno.o)
 .text          0x00000000        0x0 c:/program files (x86)/arm gnu toolchain arm-none-eabi/12.2 mpacbti-rel1/bin/../lib/gcc/arm-none-eabi/12.2.1/thumb/v7e-m+fp/hard\libg_nano.a(libc_a-impure.o)
 .data          0x00000000        0x0 c:/program files (x86)/arm gnu toolchain arm-none-eabi/12.2 mpacbti-rel1/bin/../lib/gcc/arm-none-eabi/12.2.1/thumb/v7e-m+fp/hard\libg_nano.a(libc_a-impure.o)
 .bss           0x00000000        0x0 c:/program files (x86)/arm gnu toolchain arm-none-eabi/12.2 mpacbti-rel1/bin/../lib/gcc/arm-none-eabi/12.2.1/thumb/v7e-m+fp/hard\libg_nano.a(libc_a-impure.o)
 .data._impure_ptr
                0x00000000        0x4 c:/program files (x86)/arm gnu toolchain arm-none-eabi/12.2 mpacbti-rel1/bin/../lib/gcc/arm-none-eabi/12.2.1/thumb/v7e-m+fp/hard\libg_nano.a(libc_a-impure.o)
 .data._impure_data
                0x00000000       0x4c c:/program files (x86)/arm gnu toolchain arm-none-eabi/12.2 mpacbti-rel1/bin/../lib/gcc/arm-none-eabi/12.2.1/thumb/v7e-m+fp/hard\libg_nano.a(libc_a-impure.o)
 .ARM.attributes
                0x00000000       0x34 c:/program files (x86)/arm gnu toolchain arm-none-eabi/12.2 mpacbti-rel1/bin/../lib/gcc/arm-none-eabi/12.2.1/thumb/v7e-m+fp/hard\libg_nano.a(libc_a-impure.o)

Memory Configuration

Name             Origin             Length             Attributes
RAM              0x20000000         0x00010000         xrw
CCMRAM           0x10000000         0x00000000         xrw
FLASH            0x08000000         0x00008000         xr
FLASHB1          0x00000000         0x00000000         xr
EXTMEMB0         0x00000000         0x00000000         xr
EXTMEMB1         0x00000000         0x00000000         xr
EXTMEMB2         0x00000000         0x00000000         xr
EXTMEMB3         0x00000000         0x00000000         xr
*default*        0x00000000         0xffffffff

Linker script and memory map

LOAD b_BOOTLOADER_prog.o
LOAD b__startup.o
LOAD b__exit.o
LOAD b__sbrk.o
LOAD b__syscalls.o
LOAD b__initialize_hardware.o
LOAD b__reset_hardware.o
LOAD b_exception_handlers.o
LOAD b_system_stm32f4xx.o
LOAD b_vectors_stm32f401xc.o
START GROUP
LOAD c:/program files (x86)/arm gnu toolchain arm-none-eabi/12.2 mpacbti-rel1/bin/../lib/gcc/arm-none-eabi/12.2.1/thumb/v7e-m+fp/hard\libgcc.a
LOAD c:/program files (x86)/arm gnu toolchain arm-none-eabi/12.2 mpacbti-rel1/bin/../lib/gcc/arm-none-eabi/12.2.1/thumb/v7e-m+fp/hard\libg_nano.a
LOAD c:/program files (x86)/arm gnu toolchain arm-none-eabi/12.2 mpacbti-rel1/bin/../lib/gcc/arm-none-eabi/12.2.1/thumb/v7e-m+fp/hard\libc_nano.a
END GROUP
START GROUP
LOAD c:/program files (x86)/arm gnu toolchain arm-none-eabi/12.2 mpacbti-rel1/bin/../lib/gcc/arm-none-eabi/12.2.1/thumb/v7e-m+fp/hard\libgcc.a
LOAD c:/program files (x86)/arm gnu toolchain arm-none-eabi/12.2 mpacbti-rel1/bin/../lib/gcc/arm-none-eabi/12.2.1/thumb/v7e-m+fp/hard\libc_nano.a
END GROUP
                0x20010000                        __stack = (ORIGIN (RAM) + LENGTH (RAM))
                0x20010000                        _estack = __stack
                0x00000400                        __Main_Stack_Size = 0x400
                [!provide]                        PROVIDE (_Main_Stack_Size = __Main_Stack_Size)
                0x2000fc00                        __Main_Stack_Limit = (__stack - __Main_Stack_Size)
                [!provide]                        PROVIDE (_Main_Stack_Limit = __Main_Stack_Limit)
                0x00000100                        _Minimum_Stack_Size = 0x100
                0x20000020                        PROVIDE (_Heap_Begin = _end_noinit)
                0x2000fc00                        PROVIDE (_Heap_Limit = (__stack - __Main_Stack_Size))

.isr_vector     0x08000000      0x3ea
 FILL mask 0xff
                0x08000000                        __vectors_start = ABSOLUTE (.)
                0x08000000                        __vectors_start__ = ABSOLUTE (.)
 *(.isr_vector)
 .isr_vector    0x08000000      0x194 b_vectors_stm32f401xc.o
                0x08000000                __isr_vectors
 *(.cfmconfig)
 *(.after_vectors .after_vectors.*)
 .after_vectors
                0x08000194      0x184 b__startup.o
                0x08000194                _start
 .after_vectors
                0x08000318       0xc8 b_exception_handlers.o
                0x08000318                Reset_Handler
                0x08000320                NMI_Handler
                0x0800032a                HardFault_Handler
                0x08000340                HardFault_Handler_C
                0x08000350                MemManage_Handler
                0x0800035a                BusFault_Handler
                0x08000370                BusFault_Handler_C
                0x08000380                UsageFault_Handler
                0x08000396                UsageFault_Handler_C
                0x080003a6                SVC_Handler
                0x080003b0                DebugMon_Handler
                0x080003ba                PendSV_Handler
                0x080003c4                SysTick_Handler
 .after_vectors
                0x080003e0        0xa b_vectors_stm32f401xc.o
                0x080003e0                RTC_Alarm_IRQHandler
                0x080003e0                EXTI2_IRQHandler
                0x080003e0                SPI4_IRQHandler
                0x080003e0                TIM1_CC_IRQHandler
                0x080003e0                DMA2_Stream5_IRQHandler
                0x080003e0                DMA1_Stream5_IRQHandler
                0x080003e0                PVD_IRQHandler
                0x080003e0                SDIO_IRQHandler
                0x080003e0                TAMP_STAMP_IRQHandler
                0x080003e0                EXTI3_IRQHandler
                0x080003e0                TIM1_UP_TIM10_IRQHandler
                0x080003e0                I2C3_ER_IRQHandler
                0x080003e0                EXTI0_IRQHandler
                0x080003e0                I2C2_EV_IRQHandler
                0x080003e0                DMA1_Stream2_IRQHandler
                0x080003e0                FPU_IRQHandler
                0x080003e0                DMA2_Stream2_IRQHandler
                0x080003e0                SPI1_IRQHandler
                0x080003e0                TIM1_BRK_TIM9_IRQHandler
                0x080003e0                DMA2_Stream3_IRQHandler
                0x080003e0                USART6_IRQHandler
                0x080003e0                DMA2_Stream0_IRQHandler
                0x080003e0                TIM4_IRQHandler
                0x080003e0                I2C1_EV_IRQHandler
                0x080003e0                DMA1_Stream6_IRQHandler
                0x080003e0                DMA1_Stream1_IRQHandler
                0x080003e0                TIM3_IRQHandler
                0x080003e0                RCC_IRQHandler
                0x080003e0                Default_Handler
                0x080003e0                EXTI15_10_IRQHandler
                0x080003e0                ADC_IRQHandler
                0x080003e0                DMA1_Stream7_IRQHandler
                0x080003e0                TIM5_IRQHandler
                0x080003e0                DMA2_Stream7_IRQHandler
                0x080003e0                I2C3_EV_IRQHandler
                0x080003e0                EXTI9_5_IRQHandler
                0x080003e0                RTC_WKUP_IRQHandler
                0x080003e0                SPI2_IRQHandler
                0x080003e0                DMA1_Stream0_IRQHandler
                0x080003e0                EXTI4_IRQHandler
                0x080003e0                WWDG_IRQHandler
                0x080003e0                TIM2_IRQHandler
                0x080003e0                OTG_FS_WKUP_IRQHandler
                0x080003e0                TIM1_TRG_COM_TIM11_IRQHandler
                0x080003e0                EXTI1_IRQHandler
                0x080003e0                USART2_IRQHandler
                0x080003e0                I2C2_ER_IRQHandler
                0x080003e0                DMA2_Stream1_IRQHandler
                0x080003e0                FLASH_IRQHandler
                0x080003e0                DMA2_Stream4_IRQHandler
                0x080003e0                USART1_IRQHandler
                0x080003e0                OTG_FS_IRQHandler
                0x080003e0                SPI3_IRQHandler
                0x080003e0                DMA1_Stream4_IRQHandler
                0x080003e0                I2C1_ER_IRQHandler
                0x080003e0                DMA2_Stream6_IRQHandler
                0x080003e0                DMA1_Stream3_IRQHandler

.inits          0x080003ec       0x28
                0x080003ec                        __data_regions_array_start = .
                0x080003ec        0x4 LONG 0x800070c LOADADDR (.data)
                0x080003f0        0x4 LONG 0x20000000 ADDR (.data)
                0x080003f4        0x4 LONG 0x20000014 (ADDR (.data) + SIZEOF (.data))
                0x080003f8        0x4 LONG 0x800070c LOADADDR (.data_CCMRAM)
                0x080003fc        0x4 LONG 0x10000000 ADDR (.data_CCMRAM)
                0x08000400        0x4 LONG 0x10000000 (ADDR (.data_CCMRAM) + SIZEOF (.data_CCMRAM))
                0x08000404                        __data_regions_array_end = .
                0x08000404                        __bss_regions_array_start = .
                0x08000404        0x4 LONG 0x20000014 ADDR (.bss)
                0x08000408        0x4 LONG 0x20000020 (ADDR (.bss) + SIZEOF (.bss))
                0x0800040c        0x4 LONG 0x10000000 ADDR (.bss_CCMRAM)
                0x08000410        0x4 LONG 0x10000000 (ADDR (.bss_CCMRAM) + SIZEOF (.bss_CCMRAM))
                0x08000414                        __bss_regions_array_end = .
 *(.init)
 *(.fini)
                0x08000414                        . = ALIGN (0x4)
                0x08000414                        PROVIDE (__preinit_array_start = .)
 *(.preinit_array_sysinit .preinit_array_sysinit.*)
 *(.preinit_array_platform .preinit_array_platform.*)
 *(.preinit_array .preinit_array.*)
                0x08000414                        PROVIDE (__preinit_array_end = .)
                0x08000414                        . = ALIGN (0x4)
                0x08000414                        PROVIDE (__init_array_start = .)
 *(SORT_BY_NAME(.init_array.*))
 *(.init_array)
                0x08000414                        PROVIDE (__init_array_end = .)
                0x08000414                        . = ALIGN (0x4)
                0x08000414                        PROVIDE (__fini_array_start = .)
 *(SORT_BY_NAME(.fini_array.*))
 *(.fini_array)
                0x08000414                        PROVIDE (__fini_array_end = .)

.flashtext
 *(.flashtext .flashtext.*)

.text           0x08000414      0x2f8
 *(.text .text.*)
 .text.BOOTLOADER_u32ReadWord
                0x08000414       0x18 b_BOOTLOADER_prog.o
 .text.BOOTLOADER_u8AppIsValid
                0x0800042c       0x80 b_BOOTLOADER_prog.o
                0x0800042c                BOOTLOADER_u8AppIsValid
 .text.VBOOTLOADER_vJumpToApp
                0x080004ac       0x5c b_BOOTLOADER_prog.o
                0x080004ac                VBOOTLOADER_vJumpToApp
 .text.main     0x08000508       0x1c b_BOOTLOADER_prog.o
                0x08000508                main
 .text._exit    0x08000524        0xc b__exit.o
                0x08000524                _exit
 .text.__initialize_args
                0x08000530       0x28 b__syscalls.o
                0x08000530                __initialize_args
 .text.__initialize_hardware_early
                0x08000558       0x2c b__initialize_hardware.o
                0x08000558                __initialize_hardware_early
 .text.__initialize_hardware
                0x08000584        0xc b__initialize_hardware.o
                0x08000584                __initialize_hardware
 .text.SystemInit
                0x08000590       0x6c b_system_stm32f4xx.o
                0x08000590                SystemInit
 .text.SystemCoreClockUpdate
                0x080005fc      0x100 b_system_stm32f4xx.o
                0x080005fc                SystemCoreClockUpdate
 *(.rodata .rodata.* .constdata .constdata.*)
 .rodata.AHBPrescTable
                0x080006fc       0x10 b_system_stm32f4xx.o
                0x080006fc                AHBPrescTable
 *(vtable)
 *(.eh_frame*)
 *(.glue_7)
 .glue_7        0x0800070c        0x0 linker stubs
 *(.glue_7t)
 .glue_7t       0x0800070c        0x0 linker stubs

.vfp11_veneer   0x0800070c        0x0
 .vfp11_veneer  0x0800070c        0x0 linker stubs

.v4_bx          0x0800070c        0x0
 .v4_bx         0x0800070c        0x0 linker stubs

.iplt           0x0800070c        0x0
 .iplt          0x0800070c        0x0 b_BOOTLOADER_prog.o

.rel.dyn        0x0800070c        0x0
 .rel.iplt      0x0800070c        0x0 b_BOOTLOADER_prog.o

.ARM.extab
 *(.ARM.extab* .gnu.linkonce.armextab.*)
                0x0800070c                        . = ALIGN (0x4)
                0x0800070c                        __exidx_start = .

.ARM.exidx
 *(.ARM.exidx* .gnu.linkonce.armexidx.*)
                0x0800070c                        __exidx_end = .
                0x0800070c                        . = ALIGN (0x4)
                0x0800070c                        _etext = .
                0x0800070c                        __etext = .

.data_CCMRAM    0x10000000        0x0 load address 0x0800070c
 FILL mask 0xff
 *(.data.CCMRAM .data.CCMRAM.*)
                0x10000000                        . = ALIGN (0x4)
                0x0800070c                        _sidata = LOADADDR (.data)

.data           0x20000000       0x14 load address 0x0800070c
 FILL mask 0xff
                0x20000000                        _sdata = .
                0x20000000                        __data_start__ = .
 *(.data_begin .data_begin.*)
 .data_begin    0x20000000        0x4 b__startup.o
 *(.data .data.*)
 .data.argv.1   0x20000004        0x8 b__syscalls.o
 .data.SystemCoreClock
                0x2000000c        0x4 b_system_stm32f4xx.o
                0x2000000c                SystemCoreClock
 *(.data_end .data_end.*)
 .data_end      0x20000010        0x4 b__startup.o
                0x20000014                        . = ALIGN (0x4)
                0x20000014                        _edata = .
                0x20000014                        __data_end__ = .

.igot.plt       0x20000014        0x0 load address 0x08000720
 .igot.plt      0x20000014        0x0 b_BOOTLOADER_prog.o

.bss_CCMRAM     0x10000000        0x0
 *(.bss.CCMRAM .bss.CCMRAM.*)

.bss            0x20000014        0xc
                0x20000014                        __bss_start__ = .
                0x20000014                        _sbss = .
 *(.bss_begin .bss_begin.*)
 .bss_begin     0x20000014        0x4 b__startup.o
 *(.bss .bss.*)
 .bss.name.0    0x20000018        0x1 b__syscalls.o
 *(COMMON)
 *(.bss_end .bss_end.*)
 *fill*         0x20000019        0x3 
 .bss_end       0x2000001c        0x4 b__startup.o
                0x20000020                        . = ALIGN (0x4)
                0x20000020                        __bss_end__ = .
                0x20000020                        _ebss = .

.noinit_CCMRAM
 *(.noinit.CCMRAM .noinit.CCMRAM.*)

.noinit         0x20000020        0x0
                0x20000020                        _noinit = .
 *(.noinit .noinit.*)
                0x20000020                        . = ALIGN (0x4)
                0x20000020                        _end_noinit = .
                [!provide]                        PROVIDE (end = _end_noinit)
                [!provide]                        PROVIDE (_end = _end_noinit)
                [!provide]                        PROVIDE (__end = _end_noinit)
                [!provide]                        PROVIDE (__end__ = _end_noinit)

._check_stack   0x20000020      0x100
                0x20000120                        . = (. + _Minimum_Stack_Size)
 *fill*         0x20000020      0x100 

.b1text
 *(.b1text)
 *(.b1rodata)
 *(.b1rodata.*)

.eb0text
 *(.eb0text)
 *(.eb0rodata)
 *(.eb0rodata.*)

.eb1text
 *(.eb1text)
 *(.eb1rodata)
 *(.eb1rodata.*)

.eb2text
 *(.eb2text)
 *(.eb2rodata)
 *(.eb2rodata.*)

.eb3text
 *(.eb3text)
 *(.eb3rodata)
 *(.eb3rodata.*)

.stab
 *(.stab)

.stabstr
 *(.stabstr)

.stab.excl
 *(.stab.excl)

.stab.exclstr
 *(.stab.exclstr)

.stab.index
 *(.stab.index)

.stab.indexstr
 *(.stab.indexstr)

.comment        0x00000000       0x55
 *(.comment)
 .comment       0x00000000       0x55 b_BOOTLOADER_prog.o
                                 0x56 (size before relaxing)
 .comment       0x00000055       0x56 b__startup.o
 .comment       0x00000055       0x56 b__exit.o
 .comment       0x00000055       0x56 b__syscalls.o
 .comment       0x00000055       0x56 b__initialize_hardware.o
 .comment       0x00000055       0x56 b_exception_handlers.o
 .comment       0x00000055       0x56 b_system_stm32f4xx.o
 .comment       0x00000055       0x56 b_vectors_stm32f401xc.o

.ARM.attributes
                0x00000000       0x34
 .ARM.attributes
                0x00000000       0x34 b_BOOTLOADER_prog.o
 .ARM.attributes
                0x00000034       0x34 b__startup.o
 .ARM.attributes
                0x00000068       0x34 b__exit.o
 .ARM.attributes
                0x0000009c       0x34 b__syscalls.o
 .ARM.attributes
                0x000000d0       0x34 b__initialize_hardware.o
 .ARM.attributes
                0x00000104       0x34 b_exception_handlers.o
 .ARM.attributes
                0x00000138       0x34 b_system_stm32f4xx.o
 .ARM.attributes
                0x0000016c       0x34 b_vectors_stm32f401xc.o

.debug
 *(.debug)

.line
 *(.line)

.debug_srcinfo
 *(.debug_srcinfo)

.debug_sfnames
 *(.debug_sfnames)

.debug_aranges  0x00000000      0x1d0
 *(.debug_aranges)
 .debug_aranges
                0x00000000       0x48 b_BOOTLOADER_prog.o
 .debug_aranges
                0x00000048       0x40 b__startup.o
 .debug_aranges
                0x00000088       0x28 b__exit.o
 .debug_aranges
                0x000000b0       0x30 b__syscalls.o
 .debug_aranges
                0x000000e0       0x28 b__initialize_hardware.o
 .debug_aranges
                0x00000108       0x80 b_exception_handlers.o
 .debug_aranges
                0x00000188       0x28 b_system_stm32f4xx.o
 .debug_aranges
                0x000001b0       0x20 b_vectors_stm32f401xc.o

.debug_pubnames
 *(.debug_pubnames)

.debug_info     0x00000000     0x152d
 *(.debug_info .gnu.linkonce.wi.*)
 .debug_info    0x00000000      0x3fc b_BOOTLOADER_prog.o
 .debug_info    0x000003fc      0x3ec b__startup.o
 .debug_info    0x000007e8       0xda b__exit.o
 .debug_info    0x000008c2      0x1a4 b__syscalls.o
 .debug_info    0x00000a66      0x263 b__initialize_hardware.o
 .debug_info    0x00000cc9      0x25f b_exception_handlers.o
 .debug_info    0x00000f28      0x4fa b_system_stm32f4xx.o
 .debug_info    0x00001422      0x10b b_vectors_stm32f401xc.o

.debug_abbrev   0x00000000      0x919
 *(.debug_abbrev)
 .debug_abbrev  0x00000000      0x1b2 b_BOOTLOADER_prog.o
 .debug_abbrev  0x000001b2      0x1ca b__startup.o
 .debug_abbrev  0x0000037c       0xab b__exit.o
 .debug_abbrev  0x00000427      0x10c b__syscalls.o
 .debug_abbrev  0x00000533       0xe3 b__initialize_hardware.o
 .debug_abbrev  0x00000616      0x11f b_exception_handlers.o
 .debug_abbrev  0x00000735      0x12c b_system_stm32f4xx.o
 .debug_abbrev  0x00000861       0xb8 b_vectors_stm32f401xc.o

.debug_line     0x00000000     0x39eb
 *(.debug_line)
 .debug_line    0x00000000      0xb64 b_BOOTLOADER_prog.o
 .debug_line    0x00000b64      0x509 b__startup.o
 .debug_line    0x0000106d      0x3a7 b__exit.o
 .debug_line    0x00001414      0x49c b__syscalls.o
 .debug_line    0x000018b0      0x9f1 b__initialize_hardware.o
 .debug_line    0x000022a1      0xbc0 b_exception_handlers.o
 .debug_line    0x00002e61      0xa6b b_system_stm32f4xx.o
 .debug_line    0x000038cc      0x11f b_vectors_stm32f401xc.o

.debug_frame    0x00000000      0x480
 *(.debug_frame)
 .debug_frame   0x00000000       0xdc b_BOOTLOADER_prog.o
 .debug_frame   0x000000dc       0xc8 b__startup.o
 .debug_frame   0x000001a4       0x4c b__exit.o
 .debug_frame   0x000001f0       0x80 b__syscalls.o
 .debug_frame   0x00000270       0x48 b__initialize_hardware.o
 .debug_frame   0x000002b8      0x148 b_exception_handlers.o
 .debug_frame   0x00000400       0x58 b_system_stm32f4xx.o
 .debug_frame   0x00000458       0x28 b_vectors_stm32f401xc.o

.debug_str      0x00000000    0x72324
 *(.debug_str)
 .debug_str     0x00000000    0x6e96e b_BOOTLOADER_prog.o
                              0x6ec1e (size before relaxing)
 .debug_str     0x0006e96e      0xcb7 b__startup.o
                               0x6706 (size before relaxing)
 .debug_str     0x0006f625     0x10c4 b__exit.o
                               0x7c77 (size before relaxing)
 .debug_str     0x000706e9     0x181c b__syscalls.o
                               0x8e71 (size before relaxing)
 .debug_str     0x00071f05       0x77 b__initialize_hardware.o
                              0x6e9c3 (size before relaxing)
 .debug_str     0x00071f7c      0x1db b_exception_handlers.o
                              0x7050d (size before relaxing)
 .debug_str     0x00072157      0x174 b_system_stm32f4xx.o
                              0x6eab4 (size before relaxing)
 .debug_str     0x000722cb       0x59 b_vectors_stm32f401xc.o
                               0x3a66 (size before relaxing)

.debug_loc
 *(.debug_loc)

.debug_macinfo
 *(.debug_macinfo)

.debug_weaknames
 *(.debug_weaknames)

.debug_funcnames
 *(.debug_funcnames)

.debug_typenames
 *(.debug_typenames)

.debug_varnames
 *(.debug_varnames)
OUTPUT(bootloader.elf elf32-littlearm)
LOAD linker stubs

.debug_rnglists
                0x00000000      0x137
 .debug_rnglists
                0x00000000       0x32 b_BOOTLOADER_prog.o
 .debug_rnglists
                0x00000032       0x2c b__startup.o
 .debug_rnglists
                0x0000005e       0x19 b__exit.o
 .debug_rnglists
                0x00000077       0x1f b__syscalls.o
 .debug_rnglists
                0x00000096       0x19 b__initialize_hardware.o
 .debug_rnglists
                0x000000af       0x5b b_exception_handlers.o
 .debug_rnglists
                0x0000010a       0x1a b_system_stm32f4xx.o
 .debug_rnglists
                0x00000124       0x13 b_vectors_stm32f401xc.o

.debug_macro    0x00000000    0x128e7
 .debug_macro   0x00000000      0x47e b_BOOTLOADER_prog.o
 .debug_macro   0x0000047e      0xacc b_BOOTLOADER_prog.o
 .debug_macro   0x00000f4a       0x31 b_BOOTLOADER_prog.o
 .debug_macro   0x00000f7b       0x28 b_BOOTLOADER_prog.o
 .debug_macro   0x00000fa3      0x34e b_BOOTLOADER_prog.o
 .debug_macro   0x000012f1       0x35 b_BOOTLOADER_prog.o
 .debug_macro   0x00001326       0x50 b_BOOTLOADER_prog.o
 .debug_macro   0x00001376      0xe66 b_BOOTLOADER_prog.o
 .debug_macro   0x000021dc     0x5099 b_BOOTLOADER_prog.o
 .debug_macro   0x00007275       0x43 b_BOOTLOADER_prog.o
 .debug_macro   0x000072b8      0x289 b_BOOTLOADER_prog.o
 .debug_macro   0x00007541     0x347f b_BOOTLOADER_prog.o
 .debug_macro   0x0000a9c0       0x22 b_BOOTLOADER_prog.o
 .debug_macro   0x0000a9e2       0x75 b_BOOTLOADER_prog.o
 .debug_macro   0x0000aa57       0x2a b_BOOTLOADER_prog.o
 .debug_macro   0x0000aa81       0x94 b_BOOTLOADER_prog.o
 .debug_macro   0x0000ab15       0x3c b_BOOTLOADER_prog.o
 .debug_macro   0x0000ab51       0x34 b_BOOTLOADER_prog.o
 .debug_macro   0x0000ab85       0x16 b_BOOTLOADER_prog.o
 .debug_macro   0x0000ab9b       0x57 b_BOOTLOADER_prog.o
 .debug_macro   0x0000abf2       0x9e b_BOOTLOADER_prog.o
 .debug_macro   0x0000ac90      0x369 b_BOOTLOADER_prog.o
 .debug_macro   0x0000aff9      0x10b b_BOOTLOADER_prog.o
 .debug_macro   0x0000b104       0x10 b_BOOTLOADER_prog.o
 .debug_macro   0x0000b114       0x16 b_BOOTLOADER_prog.o
 .debug_macro   0x0000b12a       0x43 b_BOOTLOADER_prog.o
 .debug_macro   0x0000b16d       0x34 b_BOOTLOADER_prog.o
 .debug_macro   0x0000b1a1       0x10 b_BOOTLOADER_prog.o
 .debug_macro   0x0000b1b1       0x58 b_BOOTLOADER_prog.o
 .debug_macro   0x0000b209      0x1de b_BOOTLOADER_prog.o
 .debug_macro   0x0000b3e7       0x16 b_BOOTLOADER_prog.o
 .debug_macro   0x0000b3fd       0x16 b_BOOTLOADER_prog.o
 .debug_macro   0x0000b413      0x170 b_BOOTLOADER_prog.o
 .debug_macro   0x0000b583       0x57 b_BOOTLOADER_prog.o
 .debug_macro   0x0000b5da      0x424 b_BOOTLOADER_prog.o
 .debug_macro   0x0000b9fe      0x9e1 b_BOOTLOADER_prog.o
 .debug_macro   0x0000c3df      0x11e b_BOOTLOADER_prog.o
 .debug_macro   0x0000c4fd       0xf8 b_BOOTLOADER_prog.o
 .debug_macro   0x0000c5f5       0x27 b_BOOTLOADER_prog.o
 .debug_macro   0x0000c61c      0x287 b_BOOTLOADER_prog.o
 .debug_macro   0x0000c8a3       0x5f b_BOOTLOADER_prog.o
 .debug_macro   0x0000c902      0x23a b_BOOTLOADER_prog.o
 .debug_macro   0x0000cb3c      0x391 b_BOOTLOADER_prog.o
 .debug_macro   0x0000cecd      0x16f b_BOOTLOADER_prog.o
 .debug_macro   0x0000d03c       0xf9 b_BOOTLOADER_prog.o
 .debug_macro   0x0000d135       0x23 b_BOOTLOADER_prog.o
 .debug_macro   0x0000d158      0x13a b_BOOTLOADER_prog.o
 .debug_macro   0x0000d292      0x23a b_BOOTLOADER_prog.o
 .debug_macro   0x0000d4cc       0x2e b_BOOTLOADER_prog.o
 .debug_macro   0x0000d4fa      0x1a7 b_BOOTLOADER_prog.o
 .debug_macro   0x0000d6a1       0x22 b_BOOTLOADER_prog.o
 .debug_macro   0x0000d6c3       0xa5 b_BOOTLOADER_prog.o
 .debug_macro   0x0000d768      0x18b b_BOOTLOADER_prog.o
 .debug_macro   0x0000d8f3       0x24 b_BOOTLOADER_prog.o
 .debug_macro   0x0000d917       0x35 b_BOOTLOADER_prog.o
 .debug_macro   0x0000d94c       0x79 b_BOOTLOADER_prog.o
 .debug_macro   0x0000d9c5      0x11e b_BOOTLOADER_prog.o
 .debug_macro   0x0000dae3       0x85 b_BOOTLOADER_prog.o
 .debug_macro   0x0000db68       0x89 b_BOOTLOADER_prog.o
 .debug_macro   0x0000dbf1      0x31a b_BOOTLOADER_prog.o
 .debug_macro   0x0000df0b      0x409 b_BOOTLOADER_prog.o
 .debug_macro   0x0000e314       0xe4 b_BOOTLOADER_prog.o
 .debug_macro   0x0000e3f8      0x48d b_BOOTLOADER_prog.o
 .debug_macro   0x0000e885      0x22b b_BOOTLOADER_prog.o
 .debug_macro   0x0000eab0      0x202 b_BOOTLOADER_prog.o
 .debug_macro   0x0000ecb2      0x6d9 b_BOOTLOADER_prog.o
 .debug_macro   0x0000f38b       0x5b b_BOOTLOADER_prog.o
 .debug_macro   0x0000f3e6      0x14d b_BOOTLOADER_prog.o
 .debug_macro   0x0000f533      0x287 b_BOOTLOADER_prog.o
 .debug_macro   0x0000f7ba      0x225 b_BOOTLOADER_prog.o
 .debug_macro   0x0000f9df      0x1b5 b_BOOTLOADER_prog.o
 .debug_macro   0x0000fb94      0x2db b_BOOTLOADER_prog.o
 .debug_macro   0x0000fe6f       0x89 b_BOOTLOADER_prog.o
 .debug_macro   0x0000fef8      0x1df b_BOOTLOADER_prog.o
 .debug_macro   0x000100d7      0x115 b_BOOTLOADER_prog.o
 .debug_macro   0x000101ec       0x6e b_BOOTLOADER_prog.o
 .debug_macro   0x0001025a      0x11e b_BOOTLOADER_prog.o
 .debug_macro   0x00010378       0x28 b_BOOTLOADER_prog.o
 .debug_macro   0x000103a0       0x22 b_BOOTLOADER_prog.o
 .debug_macro   0x000103c2      0x15f b__startup.o
 .debug_macro   0x00010521      0x189 b__startup.o
 .debug_macro   0x000106aa       0x10 b__startup.o
 .debug_macro   0x000106ba       0x6a b__startup.o
 .debug_macro   0x00010724       0x1c b__startup.o
 .debug_macro   0x00010740       0x52 b__startup.o
 .debug_macro   0x00010792       0x22 b__startup.o
 .debug_macro   0x000107b4       0x10 b__startup.o
 .debug_macro   0x000107c4       0x52 b__startup.o
 .debug_macro   0x00010816       0xcf b__startup.o
 .debug_macro   0x000108e5       0x1c b__startup.o
 .debug_macro   0x00010901       0x3d b__startup.o
 .debug_macro   0x0001093e      0x1ae b__exit.o
 .debug_macro   0x00010aec       0x16 b__exit.o
 .debug_macro   0x00010b02      0x11c b__exit.o
 .debug_macro   0x00010c1e       0x94 b__exit.o
 .debug_macro   0x00010cb2       0x16 b__exit.o
 .debug_macro   0x00010cc8       0x29 b__exit.o
 .debug_macro   0x00010cf1       0x16 b__exit.o
 .debug_macro   0x00010d07       0x35 b__exit.o
 .debug_macro   0x00010d3c      0x51a b__exit.o
 .debug_macro   0x00011256      0x206 b__syscalls.o
 .debug_macro   0x0001145c       0x1c b__syscalls.o
 .debug_macro   0x00011478       0x10 b__syscalls.o
 .debug_macro   0x00011488       0x10 b__syscalls.o
 .debug_macro   0x00011498       0x10 b__syscalls.o
 .debug_macro   0x000114a8       0x35 b__syscalls.o
 .debug_macro   0x000114dd      0x12c b__syscalls.o
 .debug_macro   0x00011609       0xce b__syscalls.o
 .debug_macro   0x000116d7      0x10c b__syscalls.o
 .debug_macro   0x000117e3      0x18a b__syscalls.o
 .debug_macro   0x0001196d       0x16 b__syscalls.o
 .debug_macro   0x00011983      0x458 b__initialize_hardware.o
 .debug_macro   0x00011ddb      0x550 b_exception_handlers.o
 .debug_macro   0x0001232b       0x3b b_exception_handlers.o
 .debug_macro   0x00012366       0x22 b_exception_handlers.o
 .debug_macro   0x00012388       0xc1 b_exception_handlers.o
 .debug_macro   0x00012449       0x16 b_exception_handlers.o
 .debug_macro   0x0001245f      0x454 b_system_stm32f4xx.o
 .debug_macro   0x000128b3       0x34 b_vectors_stm32f401xc.o
